<?xml version="1.0"?>
<link_info>
   <banner>TMS320C2000 Linker PC v15.12.1.LTS</banner>
   <copyright>Copyright (c) 1996-2015 Texas Instruments Incorporated</copyright>
   <link_time>0x5b76bb85</link_time>
   <link_errors>0x0</link_errors>
   <output_file>LVControl_YP20180123.out</output_file>
   <entry_point>
      <name>_c_int00</name>
      <address>0x3229fb</address>
   </entry_point>
   <input_file_list>
      <input_file id="fl-2">
         <path>.\DSP2833x_common\source\</path>
         <kind>object</kind>
         <file>DSP2833x_ADC_cal.obj</file>
         <name>DSP2833x_ADC_cal.obj</name>
      </input_file>
      <input_file id="fl-3">
         <path>.\DSP2833x_common\source\</path>
         <kind>object</kind>
         <file>DSP2833x_Adc.obj</file>
         <name>DSP2833x_Adc.obj</name>
      </input_file>
      <input_file id="fl-4">
         <path>.\DSP2833x_common\source\</path>
         <kind>object</kind>
         <file>DSP2833x_Clock.obj</file>
         <name>DSP2833x_Clock.obj</name>
      </input_file>
      <input_file id="fl-5">
         <path>.\DSP2833x_common\source\</path>
         <kind>object</kind>
         <file>DSP2833x_DMA.obj</file>
         <name>DSP2833x_DMA.obj</name>
      </input_file>
      <input_file id="fl-6">
         <path>.\DSP2833x_common\source\</path>
         <kind>object</kind>
         <file>DSP2833x_DefaultIsr.obj</file>
         <name>DSP2833x_DefaultIsr.obj</name>
      </input_file>
      <input_file id="fl-7">
         <path>.\DSP2833x_common\source\</path>
         <kind>object</kind>
         <file>DSP2833x_EPwm.obj</file>
         <name>DSP2833x_EPwm.obj</name>
      </input_file>
      <input_file id="fl-8">
         <path>.\DSP2833x_common\source\</path>
         <kind>object</kind>
         <file>DSP2833x_Flash.obj</file>
         <name>DSP2833x_Flash.obj</name>
      </input_file>
      <input_file id="fl-9">
         <path>.\DSP2833x_common\source\</path>
         <kind>object</kind>
         <file>DSP2833x_GlobalVariableDefs.obj</file>
         <name>DSP2833x_GlobalVariableDefs.obj</name>
      </input_file>
      <input_file id="fl-a">
         <path>.\DSP2833x_common\source\</path>
         <kind>object</kind>
         <file>DSP2833x_Gpio.obj</file>
         <name>DSP2833x_Gpio.obj</name>
      </input_file>
      <input_file id="fl-b">
         <path>.\DSP2833x_common\source\</path>
         <kind>object</kind>
         <file>DSP2833x_MemCopy.obj</file>
         <name>DSP2833x_MemCopy.obj</name>
      </input_file>
      <input_file id="fl-c">
         <path>.\DSP2833x_common\source\</path>
         <kind>object</kind>
         <file>DSP2833x_PieCtrl.obj</file>
         <name>DSP2833x_PieCtrl.obj</name>
      </input_file>
      <input_file id="fl-d">
         <path>.\DSP2833x_common\source\</path>
         <kind>object</kind>
         <file>DSP2833x_PieVect.obj</file>
         <name>DSP2833x_PieVect.obj</name>
      </input_file>
      <input_file id="fl-e">
         <path>.\DSP2833x_common\source\</path>
         <kind>object</kind>
         <file>DSP2833x_SysPerInit.obj</file>
         <name>DSP2833x_SysPerInit.obj</name>
      </input_file>
      <input_file id="fl-f">
         <path>.\DSP2833x_common\source\</path>
         <kind>object</kind>
         <file>DSP2833x_WatchDog.obj</file>
         <name>DSP2833x_WatchDog.obj</name>
      </input_file>
      <input_file id="fl-10">
         <path>.\DSP2833x_common\source\</path>
         <kind>object</kind>
         <file>DSP2833x_Xintf.obj</file>
         <name>DSP2833x_Xintf.obj</name>
      </input_file>
      <input_file id="fl-11">
         <path>.\DSP2833x_common\source\</path>
         <kind>object</kind>
         <file>DSP2833x_usDelay.obj</file>
         <name>DSP2833x_usDelay.obj</name>
      </input_file>
      <input_file id="fl-12">
         <path>.\DSP2833x_common\source\</path>
         <kind>object</kind>
         <file>DSP28xxx_CodeStartBranch_flash.obj</file>
         <name>DSP28xxx_CodeStartBranch_flash.obj</name>
      </input_file>
      <input_file id="fl-13">
         <path>.\algorithm\source\</path>
         <kind>object</kind>
         <file>Algorithm.obj</file>
         <name>Algorithm.obj</name>
      </input_file>
      <input_file id="fl-14">
         <path>.\algorithm\source\</path>
         <kind>object</kind>
         <file>PMSM_Control.obj</file>
         <name>PMSM_Control.obj</name>
      </input_file>
      <input_file id="fl-15">
         <path>.\algorithm\source\</path>
         <kind>object</kind>
         <file>Svpwm.obj</file>
         <name>Svpwm.obj</name>
      </input_file>
      <input_file id="fl-16">
         <path>.\algorithm\source\</path>
         <kind>object</kind>
         <file>VC_SLVC_PARA_inti.obj</file>
         <name>VC_SLVC_PARA_inti.obj</name>
      </input_file>
      <input_file id="fl-17">
         <path>.\algorithm\source\</path>
         <kind>object</kind>
         <file>VVVF.obj</file>
         <name>VVVF.obj</name>
      </input_file>
      <input_file id="fl-18">
         <path>.\algorithm\source\</path>
         <kind>object</kind>
         <file>Vectorcontrol.obj</file>
         <name>Vectorcontrol.obj</name>
      </input_file>
      <input_file id="fl-19">
         <path>.\algorithm\source\</path>
         <kind>object</kind>
         <file>common_struct.obj</file>
         <name>common_struct.obj</name>
      </input_file>
      <input_file id="fl-1a">
         <path>.\algorithm\source\</path>
         <kind>object</kind>
         <file>vc_slvc_parameter.obj</file>
         <name>vc_slvc_parameter.obj</name>
      </input_file>
      <input_file id="fl-1b">
         <path>.\libs\FPUfastRTS\V100\source\</path>
         <kind>object</kind>
         <file>FPUmathTables.obj</file>
         <name>FPUmathTables.obj</name>
      </input_file>
      <input_file id="fl-1c">
         <path>.\libs\FPUfastRTS\V100\source\</path>
         <kind>object</kind>
         <file>atan2_f32.obj</file>
         <name>atan2_f32.obj</name>
      </input_file>
      <input_file id="fl-1d">
         <path>.\libs\FPUfastRTS\V100\source\</path>
         <kind>object</kind>
         <file>atan_f32.obj</file>
         <name>atan_f32.obj</name>
      </input_file>
      <input_file id="fl-1e">
         <path>.\libs\FPUfastRTS\V100\source\</path>
         <kind>object</kind>
         <file>cos_f32.obj</file>
         <name>cos_f32.obj</name>
      </input_file>
      <input_file id="fl-1f">
         <path>.\libs\FPUfastRTS\V100\source\</path>
         <kind>object</kind>
         <file>div_f32.obj</file>
         <name>div_f32.obj</name>
      </input_file>
      <input_file id="fl-20">
         <path>.\libs\FPUfastRTS\V100\source\</path>
         <kind>object</kind>
         <file>isqrt_f32.obj</file>
         <name>isqrt_f32.obj</name>
      </input_file>
      <input_file id="fl-21">
         <path>.\libs\FPUfastRTS\V100\source\</path>
         <kind>object</kind>
         <file>sin_f32.obj</file>
         <name>sin_f32.obj</name>
      </input_file>
      <input_file id="fl-22">
         <path>.\libs\FPUfastRTS\V100\source\</path>
         <kind>object</kind>
         <file>sincos_f32.obj</file>
         <name>sincos_f32.obj</name>
      </input_file>
      <input_file id="fl-23">
         <path>.\libs\FPUfastRTS\V100\source\</path>
         <kind>object</kind>
         <file>sqrt_f32.obj</file>
         <name>sqrt_f32.obj</name>
      </input_file>
      <input_file id="fl-24">
         <path>.\source\</path>
         <kind>object</kind>
         <file>COMMInterface.obj</file>
         <name>COMMInterface.obj</name>
      </input_file>
      <input_file id="fl-25">
         <path>.\source\</path>
         <kind>object</kind>
         <file>FpgaInf.obj</file>
         <name>FpgaInf.obj</name>
      </input_file>
      <input_file id="fl-26">
         <path>.\source\</path>
         <kind>object</kind>
         <file>SysCtl_AnalogProcess.obj</file>
         <name>SysCtl_AnalogProcess.obj</name>
      </input_file>
      <input_file id="fl-27">
         <path>.\source\</path>
         <kind>object</kind>
         <file>SysCtl_DA_ScopeAssing.obj</file>
         <name>SysCtl_DA_ScopeAssing.obj</name>
      </input_file>
      <input_file id="fl-28">
         <path>.\source\</path>
         <kind>object</kind>
         <file>SysCtl_GlobalVar.obj</file>
         <name>SysCtl_GlobalVar.obj</name>
      </input_file>
      <input_file id="fl-29">
         <path>.\source\</path>
         <kind>object</kind>
         <file>SysCtl_SysMoore.obj</file>
         <name>SysCtl_SysMoore.obj</name>
      </input_file>
      <input_file id="fl-2a">
         <path>.\source\</path>
         <kind>object</kind>
         <file>Sys_Isr_Controller.obj</file>
         <name>Sys_Isr_Controller.obj</name>
      </input_file>
      <input_file id="fl-2b">
         <path>.\source\</path>
         <kind>object</kind>
         <file>Sys_Main.obj</file>
         <name>Sys_Main.obj</name>
      </input_file>
      <input_file id="fl-37">
         <path>..\libs\</path>
         <kind>archive</kind>
         <file>VC_module.lib</file>
         <name>cur_vol_model.obj</name>
      </input_file>
      <input_file id="fl-38">
         <path>..\libs\</path>
         <kind>archive</kind>
         <file>VC_module.lib</file>
         <name>Exciting_Current.obj</name>
      </input_file>
      <input_file id="fl-39">
         <path>..\libs\</path>
         <kind>archive</kind>
         <file>VC_module.lib</file>
         <name>Slip.obj</name>
      </input_file>
      <input_file id="fl-3a">
         <path>..\libs\</path>
         <kind>archive</kind>
         <file>VC_module.lib</file>
         <name>speed_kpki.obj</name>
      </input_file>
      <input_file id="fl-3b">
         <path>..\libs\</path>
         <kind>archive</kind>
         <file>VC_understructure.lib</file>
         <name>DMC_PI.obj</name>
      </input_file>
      <input_file id="fl-3c">
         <path>..\libs\</path>
         <kind>archive</kind>
         <file>VC_understructure.lib</file>
         <name>filter.obj</name>
      </input_file>
      <input_file id="fl-3d">
         <path>..\libs\</path>
         <kind>archive</kind>
         <file>VC_understructure.lib</file>
         <name>Inertia1order.obj</name>
      </input_file>
      <input_file id="fl-3e">
         <path>..\libs\</path>
         <kind>archive</kind>
         <file>VC_understructure.lib</file>
         <name>Interg.obj</name>
      </input_file>
      <input_file id="fl-3f">
         <path>..\libs\</path>
         <kind>archive</kind>
         <file>VC_understructure.lib</file>
         <name>LPF.obj</name>
      </input_file>
      <input_file id="fl-40">
         <path>..\libs\</path>
         <kind>archive</kind>
         <file>VC_understructure.lib</file>
         <name>Ratelimit.obj</name>
      </input_file>
      <input_file id="fl-41">
         <path>..\libs\</path>
         <kind>archive</kind>
         <file>speedtest_vol.lib</file>
         <name>Vector_SpeedTEST.obj</name>
      </input_file>
      <input_file id="fl-47">
         <path>D:\ti\ccsv6\tools\compiler\ti-cgt-c2000_15.12.1.LTS\lib\</path>
         <kind>archive</kind>
         <file>rts2800_fpu32.lib</file>
         <name>boot.obj</name>
      </input_file>
      <input_file id="fl-48">
         <path>D:\ti\ccsv6\tools\compiler\ti-cgt-c2000_15.12.1.LTS\lib\</path>
         <kind>archive</kind>
         <file>rts2800_fpu32.lib</file>
         <name>cpy_tbl.obj</name>
      </input_file>
      <input_file id="fl-49">
         <path>D:\ti\ccsv6\tools\compiler\ti-cgt-c2000_15.12.1.LTS\lib\</path>
         <kind>archive</kind>
         <file>rts2800_fpu32.lib</file>
         <name>cpy_utils.obj</name>
      </input_file>
      <input_file id="fl-4a">
         <path>D:\ti\ccsv6\tools\compiler\ti-cgt-c2000_15.12.1.LTS\lib\</path>
         <kind>archive</kind>
         <file>rts2800_fpu32.lib</file>
         <name>exit.obj</name>
      </input_file>
      <input_file id="fl-4b">
         <path>D:\ti\ccsv6\tools\compiler\ti-cgt-c2000_15.12.1.LTS\lib\</path>
         <kind>archive</kind>
         <file>rts2800_fpu32.lib</file>
         <name>i_div.obj</name>
      </input_file>
      <input_file id="fl-4c">
         <path>D:\ti\ccsv6\tools\compiler\ti-cgt-c2000_15.12.1.LTS\lib\</path>
         <kind>archive</kind>
         <file>rts2800_fpu32.lib</file>
         <name>pre_init.obj</name>
      </input_file>
      <input_file id="fl-4d">
         <path>D:\ti\ccsv6\tools\compiler\ti-cgt-c2000_15.12.1.LTS\lib\</path>
         <kind>archive</kind>
         <file>rts2800_fpu32.lib</file>
         <name>startup.obj</name>
      </input_file>
      <input_file id="fl-4e">
         <path>D:\ti\ccsv6\tools\compiler\ti-cgt-c2000_15.12.1.LTS\lib\</path>
         <kind>archive</kind>
         <file>rts2800_fpu32.lib</file>
         <name>_lock.obj</name>
      </input_file>
      <input_file id="fl-4f">
         <path>D:\ti\ccsv6\tools\compiler\ti-cgt-c2000_15.12.1.LTS\lib\</path>
         <kind>archive</kind>
         <file>rts2800_fpu32.lib</file>
         <name>args_main.obj</name>
      </input_file>
   </input_file_list>
   <object_component_list>
      <object_component id="oc-97">
         <name>PieVectTableFile</name>
         <uninitialized>true</uninitialized>
         <run_address>0xd00</run_address>
         <size>0x100</size>
         <input_file_ref idref="fl-9"/>
      </object_component>
      <object_component id="oc-95">
         <name>DevEmuRegsFile</name>
         <uninitialized>true</uninitialized>
         <run_address>0x880</run_address>
         <size>0xd0</size>
         <input_file_ref idref="fl-9"/>
      </object_component>
      <object_component id="oc-7a">
         <name>FlashRegsFile</name>
         <uninitialized>true</uninitialized>
         <run_address>0xa80</run_address>
         <size>0x8</size>
         <input_file_ref idref="fl-9"/>
      </object_component>
      <object_component id="oc-7f">
         <name>CsmRegsFile</name>
         <uninitialized>true</uninitialized>
         <run_address>0xae0</run_address>
         <size>0x10</size>
         <input_file_ref idref="fl-9"/>
      </object_component>
      <object_component id="oc-7e">
         <name>AdcMirrorFile</name>
         <uninitialized>true</uninitialized>
         <run_address>0xb00</run_address>
         <size>0x10</size>
         <input_file_ref idref="fl-9"/>
      </object_component>
      <object_component id="oc-83">
         <name>XintfRegsFile</name>
         <uninitialized>true</uninitialized>
         <run_address>0xb20</run_address>
         <size>0x1e</size>
         <input_file_ref idref="fl-9"/>
      </object_component>
      <object_component id="oc-7b">
         <name>CpuTimer0RegsFile</name>
         <uninitialized>true</uninitialized>
         <run_address>0xc00</run_address>
         <size>0x8</size>
         <input_file_ref idref="fl-9"/>
      </object_component>
      <object_component id="oc-79">
         <name>CpuTimer1RegsFile</name>
         <uninitialized>true</uninitialized>
         <run_address>0xc08</run_address>
         <size>0x8</size>
         <input_file_ref idref="fl-9"/>
      </object_component>
      <object_component id="oc-78">
         <name>CpuTimer2RegsFile</name>
         <uninitialized>true</uninitialized>
         <run_address>0xc10</run_address>
         <size>0x8</size>
         <input_file_ref idref="fl-9"/>
      </object_component>
      <object_component id="oc-81">
         <name>PieCtrlRegsFile</name>
         <uninitialized>true</uninitialized>
         <run_address>0xce0</run_address>
         <size>0x1a</size>
         <input_file_ref idref="fl-9"/>
      </object_component>
      <object_component id="oc-96">
         <name>DmaRegsFile</name>
         <uninitialized>true</uninitialized>
         <run_address>0x1000</run_address>
         <size>0xe0</size>
         <input_file_ref idref="fl-9"/>
      </object_component>
      <object_component id="oc-91">
         <name>EPwm1RegsFile</name>
         <uninitialized>true</uninitialized>
         <run_address>0x6800</run_address>
         <size>0x22</size>
         <input_file_ref idref="fl-9"/>
      </object_component>
      <object_component id="oc-8e">
         <name>EPwm2RegsFile</name>
         <uninitialized>true</uninitialized>
         <run_address>0x6840</run_address>
         <size>0x22</size>
         <input_file_ref idref="fl-9"/>
      </object_component>
      <object_component id="oc-8f">
         <name>EPwm3RegsFile</name>
         <uninitialized>true</uninitialized>
         <run_address>0x6880</run_address>
         <size>0x22</size>
         <input_file_ref idref="fl-9"/>
      </object_component>
      <object_component id="oc-8c">
         <name>EPwm4RegsFile</name>
         <uninitialized>true</uninitialized>
         <run_address>0x68c0</run_address>
         <size>0x22</size>
         <input_file_ref idref="fl-9"/>
      </object_component>
      <object_component id="oc-8d">
         <name>EPwm5RegsFile</name>
         <uninitialized>true</uninitialized>
         <run_address>0x6900</run_address>
         <size>0x22</size>
         <input_file_ref idref="fl-9"/>
      </object_component>
      <object_component id="oc-90">
         <name>EPwm6RegsFile</name>
         <uninitialized>true</uninitialized>
         <run_address>0x6940</run_address>
         <size>0x22</size>
         <input_file_ref idref="fl-9"/>
      </object_component>
      <object_component id="oc-8b">
         <name>ECap1RegsFile</name>
         <uninitialized>true</uninitialized>
         <run_address>0x6a00</run_address>
         <size>0x20</size>
         <input_file_ref idref="fl-9"/>
      </object_component>
      <object_component id="oc-89">
         <name>ECap2RegsFile</name>
         <uninitialized>true</uninitialized>
         <run_address>0x6a20</run_address>
         <size>0x20</size>
         <input_file_ref idref="fl-9"/>
      </object_component>
      <object_component id="oc-85">
         <name>ECap3RegsFile</name>
         <uninitialized>true</uninitialized>
         <run_address>0x6a40</run_address>
         <size>0x20</size>
         <input_file_ref idref="fl-9"/>
      </object_component>
      <object_component id="oc-84">
         <name>ECap4RegsFile</name>
         <uninitialized>true</uninitialized>
         <run_address>0x6a60</run_address>
         <size>0x20</size>
         <input_file_ref idref="fl-9"/>
      </object_component>
      <object_component id="oc-86">
         <name>ECap5RegsFile</name>
         <uninitialized>true</uninitialized>
         <run_address>0x6a80</run_address>
         <size>0x20</size>
         <input_file_ref idref="fl-9"/>
      </object_component>
      <object_component id="oc-88">
         <name>ECap6RegsFile</name>
         <uninitialized>true</uninitialized>
         <run_address>0x6aa0</run_address>
         <size>0x20</size>
         <input_file_ref idref="fl-9"/>
      </object_component>
      <object_component id="oc-93">
         <name>EQep1RegsFile</name>
         <uninitialized>true</uninitialized>
         <run_address>0x6b00</run_address>
         <size>0x40</size>
         <input_file_ref idref="fl-9"/>
      </object_component>
      <object_component id="oc-94">
         <name>EQep2RegsFile</name>
         <uninitialized>true</uninitialized>
         <run_address>0x6b40</run_address>
         <size>0x40</size>
         <input_file_ref idref="fl-9"/>
      </object_component>
      <object_component id="oc-92">
         <name>GpioCtrlRegsFile</name>
         <uninitialized>true</uninitialized>
         <run_address>0x6f80</run_address>
         <size>0x2e</size>
         <input_file_ref idref="fl-9"/>
      </object_component>
      <object_component id="oc-87">
         <name>GpioDataRegsFile</name>
         <uninitialized>true</uninitialized>
         <run_address>0x6fc0</run_address>
         <size>0x20</size>
         <input_file_ref idref="fl-9"/>
      </object_component>
      <object_component id="oc-7d">
         <name>GpioIntRegsFile</name>
         <uninitialized>true</uninitialized>
         <run_address>0x6fe0</run_address>
         <size>0xa</size>
         <input_file_ref idref="fl-9"/>
      </object_component>
      <object_component id="oc-8a">
         <name>SysCtrlRegsFile</name>
         <uninitialized>true</uninitialized>
         <run_address>0x7010</run_address>
         <size>0x20</size>
         <input_file_ref idref="fl-9"/>
      </object_component>
      <object_component id="oc-80">
         <name>XIntruptRegsFile</name>
         <uninitialized>true</uninitialized>
         <run_address>0x7070</run_address>
         <size>0x10</size>
         <input_file_ref idref="fl-9"/>
      </object_component>
      <object_component id="oc-82">
         <name>AdcRegsFile</name>
         <uninitialized>true</uninitialized>
         <run_address>0x7100</run_address>
         <size>0x1e</size>
         <input_file_ref idref="fl-9"/>
      </object_component>
      <object_component id="oc-7c">
         <name>CsmPwlFile</name>
         <uninitialized>true</uninitialized>
         <run_address>0x33fff8</run_address>
         <size>0x8</size>
         <input_file_ref idref="fl-9"/>
      </object_component>
      <object_component id="oc-132">
         <name>.cinit</name>
         <load_address>0x322ef6</load_address>
         <run_address>0x322ef6</run_address>
         <size>0x81d</size>
         <input_file_ref idref="fl-28"/>
      </object_component>
      <object_component id="oc-121">
         <name>.cinit</name>
         <load_address>0x323713</load_address>
         <run_address>0x323713</run_address>
         <size>0x4a</size>
         <input_file_ref idref="fl-25"/>
      </object_component>
      <object_component id="oc-e1">
         <name>.cinit</name>
         <load_address>0x32375d</load_address>
         <run_address>0x32375d</run_address>
         <size>0xf</size>
         <input_file_ref idref="fl-18"/>
      </object_component>
      <object_component id="oc-198">
         <name>.cinit</name>
         <load_address>0x32376c</load_address>
         <run_address>0x32376c</run_address>
         <size>0xe</size>
         <input_file_ref idref="fl-4a"/>
      </object_component>
      <object_component id="oc-176">
         <name>.cinit</name>
         <load_address>0x32377a</load_address>
         <run_address>0x32377a</run_address>
         <size>0x5</size>
         <input_file_ref idref="fl-3f"/>
      </object_component>
      <object_component id="oc-1ce">
         <name>.cinit:__lock</name>
         <load_address>0x32377f</load_address>
         <run_address>0x32377f</run_address>
         <size>0x5</size>
         <input_file_ref idref="fl-4e"/>
      </object_component>
      <object_component id="oc-1df">
         <name>.cinit:__unlock</name>
         <load_address>0x323784</load_address>
         <run_address>0x323784</run_address>
         <size>0x5</size>
         <input_file_ref idref="fl-4e"/>
      </object_component>
      <object_component id="oc-1bc">
         <name>.text</name>
         <load_address>0x31f82c</load_address>
         <run_address>0x31f82c</run_address>
         <size>0x7f0</size>
         <input_file_ref idref="fl-29"/>
      </object_component>
      <object_component id="oc-146">
         <name>.text</name>
         <load_address>0x32001c</load_address>
         <run_address>0x32001c</run_address>
         <size>0x67d</size>
         <input_file_ref idref="fl-37"/>
      </object_component>
      <object_component id="oc-1c8">
         <name>.text</name>
         <load_address>0x320699</load_address>
         <run_address>0x320699</run_address>
         <size>0x50d</size>
         <input_file_ref idref="fl-24"/>
      </object_component>
      <object_component id="oc-1d6">
         <name>.text</name>
         <load_address>0x320ba6</load_address>
         <run_address>0x320ba6</run_address>
         <size>0x437</size>
         <input_file_ref idref="fl-15"/>
      </object_component>
      <object_component id="oc-1d0">
         <name>.text</name>
         <load_address>0x320fdd</load_address>
         <run_address>0x320fdd</run_address>
         <size>0x3e9</size>
         <input_file_ref idref="fl-5"/>
      </object_component>
      <object_component id="oc-1c5">
         <name>.text</name>
         <load_address>0x3213c6</load_address>
         <run_address>0x3213c6</run_address>
         <size>0x31a</size>
         <input_file_ref idref="fl-1a"/>
      </object_component>
      <object_component id="oc-68">
         <name>.text:retain</name>
         <load_address>0x3216e0</load_address>
         <run_address>0x3216e0</run_address>
         <size>0x305</size>
         <input_file_ref idref="fl-6"/>
      </object_component>
      <object_component id="oc-1bd">
         <name>.text</name>
         <load_address>0x3219e5</load_address>
         <run_address>0x3219e5</run_address>
         <size>0x2b0</size>
         <input_file_ref idref="fl-17"/>
      </object_component>
      <object_component id="oc-13c">
         <name>.text:retain</name>
         <load_address>0x321c95</load_address>
         <run_address>0x321c95</run_address>
         <size>0x29e</size>
         <input_file_ref idref="fl-2a"/>
      </object_component>
      <object_component id="oc-1c0">
         <name>.text</name>
         <load_address>0x321f33</load_address>
         <run_address>0x321f33</run_address>
         <size>0x221</size>
         <input_file_ref idref="fl-26"/>
      </object_component>
      <object_component id="oc-1cb">
         <name>.text</name>
         <load_address>0x322154</load_address>
         <run_address>0x322154</run_address>
         <size>0x163</size>
         <input_file_ref idref="fl-27"/>
      </object_component>
      <object_component id="oc-1c6">
         <name>.text</name>
         <load_address>0x3222b7</load_address>
         <run_address>0x3222b7</run_address>
         <size>0xfb</size>
         <input_file_ref idref="fl-14"/>
      </object_component>
      <object_component id="oc-1bf">
         <name>.text</name>
         <load_address>0x3223b2</load_address>
         <run_address>0x3223b2</run_address>
         <size>0xf5</size>
         <input_file_ref idref="fl-13"/>
      </object_component>
      <object_component id="oc-1cf">
         <name>.text</name>
         <load_address>0x3224a7</load_address>
         <run_address>0x3224a7</run_address>
         <size>0xe5</size>
         <input_file_ref idref="fl-16"/>
      </object_component>
      <object_component id="oc-1e1">
         <name>.text</name>
         <load_address>0x32258c</load_address>
         <run_address>0x32258c</run_address>
         <size>0xe1</size>
         <input_file_ref idref="fl-4"/>
      </object_component>
      <object_component id="oc-181">
         <name>.text</name>
         <load_address>0x32266d</load_address>
         <run_address>0x32266d</run_address>
         <size>0xca</size>
         <input_file_ref idref="fl-41"/>
      </object_component>
      <object_component id="oc-1e3">
         <name>.text</name>
         <load_address>0x322737</load_address>
         <run_address>0x322737</run_address>
         <size>0xc0</size>
         <input_file_ref idref="fl-10"/>
      </object_component>
      <object_component id="oc-1cc">
         <name>.text</name>
         <load_address>0x3227f7</load_address>
         <run_address>0x3227f7</run_address>
         <size>0xb7</size>
         <input_file_ref idref="fl-2b"/>
      </object_component>
      <object_component id="oc-1c2">
         <name>.text</name>
         <load_address>0x3228ae</load_address>
         <run_address>0x3228ae</run_address>
         <size>0x7f</size>
         <input_file_ref idref="fl-18"/>
      </object_component>
      <object_component id="oc-1e6">
         <name>.text</name>
         <load_address>0x32292d</load_address>
         <run_address>0x32292d</run_address>
         <size>0x72</size>
         <input_file_ref idref="fl-3"/>
      </object_component>
      <object_component id="oc-1c9">
         <name>.text</name>
         <load_address>0x32299f</load_address>
         <run_address>0x32299f</run_address>
         <size>0x5c</size>
         <input_file_ref idref="fl-2a"/>
      </object_component>
      <object_component id="oc-52">
         <name>.text</name>
         <load_address>0x3229fb</load_address>
         <run_address>0x3229fb</run_address>
         <size>0x56</size>
         <input_file_ref idref="fl-47"/>
      </object_component>
      <object_component id="oc-1e5">
         <name>.text</name>
         <load_address>0x322a51</load_address>
         <run_address>0x322a51</run_address>
         <size>0x54</size>
         <input_file_ref idref="fl-a"/>
      </object_component>
      <object_component id="oc-f2">
         <name>.text</name>
         <load_address>0x322aa5</load_address>
         <run_address>0x322aa5</run_address>
         <size>0x4f</size>
         <input_file_ref idref="fl-1c"/>
      </object_component>
      <object_component id="oc-1ca">
         <name>.text</name>
         <load_address>0x322af4</load_address>
         <run_address>0x322af4</run_address>
         <size>0x4e</size>
         <input_file_ref idref="fl-25"/>
      </object_component>
      <object_component id="oc-1dd">
         <name>.text</name>
         <load_address>0x322b42</load_address>
         <run_address>0x322b42</run_address>
         <size>0x4d</size>
         <input_file_ref idref="fl-c"/>
      </object_component>
      <object_component id="oc-f7">
         <name>.text</name>
         <load_address>0x322b8f</load_address>
         <run_address>0x322b8f</run_address>
         <size>0x4a</size>
         <input_file_ref idref="fl-1d"/>
      </object_component>
      <object_component id="oc-15d">
         <name>.text</name>
         <load_address>0x322bd9</load_address>
         <run_address>0x322bd9</run_address>
         <size>0x48</size>
         <input_file_ref idref="fl-3b"/>
      </object_component>
      <object_component id="oc-1b8">
         <name>.text</name>
         <load_address>0x322c21</load_address>
         <run_address>0x322c21</run_address>
         <size>0x46</size>
         <input_file_ref idref="fl-48"/>
      </object_component>
      <object_component id="oc-110">
         <name>.text</name>
         <load_address>0x322c67</load_address>
         <run_address>0x322c67</run_address>
         <size>0x43</size>
         <input_file_ref idref="fl-22"/>
      </object_component>
      <object_component id="oc-174">
         <name>.text</name>
         <load_address>0x322caa</load_address>
         <run_address>0x322caa</run_address>
         <size>0x41</size>
         <input_file_ref idref="fl-3f"/>
      </object_component>
      <object_component id="oc-fc">
         <name>.text</name>
         <load_address>0x322ceb</load_address>
         <run_address>0x322ceb</run_address>
         <size>0x34</size>
         <input_file_ref idref="fl-1e"/>
      </object_component>
      <object_component id="oc-10b">
         <name>.text</name>
         <load_address>0x322d1f</load_address>
         <run_address>0x322d1f</run_address>
         <size>0x34</size>
         <input_file_ref idref="fl-21"/>
      </object_component>
      <object_component id="oc-1bb">
         <name>.text</name>
         <load_address>0x322d53</load_address>
         <run_address>0x322d53</run_address>
         <size>0x29</size>
         <input_file_ref idref="fl-4a"/>
      </object_component>
      <object_component id="oc-19e">
         <name>.text</name>
         <load_address>0x322d7c</load_address>
         <run_address>0x322d7c</run_address>
         <size>0x22</size>
         <input_file_ref idref="fl-4b"/>
      </object_component>
      <object_component id="oc-115">
         <name>.text</name>
         <load_address>0x322d9e</load_address>
         <run_address>0x322d9e</run_address>
         <size>0x21</size>
         <input_file_ref idref="fl-23"/>
      </object_component>
      <object_component id="oc-1e4">
         <name>.text</name>
         <load_address>0x322dbf</load_address>
         <run_address>0x322dbf</run_address>
         <size>0x20</size>
         <input_file_ref idref="fl-d"/>
      </object_component>
      <object_component id="oc-1dc">
         <name>.text</name>
         <load_address>0x322ddf</load_address>
         <run_address>0x322ddf</run_address>
         <size>0x1e</size>
         <input_file_ref idref="fl-e"/>
      </object_component>
      <object_component id="oc-106">
         <name>.text</name>
         <load_address>0x322dfd</load_address>
         <run_address>0x322dfd</run_address>
         <size>0x1c</size>
         <input_file_ref idref="fl-20"/>
      </object_component>
      <object_component id="oc-192">
         <name>.text</name>
         <load_address>0x322e19</load_address>
         <run_address>0x322e19</run_address>
         <size>0x1a</size>
         <input_file_ref idref="fl-49"/>
      </object_component>
      <object_component id="oc-101">
         <name>.text</name>
         <load_address>0x322e33</load_address>
         <run_address>0x322e33</run_address>
         <size>0x19</size>
         <input_file_ref idref="fl-1f"/>
      </object_component>
      <object_component id="oc-1ba">
         <name>.text</name>
         <load_address>0x322e4c</load_address>
         <run_address>0x322e4c</run_address>
         <size>0x19</size>
         <input_file_ref idref="fl-4f"/>
      </object_component>
      <object_component id="oc-14b">
         <name>.text</name>
         <load_address>0x322e65</load_address>
         <run_address>0x322e65</run_address>
         <size>0x17</size>
         <input_file_ref idref="fl-38"/>
      </object_component>
      <object_component id="oc-151">
         <name>.text</name>
         <load_address>0x322e7c</load_address>
         <run_address>0x322e7c</run_address>
         <size>0x17</size>
         <input_file_ref idref="fl-39"/>
      </object_component>
      <object_component id="oc-169">
         <name>.text</name>
         <load_address>0x322e93</load_address>
         <run_address>0x322e93</run_address>
         <size>0x14</size>
         <input_file_ref idref="fl-3d"/>
      </object_component>
      <object_component id="oc-1db">
         <name>.text</name>
         <load_address>0x322ea7</load_address>
         <run_address>0x322ea7</run_address>
         <size>0x13</size>
         <input_file_ref idref="fl-b"/>
      </object_component>
      <object_component id="oc-163">
         <name>.text</name>
         <load_address>0x322eba</load_address>
         <run_address>0x322eba</run_address>
         <size>0x13</size>
         <input_file_ref idref="fl-3c"/>
      </object_component>
      <object_component id="oc-157">
         <name>.text</name>
         <load_address>0x322ecd</load_address>
         <run_address>0x322ecd</run_address>
         <size>0xd</size>
         <input_file_ref idref="fl-3a"/>
      </object_component>
      <object_component id="oc-1de">
         <name>.text</name>
         <load_address>0x322eda</load_address>
         <run_address>0x322eda</run_address>
         <size>0x9</size>
         <input_file_ref idref="fl-4e"/>
      </object_component>
      <object_component id="oc-1e0">
         <name>.text</name>
         <load_address>0x322ee3</load_address>
         <run_address>0x322ee3</run_address>
         <size>0x8</size>
         <input_file_ref idref="fl-f"/>
      </object_component>
      <object_component id="oc-c1">
         <name>.text</name>
         <load_address>0x322eeb</load_address>
         <run_address>0x322eeb</run_address>
         <size>0x8</size>
         <input_file_ref idref="fl-12"/>
      </object_component>
      <object_component id="oc-1b7">
         <name>.text</name>
         <load_address>0x322ef3</load_address>
         <run_address>0x322ef3</run_address>
         <size>0x2</size>
         <input_file_ref idref="fl-4c"/>
      </object_component>
      <object_component id="oc-1b9">
         <name>.text</name>
         <load_address>0x322ef5</load_address>
         <run_address>0x322ef5</run_address>
         <size>0x1</size>
         <input_file_ref idref="fl-4d"/>
      </object_component>
      <object_component id="oc-c2">
         <name>codestart</name>
         <load_address>0x33fff6</load_address>
         <run_address>0x33fff6</run_address>
         <size>0x2</size>
         <input_file_ref idref="fl-12"/>
      </object_component>
      <object_component id="oc-1c7">
         <name>ramfuncs</name>
         <load_address>0x31e000</load_address>
         <run_address>0x8000</run_address>
         <size>0x58d</size>
         <input_file_ref idref="fl-14"/>
      </object_component>
      <object_component id="oc-1c1">
         <name>ramfuncs</name>
         <load_address>0x31e58d</load_address>
         <run_address>0x858d</run_address>
         <size>0x449</size>
         <input_file_ref idref="fl-18"/>
      </object_component>
      <object_component id="oc-183">
         <name>ramfuncs</name>
         <load_address>0x31e9d6</load_address>
         <run_address>0x89d6</run_address>
         <size>0x333</size>
         <input_file_ref idref="fl-41"/>
      </object_component>
      <object_component id="oc-1c4">
         <name>ramfuncs</name>
         <load_address>0x31ed09</load_address>
         <run_address>0x8d09</run_address>
         <size>0x204</size>
         <input_file_ref idref="fl-1a"/>
      </object_component>
      <object_component id="oc-1be">
         <name>ramfuncs</name>
         <load_address>0x31ef0d</load_address>
         <run_address>0x8f0d</run_address>
         <size>0x1bb</size>
         <input_file_ref idref="fl-19"/>
      </object_component>
      <object_component id="oc-1c3">
         <name>ramfuncs</name>
         <load_address>0x31f0c8</load_address>
         <run_address>0x90c8</run_address>
         <size>0x136</size>
         <input_file_ref idref="fl-26"/>
      </object_component>
      <object_component id="oc-14d">
         <name>ramfuncs</name>
         <load_address>0x31f1fe</load_address>
         <run_address>0x91fe</run_address>
         <size>0x131</size>
         <input_file_ref idref="fl-38"/>
      </object_component>
      <object_component id="oc-159">
         <name>ramfuncs</name>
         <load_address>0x31f32f</load_address>
         <run_address>0x932f</run_address>
         <size>0xee</size>
         <input_file_ref idref="fl-3a"/>
      </object_component>
      <object_component id="oc-178">
         <name>ramfuncs</name>
         <load_address>0x31f41d</load_address>
         <run_address>0x941d</run_address>
         <size>0xa7</size>
         <input_file_ref idref="fl-3f"/>
      </object_component>
      <object_component id="oc-15f">
         <name>ramfuncs</name>
         <load_address>0x31f4c4</load_address>
         <run_address>0x94c4</run_address>
         <size>0xa3</size>
         <input_file_ref idref="fl-3b"/>
      </object_component>
      <object_component id="oc-165">
         <name>ramfuncs</name>
         <load_address>0x31f567</load_address>
         <run_address>0x9567</run_address>
         <size>0x8e</size>
         <input_file_ref idref="fl-3c"/>
      </object_component>
      <object_component id="oc-16b">
         <name>ramfuncs</name>
         <load_address>0x31f5f5</load_address>
         <run_address>0x95f5</run_address>
         <size>0x8b</size>
         <input_file_ref idref="fl-3d"/>
      </object_component>
      <object_component id="oc-170">
         <name>ramfuncs</name>
         <load_address>0x31f680</load_address>
         <run_address>0x9680</run_address>
         <size>0x88</size>
         <input_file_ref idref="fl-3e"/>
      </object_component>
      <object_component id="oc-17d">
         <name>ramfuncs</name>
         <load_address>0x31f708</load_address>
         <run_address>0x9708</run_address>
         <size>0x6e</size>
         <input_file_ref idref="fl-40"/>
      </object_component>
      <object_component id="oc-1d1">
         <name>ramfuncs</name>
         <load_address>0x31f776</load_address>
         <run_address>0x9776</run_address>
         <size>0x5b</size>
         <input_file_ref idref="fl-16"/>
      </object_component>
      <object_component id="oc-153">
         <name>ramfuncs</name>
         <load_address>0x31f7d1</load_address>
         <run_address>0x97d1</run_address>
         <size>0x3c</size>
         <input_file_ref idref="fl-39"/>
      </object_component>
      <object_component id="oc-1e2">
         <name>ramfuncs</name>
         <load_address>0x31f80d</load_address>
         <run_address>0x980d</run_address>
         <size>0x1b</size>
         <input_file_ref idref="fl-8"/>
      </object_component>
      <object_component id="oc-bc">
         <name>ramfuncs</name>
         <load_address>0x31f828</load_address>
         <run_address>0x9828</run_address>
         <size>0x4</size>
         <input_file_ref idref="fl-11"/>
      </object_component>
      <object_component id="oc-187">
         <name>.stack</name>
         <uninitialized>true</uninitialized>
         <run_address>0x400</run_address>
         <size>0x0</size>
         <input_file_ref idref="fl-47"/>
      </object_component>
      <object_component id="oc-245">
         <name>.stack</name>
         <uninitialized>true</uninitialized>
         <run_address>0x400</run_address>
         <size>0x0</size>
      </object_component>
      <object_component id="oc-e2">
         <name>.ebss</name>
         <uninitialized>true</uninitialized>
         <run_address>0xe750</run_address>
         <size>0x6</size>
         <input_file_ref idref="fl-18"/>
      </object_component>
      <object_component id="oc-11b">
         <name>.ebss</name>
         <uninitialized>true</uninitialized>
         <run_address>0xe75c</run_address>
         <size>0x2</size>
         <input_file_ref idref="fl-24"/>
      </object_component>
      <object_component id="oc-122">
         <name>.ebss</name>
         <uninitialized>true</uninitialized>
         <run_address>0xe780</run_address>
         <size>0x32</size>
         <input_file_ref idref="fl-25"/>
      </object_component>
      <object_component id="oc-133">
         <name>.ebss</name>
         <uninitialized>true</uninitialized>
         <run_address>0xd000</run_address>
         <size>0x1750</size>
         <input_file_ref idref="fl-28"/>
      </object_component>
      <object_component id="oc-177">
         <name>.ebss</name>
         <uninitialized>true</uninitialized>
         <run_address>0xe75e</run_address>
         <size>0x2</size>
         <input_file_ref idref="fl-3f"/>
      </object_component>
      <object_component id="oc-199">
         <name>.ebss</name>
         <uninitialized>true</uninitialized>
         <run_address>0xe756</run_address>
         <size>0x6</size>
         <input_file_ref idref="fl-4a"/>
      </object_component>
      <object_component id="oc-1e7">
         <name>.ebss:__unlock</name>
         <uninitialized>true</uninitialized>
         <run_address>0xe762</run_address>
         <size>0x2</size>
         <input_file_ref idref="fl-4e"/>
      </object_component>
      <object_component id="oc-1cd">
         <name>.ebss:__lock</name>
         <uninitialized>true</uninitialized>
         <run_address>0xe760</run_address>
         <size>0x2</size>
         <input_file_ref idref="fl-4e"/>
      </object_component>
      <object_component id="oc-1e8">
         <name>.econst:_PieVectTableInit</name>
         <load_address>0x32378c</load_address>
         <run_address>0x32378c</run_address>
         <size>0x100</size>
         <input_file_ref idref="fl-d"/>
      </object_component>
      <object_component id="oc-1d5">
         <name>.econst:_$P$T3$4</name>
         <load_address>0x32388c</load_address>
         <run_address>0x32388c</run_address>
         <size>0x20</size>
         <input_file_ref idref="fl-14"/>
      </object_component>
      <object_component id="oc-1da">
         <name>.econst:_$P$T7$8</name>
         <load_address>0x3238ac</load_address>
         <run_address>0x3238ac</run_address>
         <size>0x20</size>
         <input_file_ref idref="fl-14"/>
      </object_component>
      <object_component id="oc-1d2">
         <name>.econst:_$P$T0$1</name>
         <load_address>0x3238cc</load_address>
         <run_address>0x3238cc</run_address>
         <size>0x10</size>
         <input_file_ref idref="fl-14"/>
      </object_component>
      <object_component id="oc-1d4">
         <name>.econst:_$P$T2$3</name>
         <load_address>0x3238dc</load_address>
         <run_address>0x3238dc</run_address>
         <size>0x10</size>
         <input_file_ref idref="fl-14"/>
      </object_component>
      <object_component id="oc-1d7">
         <name>.econst:_$P$T4$5</name>
         <load_address>0x3238ec</load_address>
         <run_address>0x3238ec</run_address>
         <size>0x10</size>
         <input_file_ref idref="fl-14"/>
      </object_component>
      <object_component id="oc-1d9">
         <name>.econst:_$P$T6$7</name>
         <load_address>0x3238fc</load_address>
         <run_address>0x3238fc</run_address>
         <size>0x10</size>
         <input_file_ref idref="fl-14"/>
      </object_component>
      <object_component id="oc-1d3">
         <name>.econst:_$P$T1$2</name>
         <load_address>0x32390c</load_address>
         <run_address>0x32390c</run_address>
         <size>0xc</size>
         <input_file_ref idref="fl-14"/>
      </object_component>
      <object_component id="oc-1d8">
         <name>.econst:_$P$T5$6</name>
         <load_address>0x323918</load_address>
         <run_address>0x323918</run_address>
         <size>0xc</size>
         <input_file_ref idref="fl-14"/>
      </object_component>
      <object_component id="oc-f1">
         <name>FPUmathTables</name>
         <load_address>0x3febdc</load_address>
         <run_address>0x3febdc</run_address>
         <size>0x6a0</size>
         <input_file_ref idref="fl-1b"/>
      </object_component>
      <object_component id="oc-134">
         <name>DMARAML4</name>
         <uninitialized>true</uninitialized>
         <run_address>0xc000</run_address>
         <size>0x80</size>
         <input_file_ref idref="fl-28"/>
      </object_component>
      <object_component id="oc-188">
         <name>.reset</name>
         <load_address>0x3fffc0</load_address>
         <run_address>0x3fffc0</run_address>
         <size>0x2</size>
         <input_file_ref idref="fl-47"/>
      </object_component>
      <object_component id="oc-53">
         <name>.adc_cal</name>
         <load_address>0x380080</load_address>
         <run_address>0x380080</run_address>
         <size>0x7</size>
         <input_file_ref idref="fl-2"/>
      </object_component>
      <object_component id="oc-54">
         <name>.debug_info</name>
         <load_address>0x0</load_address>
         <run_address>0x0</run_address>
         <size>0x11f</size>
         <input_file_ref idref="fl-2"/>
      </object_component>
      <object_component id="oc-58">
         <name>.debug_info</name>
         <load_address>0x11f</load_address>
         <run_address>0x11f</run_address>
         <size>0x1f60</size>
         <input_file_ref idref="fl-3"/>
      </object_component>
      <object_component id="oc-5d">
         <name>.debug_info</name>
         <load_address>0x207f</load_address>
         <run_address>0x207f</run_address>
         <size>0x1ad5</size>
         <input_file_ref idref="fl-4"/>
      </object_component>
      <object_component id="oc-62">
         <name>.debug_info</name>
         <load_address>0x3b54</load_address>
         <run_address>0x3b54</run_address>
         <size>0x426f</size>
         <input_file_ref idref="fl-5"/>
      </object_component>
      <object_component id="oc-67">
         <name>.debug_info</name>
         <load_address>0x7dc3</load_address>
         <run_address>0x7dc3</run_address>
         <size>0x2d61</size>
         <input_file_ref idref="fl-6"/>
      </object_component>
      <object_component id="oc-6d">
         <name>.debug_info</name>
         <load_address>0xab24</load_address>
         <run_address>0xab24</run_address>
         <size>0x3bfc</size>
         <input_file_ref idref="fl-7"/>
      </object_component>
      <object_component id="oc-72">
         <name>.debug_info</name>
         <load_address>0xe720</load_address>
         <run_address>0xe720</run_address>
         <size>0x93a</size>
         <input_file_ref idref="fl-8"/>
      </object_component>
      <object_component id="oc-77">
         <name>.debug_info</name>
         <load_address>0xf05a</load_address>
         <run_address>0xf05a</run_address>
         <size>0x9c2c</size>
         <input_file_ref idref="fl-9"/>
      </object_component>
      <object_component id="oc-99">
         <name>.debug_info</name>
         <load_address>0x18c86</load_address>
         <run_address>0x18c86</run_address>
         <size>0x1fda</size>
         <input_file_ref idref="fl-a"/>
      </object_component>
      <object_component id="oc-9e">
         <name>.debug_info</name>
         <load_address>0x1ac60</load_address>
         <run_address>0x1ac60</run_address>
         <size>0x4b2</size>
         <input_file_ref idref="fl-b"/>
      </object_component>
      <object_component id="oc-a3">
         <name>.debug_info</name>
         <load_address>0x1b112</load_address>
         <run_address>0x1b112</run_address>
         <size>0x1a5a</size>
         <input_file_ref idref="fl-c"/>
      </object_component>
      <object_component id="oc-a8">
         <name>.debug_info</name>
         <load_address>0x1cb6c</load_address>
         <run_address>0x1cb6c</run_address>
         <size>0x2335</size>
         <input_file_ref idref="fl-d"/>
      </object_component>
      <object_component id="oc-ad">
         <name>.debug_info</name>
         <load_address>0x1eea1</load_address>
         <run_address>0x1eea1</run_address>
         <size>0x68b</size>
         <input_file_ref idref="fl-e"/>
      </object_component>
      <object_component id="oc-b2">
         <name>.debug_info</name>
         <load_address>0x1f52c</load_address>
         <run_address>0x1f52c</run_address>
         <size>0xfba</size>
         <input_file_ref idref="fl-f"/>
      </object_component>
      <object_component id="oc-b7">
         <name>.debug_info</name>
         <load_address>0x204e6</load_address>
         <run_address>0x204e6</run_address>
         <size>0x2262</size>
         <input_file_ref idref="fl-10"/>
      </object_component>
      <object_component id="oc-bd">
         <name>.debug_info</name>
         <load_address>0x22748</load_address>
         <run_address>0x22748</run_address>
         <size>0x11f</size>
         <input_file_ref idref="fl-11"/>
      </object_component>
      <object_component id="oc-c3">
         <name>.debug_info</name>
         <load_address>0x22867</load_address>
         <run_address>0x22867</run_address>
         <size>0x17f</size>
         <input_file_ref idref="fl-12"/>
      </object_component>
      <object_component id="oc-c7">
         <name>.debug_info</name>
         <load_address>0x229e6</load_address>
         <run_address>0x229e6</run_address>
         <size>0x766</size>
         <input_file_ref idref="fl-13"/>
      </object_component>
      <object_component id="oc-cc">
         <name>.debug_info</name>
         <load_address>0x2314c</load_address>
         <run_address>0x2314c</run_address>
         <size>0x1cba</size>
         <input_file_ref idref="fl-14"/>
      </object_component>
      <object_component id="oc-d1">
         <name>.debug_info</name>
         <load_address>0x24e06</load_address>
         <run_address>0x24e06</run_address>
         <size>0x63c</size>
         <input_file_ref idref="fl-15"/>
      </object_component>
      <object_component id="oc-d6">
         <name>.debug_info</name>
         <load_address>0x25442</load_address>
         <run_address>0x25442</run_address>
         <size>0x176c</size>
         <input_file_ref idref="fl-16"/>
      </object_component>
      <object_component id="oc-db">
         <name>.debug_info</name>
         <load_address>0x26bae</load_address>
         <run_address>0x26bae</run_address>
         <size>0xf7c</size>
         <input_file_ref idref="fl-17"/>
      </object_component>
      <object_component id="oc-e0">
         <name>.debug_info</name>
         <load_address>0x27b2a</load_address>
         <run_address>0x27b2a</run_address>
         <size>0x2161</size>
         <input_file_ref idref="fl-18"/>
      </object_component>
      <object_component id="oc-e7">
         <name>.debug_info</name>
         <load_address>0x29c8b</load_address>
         <run_address>0x29c8b</run_address>
         <size>0xbf3</size>
         <input_file_ref idref="fl-19"/>
      </object_component>
      <object_component id="oc-ec">
         <name>.debug_info</name>
         <load_address>0x2a87e</load_address>
         <run_address>0x2a87e</run_address>
         <size>0x369f</size>
         <input_file_ref idref="fl-1a"/>
      </object_component>
      <object_component id="oc-f3">
         <name>.debug_info</name>
         <load_address>0x2df1d</load_address>
         <run_address>0x2df1d</run_address>
         <size>0x11c</size>
         <input_file_ref idref="fl-1c"/>
      </object_component>
      <object_component id="oc-f8">
         <name>.debug_info</name>
         <load_address>0x2e039</load_address>
         <run_address>0x2e039</run_address>
         <size>0x11a</size>
         <input_file_ref idref="fl-1d"/>
      </object_component>
      <object_component id="oc-fd">
         <name>.debug_info</name>
         <load_address>0x2e153</load_address>
         <run_address>0x2e153</run_address>
         <size>0x117</size>
         <input_file_ref idref="fl-1e"/>
      </object_component>
      <object_component id="oc-102">
         <name>.debug_info</name>
         <load_address>0x2e26a</load_address>
         <run_address>0x2e26a</run_address>
         <size>0x117</size>
         <input_file_ref idref="fl-1f"/>
      </object_component>
      <object_component id="oc-107">
         <name>.debug_info</name>
         <load_address>0x2e381</load_address>
         <run_address>0x2e381</run_address>
         <size>0x11b</size>
         <input_file_ref idref="fl-20"/>
      </object_component>
      <object_component id="oc-10c">
         <name>.debug_info</name>
         <load_address>0x2e49c</load_address>
         <run_address>0x2e49c</run_address>
         <size>0x117</size>
         <input_file_ref idref="fl-21"/>
      </object_component>
      <object_component id="oc-111">
         <name>.debug_info</name>
         <load_address>0x2e5b3</load_address>
         <run_address>0x2e5b3</run_address>
         <size>0x11e</size>
         <input_file_ref idref="fl-22"/>
      </object_component>
      <object_component id="oc-116">
         <name>.debug_info</name>
         <load_address>0x2e6d1</load_address>
         <run_address>0x2e6d1</run_address>
         <size>0x119</size>
         <input_file_ref idref="fl-23"/>
      </object_component>
      <object_component id="oc-11a">
         <name>.debug_info</name>
         <load_address>0x2e7ea</load_address>
         <run_address>0x2e7ea</run_address>
         <size>0x1572</size>
         <input_file_ref idref="fl-24"/>
      </object_component>
      <object_component id="oc-120">
         <name>.debug_info</name>
         <load_address>0x2fd5c</load_address>
         <run_address>0x2fd5c</run_address>
         <size>0xecc</size>
         <input_file_ref idref="fl-25"/>
      </object_component>
      <object_component id="oc-127">
         <name>.debug_info</name>
         <load_address>0x30c28</load_address>
         <run_address>0x30c28</run_address>
         <size>0x2d28</size>
         <input_file_ref idref="fl-26"/>
      </object_component>
      <object_component id="oc-12c">
         <name>.debug_info</name>
         <load_address>0x33950</load_address>
         <run_address>0x33950</run_address>
         <size>0xd8c</size>
         <input_file_ref idref="fl-27"/>
      </object_component>
      <object_component id="oc-131">
         <name>.debug_info</name>
         <load_address>0x346dc</load_address>
         <run_address>0x346dc</run_address>
         <size>0x6625</size>
         <input_file_ref idref="fl-28"/>
      </object_component>
      <object_component id="oc-136">
         <name>.debug_info</name>
         <load_address>0x3ad01</load_address>
         <run_address>0x3ad01</run_address>
         <size>0x31ef</size>
         <input_file_ref idref="fl-29"/>
      </object_component>
      <object_component id="oc-13b">
         <name>.debug_info</name>
         <load_address>0x3def0</load_address>
         <run_address>0x3def0</run_address>
         <size>0x42a5</size>
         <input_file_ref idref="fl-2a"/>
      </object_component>
      <object_component id="oc-141">
         <name>.debug_info</name>
         <load_address>0x42195</load_address>
         <run_address>0x42195</run_address>
         <size>0x42a6</size>
         <input_file_ref idref="fl-2b"/>
      </object_component>
      <object_component id="oc-147">
         <name>.debug_info</name>
         <load_address>0x4643b</load_address>
         <run_address>0x4643b</run_address>
         <size>0x1a11</size>
         <input_file_ref idref="fl-37"/>
      </object_component>
      <object_component id="oc-14c">
         <name>.debug_info</name>
         <load_address>0x47e4c</load_address>
         <run_address>0x47e4c</run_address>
         <size>0xd34</size>
         <input_file_ref idref="fl-38"/>
      </object_component>
      <object_component id="oc-152">
         <name>.debug_info</name>
         <load_address>0x48b80</load_address>
         <run_address>0x48b80</run_address>
         <size>0x61f</size>
         <input_file_ref idref="fl-39"/>
      </object_component>
      <object_component id="oc-158">
         <name>.debug_info</name>
         <load_address>0x4919f</load_address>
         <run_address>0x4919f</run_address>
         <size>0x656</size>
         <input_file_ref idref="fl-3a"/>
      </object_component>
      <object_component id="oc-15e">
         <name>.debug_info</name>
         <load_address>0x497f5</load_address>
         <run_address>0x497f5</run_address>
         <size>0x7dd</size>
         <input_file_ref idref="fl-3b"/>
      </object_component>
      <object_component id="oc-164">
         <name>.debug_info</name>
         <load_address>0x49fd2</load_address>
         <run_address>0x49fd2</run_address>
         <size>0x799</size>
         <input_file_ref idref="fl-3c"/>
      </object_component>
      <object_component id="oc-16a">
         <name>.debug_info</name>
         <load_address>0x4a76b</load_address>
         <run_address>0x4a76b</run_address>
         <size>0x795</size>
         <input_file_ref idref="fl-3d"/>
      </object_component>
      <object_component id="oc-16f">
         <name>.debug_info</name>
         <load_address>0x4af00</load_address>
         <run_address>0x4af00</run_address>
         <size>0x58e</size>
         <input_file_ref idref="fl-3e"/>
      </object_component>
      <object_component id="oc-175">
         <name>.debug_info</name>
         <load_address>0x4b48e</load_address>
         <run_address>0x4b48e</run_address>
         <size>0x96e</size>
         <input_file_ref idref="fl-3f"/>
      </object_component>
      <object_component id="oc-17c">
         <name>.debug_info</name>
         <load_address>0x4bdfc</load_address>
         <run_address>0x4bdfc</run_address>
         <size>0x5a0</size>
         <input_file_ref idref="fl-40"/>
      </object_component>
      <object_component id="oc-182">
         <name>.debug_info</name>
         <load_address>0x4c39c</load_address>
         <run_address>0x4c39c</run_address>
         <size>0x1347</size>
         <input_file_ref idref="fl-41"/>
      </object_component>
      <object_component id="oc-189">
         <name>.debug_info</name>
         <load_address>0x4d6e3</load_address>
         <run_address>0x4d6e3</run_address>
         <size>0x187</size>
         <input_file_ref idref="fl-47"/>
      </object_component>
      <object_component id="oc-18d">
         <name>.debug_info</name>
         <load_address>0x4d86a</load_address>
         <run_address>0x4d86a</run_address>
         <size>0x643</size>
         <input_file_ref idref="fl-48"/>
      </object_component>
      <object_component id="oc-193">
         <name>.debug_info</name>
         <load_address>0x4dead</load_address>
         <run_address>0x4dead</run_address>
         <size>0x12e</size>
         <input_file_ref idref="fl-49"/>
      </object_component>
      <object_component id="oc-197">
         <name>.debug_info</name>
         <load_address>0x4dfdb</load_address>
         <run_address>0x4dfdb</run_address>
         <size>0x5c7</size>
         <input_file_ref idref="fl-4a"/>
      </object_component>
      <object_component id="oc-19f">
         <name>.debug_info</name>
         <load_address>0x4e5a2</load_address>
         <run_address>0x4e5a2</run_address>
         <size>0x155</size>
         <input_file_ref idref="fl-4b"/>
      </object_component>
      <object_component id="oc-1a3">
         <name>.debug_info</name>
         <load_address>0x4e6f7</load_address>
         <run_address>0x4e6f7</run_address>
         <size>0x3fe</size>
         <input_file_ref idref="fl-4c"/>
      </object_component>
      <object_component id="oc-1a8">
         <name>.debug_info</name>
         <load_address>0x4eaf5</load_address>
         <run_address>0x4eaf5</run_address>
         <size>0x3fb</size>
         <input_file_ref idref="fl-4d"/>
      </object_component>
      <object_component id="oc-1ad">
         <name>.debug_info</name>
         <load_address>0x4eef0</load_address>
         <run_address>0x4eef0</run_address>
         <size>0x51d</size>
         <input_file_ref idref="fl-4e"/>
      </object_component>
      <object_component id="oc-1b2">
         <name>.debug_info</name>
         <load_address>0x4f40d</load_address>
         <run_address>0x4f40d</run_address>
         <size>0x4ea</size>
         <input_file_ref idref="fl-4f"/>
      </object_component>
      <object_component id="oc-246">
         <name>.debug_info</name>
         <load_address>0x4f8f7</load_address>
         <run_address>0x4f8f7</run_address>
         <size>0xaa</size>
      </object_component>
      <object_component id="oc-55">
         <name>.debug_line</name>
         <load_address>0x0</load_address>
         <run_address>0x0</run_address>
         <size>0x60</size>
         <input_file_ref idref="fl-2"/>
      </object_component>
      <object_component id="oc-5a">
         <name>.debug_line</name>
         <load_address>0x60</load_address>
         <run_address>0x60</run_address>
         <size>0x92</size>
         <input_file_ref idref="fl-3"/>
      </object_component>
      <object_component id="oc-5f">
         <name>.debug_line</name>
         <load_address>0xf2</load_address>
         <run_address>0xf2</run_address>
         <size>0x123</size>
         <input_file_ref idref="fl-4"/>
      </object_component>
      <object_component id="oc-64">
         <name>.debug_line</name>
         <load_address>0x215</load_address>
         <run_address>0x215</run_address>
         <size>0x51c</size>
         <input_file_ref idref="fl-5"/>
      </object_component>
      <object_component id="oc-6a">
         <name>.debug_line</name>
         <load_address>0x731</load_address>
         <run_address>0x731</run_address>
         <size>0x734</size>
         <input_file_ref idref="fl-6"/>
      </object_component>
      <object_component id="oc-6f">
         <name>.debug_line</name>
         <load_address>0xe65</load_address>
         <run_address>0xe65</run_address>
         <size>0x4a</size>
         <input_file_ref idref="fl-7"/>
      </object_component>
      <object_component id="oc-74">
         <name>.debug_line</name>
         <load_address>0xeaf</load_address>
         <run_address>0xeaf</run_address>
         <size>0x69</size>
         <input_file_ref idref="fl-8"/>
      </object_component>
      <object_component id="oc-9b">
         <name>.debug_line</name>
         <load_address>0xf18</load_address>
         <run_address>0xf18</run_address>
         <size>0x8a</size>
         <input_file_ref idref="fl-a"/>
      </object_component>
      <object_component id="oc-a0">
         <name>.debug_line</name>
         <load_address>0xfa2</load_address>
         <run_address>0xfa2</run_address>
         <size>0x6e</size>
         <input_file_ref idref="fl-b"/>
      </object_component>
      <object_component id="oc-a5">
         <name>.debug_line</name>
         <load_address>0x1010</load_address>
         <run_address>0x1010</run_address>
         <size>0xa8</size>
         <input_file_ref idref="fl-c"/>
      </object_component>
      <object_component id="oc-aa">
         <name>.debug_line</name>
         <load_address>0x10b8</load_address>
         <run_address>0x10b8</run_address>
         <size>0x7f</size>
         <input_file_ref idref="fl-d"/>
      </object_component>
      <object_component id="oc-af">
         <name>.debug_line</name>
         <load_address>0x1137</load_address>
         <run_address>0x1137</run_address>
         <size>0x6f</size>
         <input_file_ref idref="fl-e"/>
      </object_component>
      <object_component id="oc-b4">
         <name>.debug_line</name>
         <load_address>0x11a6</load_address>
         <run_address>0x11a6</run_address>
         <size>0x66</size>
         <input_file_ref idref="fl-f"/>
      </object_component>
      <object_component id="oc-b9">
         <name>.debug_line</name>
         <load_address>0x120c</load_address>
         <run_address>0x120c</run_address>
         <size>0xc7</size>
         <input_file_ref idref="fl-10"/>
      </object_component>
      <object_component id="oc-be">
         <name>.debug_line</name>
         <load_address>0x12d3</load_address>
         <run_address>0x12d3</run_address>
         <size>0x5f</size>
         <input_file_ref idref="fl-11"/>
      </object_component>
      <object_component id="oc-c4">
         <name>.debug_line</name>
         <load_address>0x1332</load_address>
         <run_address>0x1332</run_address>
         <size>0x7e</size>
         <input_file_ref idref="fl-12"/>
      </object_component>
      <object_component id="oc-c9">
         <name>.debug_line</name>
         <load_address>0x13b0</load_address>
         <run_address>0x13b0</run_address>
         <size>0xb2</size>
         <input_file_ref idref="fl-13"/>
      </object_component>
      <object_component id="oc-ce">
         <name>.debug_line</name>
         <load_address>0x1462</load_address>
         <run_address>0x1462</run_address>
         <size>0x1e2</size>
         <input_file_ref idref="fl-14"/>
      </object_component>
      <object_component id="oc-d3">
         <name>.debug_line</name>
         <load_address>0x1644</load_address>
         <run_address>0x1644</run_address>
         <size>0x17b</size>
         <input_file_ref idref="fl-15"/>
      </object_component>
      <object_component id="oc-d8">
         <name>.debug_line</name>
         <load_address>0x17bf</load_address>
         <run_address>0x17bf</run_address>
         <size>0xe9</size>
         <input_file_ref idref="fl-16"/>
      </object_component>
      <object_component id="oc-dd">
         <name>.debug_line</name>
         <load_address>0x18a8</load_address>
         <run_address>0x18a8</run_address>
         <size>0x10f</size>
         <input_file_ref idref="fl-17"/>
      </object_component>
      <object_component id="oc-e4">
         <name>.debug_line</name>
         <load_address>0x19b7</load_address>
         <run_address>0x19b7</run_address>
         <size>0x1df</size>
         <input_file_ref idref="fl-18"/>
      </object_component>
      <object_component id="oc-e9">
         <name>.debug_line</name>
         <load_address>0x1b96</load_address>
         <run_address>0x1b96</run_address>
         <size>0x12e</size>
         <input_file_ref idref="fl-19"/>
      </object_component>
      <object_component id="oc-ee">
         <name>.debug_line</name>
         <load_address>0x1cc4</load_address>
         <run_address>0x1cc4</run_address>
         <size>0x340</size>
         <input_file_ref idref="fl-1a"/>
      </object_component>
      <object_component id="oc-f4">
         <name>.debug_line</name>
         <load_address>0x2004</load_address>
         <run_address>0x2004</run_address>
         <size>0x87</size>
         <input_file_ref idref="fl-1c"/>
      </object_component>
      <object_component id="oc-f9">
         <name>.debug_line</name>
         <load_address>0x208b</load_address>
         <run_address>0x208b</run_address>
         <size>0x84</size>
         <input_file_ref idref="fl-1d"/>
      </object_component>
      <object_component id="oc-fe">
         <name>.debug_line</name>
         <load_address>0x210f</load_address>
         <run_address>0x210f</run_address>
         <size>0x76</size>
         <input_file_ref idref="fl-1e"/>
      </object_component>
      <object_component id="oc-103">
         <name>.debug_line</name>
         <load_address>0x2185</load_address>
         <run_address>0x2185</run_address>
         <size>0x68</size>
         <input_file_ref idref="fl-1f"/>
      </object_component>
      <object_component id="oc-108">
         <name>.debug_line</name>
         <load_address>0x21ed</load_address>
         <run_address>0x21ed</run_address>
         <size>0x6c</size>
         <input_file_ref idref="fl-20"/>
      </object_component>
      <object_component id="oc-10d">
         <name>.debug_line</name>
         <load_address>0x2259</load_address>
         <run_address>0x2259</run_address>
         <size>0x76</size>
         <input_file_ref idref="fl-21"/>
      </object_component>
      <object_component id="oc-112">
         <name>.debug_line</name>
         <load_address>0x22cf</load_address>
         <run_address>0x22cf</run_address>
         <size>0x7e</size>
         <input_file_ref idref="fl-22"/>
      </object_component>
      <object_component id="oc-117">
         <name>.debug_line</name>
         <load_address>0x234d</load_address>
         <run_address>0x234d</run_address>
         <size>0x6e</size>
         <input_file_ref idref="fl-23"/>
      </object_component>
      <object_component id="oc-11d">
         <name>.debug_line</name>
         <load_address>0x23bb</load_address>
         <run_address>0x23bb</run_address>
         <size>0x40f</size>
         <input_file_ref idref="fl-24"/>
      </object_component>
      <object_component id="oc-124">
         <name>.debug_line</name>
         <load_address>0x27ca</load_address>
         <run_address>0x27ca</run_address>
         <size>0x73</size>
         <input_file_ref idref="fl-25"/>
      </object_component>
      <object_component id="oc-129">
         <name>.debug_line</name>
         <load_address>0x283d</load_address>
         <run_address>0x283d</run_address>
         <size>0x203</size>
         <input_file_ref idref="fl-26"/>
      </object_component>
      <object_component id="oc-12e">
         <name>.debug_line</name>
         <load_address>0x2a40</load_address>
         <run_address>0x2a40</run_address>
         <size>0x78</size>
         <input_file_ref idref="fl-27"/>
      </object_component>
      <object_component id="oc-138">
         <name>.debug_line</name>
         <load_address>0x2ab8</load_address>
         <run_address>0x2ab8</run_address>
         <size>0x3ea</size>
         <input_file_ref idref="fl-29"/>
      </object_component>
      <object_component id="oc-13e">
         <name>.debug_line</name>
         <load_address>0x2ea2</load_address>
         <run_address>0x2ea2</run_address>
         <size>0x25d</size>
         <input_file_ref idref="fl-2a"/>
      </object_component>
      <object_component id="oc-143">
         <name>.debug_line</name>
         <load_address>0x30ff</load_address>
         <run_address>0x30ff</run_address>
         <size>0xb1</size>
         <input_file_ref idref="fl-2b"/>
      </object_component>
      <object_component id="oc-149">
         <name>.debug_line</name>
         <load_address>0x31b0</load_address>
         <run_address>0x31b0</run_address>
         <size>0x1d0</size>
         <input_file_ref idref="fl-37"/>
      </object_component>
      <object_component id="oc-14f">
         <name>.debug_line</name>
         <load_address>0x3380</load_address>
         <run_address>0x3380</run_address>
         <size>0xb2</size>
         <input_file_ref idref="fl-38"/>
      </object_component>
      <object_component id="oc-155">
         <name>.debug_line</name>
         <load_address>0x3432</load_address>
         <run_address>0x3432</run_address>
         <size>0x5f</size>
         <input_file_ref idref="fl-39"/>
      </object_component>
      <object_component id="oc-15b">
         <name>.debug_line</name>
         <load_address>0x3491</load_address>
         <run_address>0x3491</run_address>
         <size>0x9d</size>
         <input_file_ref idref="fl-3a"/>
      </object_component>
      <object_component id="oc-161">
         <name>.debug_line</name>
         <load_address>0x352e</load_address>
         <run_address>0x352e</run_address>
         <size>0xbb</size>
         <input_file_ref idref="fl-3b"/>
      </object_component>
      <object_component id="oc-167">
         <name>.debug_line</name>
         <load_address>0x35e9</load_address>
         <run_address>0x35e9</run_address>
         <size>0x77</size>
         <input_file_ref idref="fl-3c"/>
      </object_component>
      <object_component id="oc-16d">
         <name>.debug_line</name>
         <load_address>0x3660</load_address>
         <run_address>0x3660</run_address>
         <size>0x82</size>
         <input_file_ref idref="fl-3d"/>
      </object_component>
      <object_component id="oc-172">
         <name>.debug_line</name>
         <load_address>0x36e2</load_address>
         <run_address>0x36e2</run_address>
         <size>0x56</size>
         <input_file_ref idref="fl-3e"/>
      </object_component>
      <object_component id="oc-17a">
         <name>.debug_line</name>
         <load_address>0x3738</load_address>
         <run_address>0x3738</run_address>
         <size>0xf2</size>
         <input_file_ref idref="fl-3f"/>
      </object_component>
      <object_component id="oc-17f">
         <name>.debug_line</name>
         <load_address>0x382a</load_address>
         <run_address>0x382a</run_address>
         <size>0x58</size>
         <input_file_ref idref="fl-40"/>
      </object_component>
      <object_component id="oc-185">
         <name>.debug_line</name>
         <load_address>0x3882</load_address>
         <run_address>0x3882</run_address>
         <size>0x119</size>
         <input_file_ref idref="fl-41"/>
      </object_component>
      <object_component id="oc-18a">
         <name>.debug_line</name>
         <load_address>0x399b</load_address>
         <run_address>0x399b</run_address>
         <size>0x7e</size>
         <input_file_ref idref="fl-47"/>
      </object_component>
      <object_component id="oc-18f">
         <name>.debug_line</name>
         <load_address>0x3a19</load_address>
         <run_address>0x3a19</run_address>
         <size>0x6a</size>
         <input_file_ref idref="fl-48"/>
      </object_component>
      <object_component id="oc-194">
         <name>.debug_line</name>
         <load_address>0x3a83</load_address>
         <run_address>0x3a83</run_address>
         <size>0x50</size>
         <input_file_ref idref="fl-49"/>
      </object_component>
      <object_component id="oc-19b">
         <name>.debug_line</name>
         <load_address>0x3ad3</load_address>
         <run_address>0x3ad3</run_address>
         <size>0x65</size>
         <input_file_ref idref="fl-4a"/>
      </object_component>
      <object_component id="oc-1a0">
         <name>.debug_line</name>
         <load_address>0x3b38</load_address>
         <run_address>0x3b38</run_address>
         <size>0x69</size>
         <input_file_ref idref="fl-4b"/>
      </object_component>
      <object_component id="oc-1a5">
         <name>.debug_line</name>
         <load_address>0x3ba1</load_address>
         <run_address>0x3ba1</run_address>
         <size>0x3e</size>
         <input_file_ref idref="fl-4c"/>
      </object_component>
      <object_component id="oc-1aa">
         <name>.debug_line</name>
         <load_address>0x3bdf</load_address>
         <run_address>0x3bdf</run_address>
         <size>0x3a</size>
         <input_file_ref idref="fl-4d"/>
      </object_component>
      <object_component id="oc-1af">
         <name>.debug_line</name>
         <load_address>0x3c19</load_address>
         <run_address>0x3c19</run_address>
         <size>0x5e</size>
         <input_file_ref idref="fl-4e"/>
      </object_component>
      <object_component id="oc-1b4">
         <name>.debug_line</name>
         <load_address>0x3c77</load_address>
         <run_address>0x3c77</run_address>
         <size>0x55</size>
         <input_file_ref idref="fl-4f"/>
      </object_component>
      <object_component id="oc-56">
         <name>.debug_abbrev</name>
         <load_address>0x0</load_address>
[...]
      </symbol>
      <symbol id="sm-545">
         <name>_PMSM</name>
         <value>0xd940</value>
         <object_component_ref idref="oc-133"/>
      </symbol>
      <symbol id="sm-546">
         <name>_SysEnviConfg</name>
         <value>0xd020</value>
         <object_component_ref idref="oc-133"/>
      </symbol>
      <symbol id="sm-547">
         <name>_SysBaseValue</name>
         <value>0xd400</value>
         <object_component_ref idref="oc-133"/>
      </symbol>
      <symbol id="sm-548">
         <name>_AnalogInput</name>
         <value>0xd780</value>
         <object_component_ref idref="oc-133"/>
      </symbol>
      <symbol id="sm-549">
         <name>_PhrCurFilter_Alpha</name>
         <value>0xd280</value>
         <object_component_ref idref="oc-133"/>
      </symbol>
      <symbol id="sm-54a">
         <name>_VC_SLVC_PARAMETER</name>
         <value>0xd880</value>
         <object_component_ref idref="oc-133"/>
      </symbol>
      <symbol id="sm-54b">
         <name>_pARMParamRdFlag</name>
         <value>0xd01a</value>
         <object_component_ref idref="oc-133"/>
      </symbol>
      <symbol id="sm-54c">
         <name>_Vector_Control</name>
         <value>0xd700</value>
         <object_component_ref idref="oc-133"/>
      </symbol>
      <symbol id="sm-54d">
         <name>_HMIBuffer</name>
         <value>0xdf80</value>
         <object_component_ref idref="oc-133"/>
      </symbol>
      <symbol id="sm-54e">
         <name>_DSPFaultCodeReg</name>
         <value>0xd003</value>
         <object_component_ref idref="oc-133"/>
      </symbol>
      <symbol id="sm-54f">
         <name>_CurPhr_clarke</name>
         <value>0xd058</value>
         <object_component_ref idref="oc-133"/>
      </symbol>
      <symbol id="sm-550">
         <name>_ErFilter1_Alpha</name>
         <value>0xd258</value>
         <object_component_ref idref="oc-133"/>
      </symbol>
      <symbol id="sm-551">
         <name>_DMADest1</name>
         <value>0xd010</value>
         <object_component_ref idref="oc-133"/>
      </symbol>
      <symbol id="sm-552">
         <name>_SysCtlParameter</name>
         <value>0xd001</value>
         <object_component_ref idref="oc-133"/>
      </symbol>
      <symbol id="sm-553">
         <name>_fTimeCount</name>
         <value>0xd012</value>
         <object_component_ref idref="oc-133"/>
      </symbol>
      <symbol id="sm-554">
         <name>_Interg_phsBeta</name>
         <value>0xd196</value>
         <object_component_ref idref="oc-133"/>
      </symbol>
      <symbol id="sm-555">
         <name>_VolPhr_clarke</name>
         <value>0xd070</value>
         <object_component_ref idref="oc-133"/>
      </symbol>
      <symbol id="sm-556">
         <name>_DAOut</name>
         <value>0xd02c</value>
         <object_component_ref idref="oc-133"/>
      </symbol>
      <symbol id="sm-557">
         <name>_SysSamScaParameter</name>
         <value>0xd5c0</value>
         <object_component_ref idref="oc-133"/>
      </symbol>
      <symbol id="sm-558">
         <name>_DMABuf1</name>
         <value>0xc000</value>
         <object_component_ref idref="oc-134"/>
      </symbol>
      <symbol id="sm-559">
         <name>_SysMoore</name>
         <value>0xd024</value>
         <object_component_ref idref="oc-133"/>
      </symbol>
      <symbol id="sm-55a">
         <name>_SysCtlReg</name>
         <value>0xd002</value>
         <object_component_ref idref="oc-133"/>
      </symbol>
      <symbol id="sm-55b">
         <name>_SysConTest</name>
         <value>0xd032</value>
         <object_component_ref idref="oc-133"/>
      </symbol>
      <symbol id="sm-55c">
         <name>_pWaveParamStart</name>
         <value>0xd018</value>
         <object_component_ref idref="oc-133"/>
      </symbol>
      <symbol id="sm-55d">
         <name>_DMASource1</name>
         <value>0xd01e</value>
         <object_component_ref idref="oc-133"/>
      </symbol>
      <symbol id="sm-55e">
         <name>_LPF_W</name>
         <value>0xd200</value>
         <object_component_ref idref="oc-133"/>
      </symbol>
      <symbol id="sm-55f">
         <name>_Interg_Deta</name>
         <value>0xd1d6</value>
         <object_component_ref idref="oc-133"/>
      </symbol>
      <symbol id="sm-560">
         <name>_Interg_Vector</name>
         <value>0xd116</value>
         <object_component_ref idref="oc-133"/>
      </symbol>
      <symbol id="sm-561">
         <name>_CurrentControl_T</name>
         <value>0xd540</value>
         <object_component_ref idref="oc-133"/>
      </symbol>
      <symbol id="sm-562">
         <name>_Ratelimit</name>
         <value>0xd0e6</value>
         <object_component_ref idref="oc-133"/>
      </symbol>
      <symbol id="sm-563">
         <name>_CurrentControl_M</name>
         <value>0xd500</value>
         <object_component_ref idref="oc-133"/>
      </symbol>
      <symbol id="sm-564">
         <name>_uInterCount</name>
         <value>0xd006</value>
         <object_component_ref idref="oc-133"/>
      </symbol>
      <symbol id="sm-565">
         <name>_SpeedTestPI_CurVol</name>
         <value>0xd440</value>
         <object_component_ref idref="oc-133"/>
      </symbol>
      <symbol id="sm-566">
         <name>_Interg_PhrVolAlpha</name>
         <value>0xd180</value>
         <object_component_ref idref="oc-133"/>
      </symbol>
      <symbol id="sm-567">
         <name>_Interg_phsAlpha</name>
         <value>0xd1c0</value>
         <object_component_ref idref="oc-133"/>
      </symbol>
      <symbol id="sm-568">
         <name>_uDirCountMax</name>
         <value>0xd004</value>
         <object_component_ref idref="oc-133"/>
      </symbol>
      <symbol id="sm-569">
         <name>_SysSampOffset</name>
         <value>0xd680</value>
         <object_component_ref idref="oc-133"/>
      </symbol>
      <symbol id="sm-56a">
         <name>_SpeedControl</name>
         <value>0xd480</value>
         <object_component_ref idref="oc-133"/>
      </symbol>
      <symbol id="sm-56b">
         <name>_SysErrIndexReg</name>
         <value>0xd008</value>
         <object_component_ref idref="oc-133"/>
      </symbol>
      <symbol id="sm-56c">
         <name>_ScopeDATAUpLoad</name>
         <value>0xd00c</value>
         <object_component_ref idref="oc-133"/>
      </symbol>
      <symbol id="sm-56d">
         <name>_Cur_clarke</name>
         <value>0xd040</value>
         <object_component_ref idref="oc-133"/>
      </symbol>
      <symbol id="sm-56e">
         <name>_SysVoltBase</name>
         <value>0xd0ae</value>
         <object_component_ref idref="oc-133"/>
      </symbol>
      <symbol id="sm-56f">
         <name>_uDirCount</name>
         <value>0xd007</value>
         <object_component_ref idref="oc-133"/>
      </symbol>
      <symbol id="sm-570">
         <name>_ExcitingCurrent</name>
         <value>0xd340</value>
         <object_component_ref idref="oc-133"/>
      </symbol>
      <symbol id="sm-571">
         <name>_CurrentFilter_D</name>
         <value>0xd318</value>
         <object_component_ref idref="oc-133"/>
      </symbol>
      <symbol id="sm-572">
         <name>_CurrentFilter_Q</name>
         <value>0xd358</value>
         <object_component_ref idref="oc-133"/>
      </symbol>
      <symbol id="sm-573">
         <name>_Interg_PhrVolBeta</name>
         <value>0xd156</value>
         <object_component_ref idref="oc-133"/>
      </symbol>
      <symbol id="sm-574">
         <name>_sInComm</name>
         <value>0xda40</value>
         <object_component_ref idref="oc-133"/>
      </symbol>
      <symbol id="sm-60c">
         <name>_fnSystemReadyParam</name>
         <value>0x31fe7d</value>
         <object_component_ref idref="oc-1bc"/>
      </symbol>
      <symbol id="sm-60d">
         <name>_fnSysHMICommInit</name>
         <value>0x31ffff</value>
         <object_component_ref idref="oc-1bc"/>
      </symbol>
      <symbol id="sm-60e">
         <name>_fnSysParamterRef</name>
         <value>0x31ff57</value>
         <object_component_ref idref="oc-1bc"/>
      </symbol>
      <symbol id="sm-60f">
         <name>_fnSysMooreCal</name>
         <value>0x31f836</value>
         <object_component_ref idref="oc-1bc"/>
      </symbol>
      <symbol id="sm-610">
         <name>_fnVarCopyToRam</name>
         <value>0x31ff99</value>
         <object_component_ref idref="oc-1bc"/>
      </symbol>
      <symbol id="sm-611">
         <name>_fnSystemResetParam</name>
         <value>0x31fe70</value>
         <object_component_ref idref="oc-1bc"/>
      </symbol>
      <symbol id="sm-612">
         <name>_fnSystemInitParam</name>
         <value>0x31fe3f</value>
         <object_component_ref idref="oc-1bc"/>
      </symbol>
      <symbol id="sm-613">
         <name>_fnSystemRUNParam</name>
         <value>0x31ff10</value>
         <object_component_ref idref="oc-1bc"/>
      </symbol>
      <symbol id="sm-614">
         <name>_fnSysRatedParameter</name>
         <value>0x31ffb0</value>
         <object_component_ref idref="oc-1bc"/>
      </symbol>
      <symbol id="sm-615">
         <name>_fnSysFaultReset</name>
         <value>0x31f82c</value>
         <object_component_ref idref="oc-1bc"/>
      </symbol>
      <symbol id="sm-635">
         <name>_local_DINTCH1_ISR</name>
         <value>0x321ece</value>
         <object_component_ref idref="oc-13c"/>
      </symbol>
      <symbol id="sm-636">
         <name>_epwm4_isr</name>
         <value>0x321f1e</value>
         <object_component_ref idref="oc-13c"/>
      </symbol>
      <symbol id="sm-637">
         <name>_epwm2_isr</name>
         <value>0x321ef4</value>
         <object_component_ref idref="oc-13c"/>
      </symbol>
      <symbol id="sm-638">
         <name>_epwm3_isr</name>
         <value>0x321f09</value>
         <object_component_ref idref="oc-13c"/>
      </symbol>
      <symbol id="sm-639">
         <name>_epwm1_isr</name>
         <value>0x321edf</value>
         <object_component_ref idref="oc-13c"/>
      </symbol>
      <symbol id="sm-63a">
         <name>_DATAPeriodARMtoDSP</name>
         <value>0x3229c7</value>
         <object_component_ref idref="oc-1c9"/>
      </symbol>
      <symbol id="sm-63b">
         <name>_SysCurProtect</name>
         <value>0x3229d4</value>
         <object_component_ref idref="oc-1c9"/>
      </symbol>
      <symbol id="sm-63c">
         <name>_SysCtl_ISR</name>
         <value>0x321c95</value>
         <object_component_ref idref="oc-13c"/>
      </symbol>
      <symbol id="sm-63d">
         <name>_DATAPeriodDSPtoARM</name>
         <value>0x32299f</value>
         <object_component_ref idref="oc-1c9"/>
      </symbol>
      <symbol id="sm-64b">
         <name>_main</name>
         <value>0x322847</value>
         <object_component_ref idref="oc-1cc"/>
      </symbol>
      <symbol id="sm-64c">
         <name>_ENABLE_PWM</name>
         <value>0x32281f</value>
         <object_component_ref idref="oc-1cc"/>
      </symbol>
      <symbol id="sm-64d">
         <name>_DISABLE_PWM</name>
         <value>0x3227f7</value>
         <object_component_ref idref="oc-1cc"/>
      </symbol>
      <symbol id="sm-667">
         <name>_fnSpdest_calc</name>
         <value>0x32001c</value>
         <object_component_ref idref="oc-146"/>
      </symbol>
      <symbol id="sm-668">
         <name>_fnSpdest_init</name>
         <value>0x320413</value>
         <object_component_ref idref="oc-146"/>
      </symbol>
      <symbol id="sm-67d">
         <name>_fnExcur_reset</name>
         <value>0x322e65</value>
         <object_component_ref idref="oc-14b"/>
      </symbol>
      <symbol id="sm-67e">
         <name>_fnExcur_calc</name>
         <value>0x91fe</value>
         <object_component_ref idref="oc-14d"/>
      </symbol>
      <symbol id="sm-68d">
         <name>_fnSlipset_Calc</name>
         <value>0x97d1</value>
         <object_component_ref idref="oc-153"/>
      </symbol>
      <symbol id="sm-68e">
         <name>_fnSlipset_Inti</name>
         <value>0x322e7c</value>
         <object_component_ref idref="oc-151"/>
      </symbol>
      <symbol id="sm-6a5">
         <name>_fnSppiReset</name>
         <value>0x322ecd</value>
         <object_component_ref idref="oc-157"/>
      </symbol>
      <symbol id="sm-6a6">
         <name>_fnSppiCalc</name>
         <value>0x932f</value>
         <object_component_ref idref="oc-159"/>
      </symbol>
      <symbol id="sm-6bd">
         <name>_fnPiCalc</name>
         <value>0x94c4</value>
         <object_component_ref idref="oc-15f"/>
      </symbol>
      <symbol id="sm-6be">
         <name>_fnPiInit</name>
         <value>0x322bef</value>
         <object_component_ref idref="oc-15d"/>
      </symbol>
      <symbol id="sm-6bf">
         <name>_fnPiReset</name>
         <value>0x322bd9</value>
         <object_component_ref idref="oc-15d"/>
      </symbol>
      <symbol id="sm-6cc">
         <name>_fnCalFilter1order</name>
         <value>0x95c2</value>
         <object_component_ref idref="oc-165"/>
      </symbol>
      <symbol id="sm-6cd">
         <name>_fnIniFilter1order</name>
         <value>0x9567</value>
         <object_component_ref idref="oc-165"/>
      </symbol>
      <symbol id="sm-6ce">
         <name>_fnResFilter1order</name>
         <value>0x322eba</value>
         <object_component_ref idref="oc-163"/>
      </symbol>
      <symbol id="sm-6db">
         <name>_fnIniInertia1order</name>
         <value>0x95f5</value>
         <object_component_ref idref="oc-16b"/>
      </symbol>
      <symbol id="sm-6dc">
         <name>_fnCalInertia1order</name>
         <value>0x964c</value>
         <object_component_ref idref="oc-16b"/>
      </symbol>
      <symbol id="sm-6dd">
         <name>_fnResInertia1order</name>
         <value>0x322e93</value>
         <object_component_ref idref="oc-169"/>
      </symbol>
      <symbol id="sm-6ec">
         <name>_fnInterg_Calc</name>
         <value>0x9680</value>
         <object_component_ref idref="oc-170"/>
      </symbol>
      <symbol id="sm-706">
         <name>_fnLpf_Pll_Calc</name>
         <value>0x941d</value>
         <object_component_ref idref="oc-178"/>
      </symbol>
      <symbol id="sm-707">
         <name>_fnLpf_Pll_Init</name>
         <value>0x322caa</value>
         <object_component_ref idref="oc-174"/>
      </symbol>
      <symbol id="sm-708">
         <name>_fnLpf_Pll_Init3</name>
         <value>0x322cdd</value>
         <object_component_ref idref="oc-174"/>
      </symbol>
      <symbol id="sm-709">
         <name>_fnLpf_Pll_Init2</name>
         <value>0x322cc1</value>
         <object_component_ref idref="oc-174"/>
      </symbol>
      <symbol id="sm-70a">
         <name>_Sumcount</name>
         <value>0xe75e</value>
         <object_component_ref idref="oc-177"/>
      </symbol>
      <symbol id="sm-70b">
         <name>_fnLpf_Pll_Calc3</name>
         <value>0x9498</value>
         <object_component_ref idref="oc-178"/>
      </symbol>
      <symbol id="sm-70c">
         <name>_fnLpf_Pll_Calc2</name>
         <value>0x945c</value>
         <object_component_ref idref="oc-178"/>
      </symbol>
      <symbol id="sm-71b">
         <name>_fnRatelimit_Calc</name>
         <value>0x9708</value>
         <object_component_ref idref="oc-17d"/>
      </symbol>
      <symbol id="sm-733">
         <name>_fnVector_st_Init</name>
         <value>0x32266d</value>
         <object_component_ref idref="oc-181"/>
      </symbol>
      <symbol id="sm-734">
         <name>_fnVector_st_Calc</name>
         <value>0x89d6</value>
         <object_component_ref idref="oc-183"/>
      </symbol>
      <symbol id="sm-74f">
         <name>_c_int00</name>
         <value>0x3229fb</value>
         <object_component_ref idref="oc-52"/>
      </symbol>
      <symbol id="sm-750">
         <name>__stack</name>
         <value>0x400</value>
         <object_component_ref idref="oc-187"/>
      </symbol>
      <symbol id="sm-766">
         <name>_copy_in</name>
         <value>0x322c21</value>
         <object_component_ref idref="oc-1b8"/>
      </symbol>
      <symbol id="sm-775">
         <name>_ppcopy</name>
         <value>0x322e19</value>
         <object_component_ref idref="oc-192"/>
      </symbol>
      <symbol id="sm-776">
         <name>_dpcopy</name>
         <value>0x322e19</value>
         <object_component_ref idref="oc-192"/>
      </symbol>
      <symbol id="sm-777">
         <name>_pdcopy</name>
         <value>0x322e19</value>
         <object_component_ref idref="oc-192"/>
      </symbol>
      <symbol id="sm-778">
         <name>_ddcopy</name>
         <value>0x322e19</value>
         <object_component_ref idref="oc-192"/>
      </symbol>
      <symbol id="sm-78d">
         <name>C$$EXIT</name>
         <value>0x322d53</value>
         <object_component_ref idref="oc-1bb"/>
      </symbol>
      <symbol id="sm-78e">
         <name>_exit</name>
         <value>0x322d55</value>
         <object_component_ref idref="oc-1bb"/>
      </symbol>
      <symbol id="sm-78f">
         <name>___TI_cleanup_ptr</name>
         <value>0xe758</value>
         <object_component_ref idref="oc-199"/>
      </symbol>
      <symbol id="sm-790">
         <name>___TI_enable_exit_profile_output</name>
         <value>0xe756</value>
         <object_component_ref idref="oc-199"/>
      </symbol>
      <symbol id="sm-791">
         <name>_abort</name>
         <value>0x322d53</value>
         <object_component_ref idref="oc-1bb"/>
      </symbol>
      <symbol id="sm-792">
         <name>___TI_dtors_ptr</name>
         <value>0xe75a</value>
         <object_component_ref idref="oc-199"/>
      </symbol>
      <symbol id="sm-7a0">
         <name>I$$MOD</name>
         <value>0x322d8d</value>
         <object_component_ref idref="oc-19e"/>
      </symbol>
      <symbol id="sm-7a1">
         <name>I$$DIV</name>
         <value>0x322d7c</value>
         <object_component_ref idref="oc-19e"/>
      </symbol>
      <symbol id="sm-7ae">
         <name>__system_pre_init</name>
         <value>0x322ef3</value>
         <object_component_ref idref="oc-1b7"/>
      </symbol>
      <symbol id="sm-7bb">
         <name>__system_post_cinit</name>
         <value>0x322ef5</value>
         <object_component_ref idref="oc-1b9"/>
      </symbol>
      <symbol id="sm-7d0">
         <name>__unlock</name>
         <value>0xe762</value>
         <object_component_ref idref="oc-1e7"/>
      </symbol>
      <symbol id="sm-7d1">
         <name>__lock</name>
         <value>0xe760</value>
         <object_component_ref idref="oc-1cd"/>
      </symbol>
      <symbol id="sm-7d2">
         <name>__register_lock</name>
         <value>0x322ede</value>
         <object_component_ref idref="oc-1de"/>
      </symbol>
      <symbol id="sm-7d3">
         <name>__nop</name>
         <value>0x322ee2</value>
         <object_component_ref idref="oc-1de"/>
      </symbol>
      <symbol id="sm-7d4">
         <name>__register_unlock</name>
         <value>0x322eda</value>
         <object_component_ref idref="oc-1de"/>
      </symbol>
      <symbol id="sm-7e4">
         <name>__args_main</name>
         <value>0x322e4c</value>
         <object_component_ref idref="oc-1ba"/>
      </symbol>
   </symbol_table>
   <title>Link successful</title>
</link_info>
