<?xml version="1.0"?>
<link_info>
   <banner>TMS320C2000 Linker PC v15.12.1.LTS</banner>
   <copyright>Copyright (c) 1996-2015 Texas Instruments Incorporated</copyright>
   <link_time>0x5a4364c4</link_time>
   <link_errors>0x0</link_errors>
   <output_file>LVControl.out</output_file>
   <entry_point>
      <name>_c_int00</name>
      <address>0x321d9d</address>
   </entry_point>
   <input_file_list>
      <input_file id="fl-2">
         <path>.\DSP2833x_common\source\</path>
         <kind>object</kind>
         <file>DSP2833x_ADC_cal.obj</file>
         <name>DSP2833x_ADC_cal.obj</name>
      </input_file>
      <input_file id="fl-3">
         <path>.\DSP2833x_common\source\</path>
         <kind>object</kind>
         <file>DSP2833x_Adc.obj</file>
         <name>DSP2833x_Adc.obj</name>
      </input_file>
      <input_file id="fl-4">
         <path>.\DSP2833x_common\source\</path>
         <kind>object</kind>
         <file>DSP2833x_Clock.obj</file>
         <name>DSP2833x_Clock.obj</name>
      </input_file>
      <input_file id="fl-5">
         <path>.\DSP2833x_common\source\</path>
         <kind>object</kind>
         <file>DSP2833x_DMA.obj</file>
         <name>DSP2833x_DMA.obj</name>
      </input_file>
      <input_file id="fl-6">
         <path>.\DSP2833x_common\source\</path>
         <kind>object</kind>
         <file>DSP2833x_DefaultIsr.obj</file>
         <name>DSP2833x_DefaultIsr.obj</name>
      </input_file>
      <input_file id="fl-7">
         <path>.\DSP2833x_common\source\</path>
         <kind>object</kind>
         <file>DSP2833x_EPwm.obj</file>
         <name>DSP2833x_EPwm.obj</name>
      </input_file>
      <input_file id="fl-8">
         <path>.\DSP2833x_common\source\</path>
         <kind>object</kind>
         <file>DSP2833x_Flash.obj</file>
         <name>DSP2833x_Flash.obj</name>
      </input_file>
      <input_file id="fl-9">
         <path>.\DSP2833x_common\source\</path>
         <kind>object</kind>
         <file>DSP2833x_GlobalVariableDefs.obj</file>
         <name>DSP2833x_GlobalVariableDefs.obj</name>
      </input_file>
      <input_file id="fl-a">
         <path>.\DSP2833x_common\source\</path>
         <kind>object</kind>
         <file>DSP2833x_Gpio.obj</file>
         <name>DSP2833x_Gpio.obj</name>
      </input_file>
      <input_file id="fl-b">
         <path>.\DSP2833x_common\source\</path>
         <kind>object</kind>
         <file>DSP2833x_MemCopy.obj</file>
         <name>DSP2833x_MemCopy.obj</name>
      </input_file>
      <input_file id="fl-c">
         <path>.\DSP2833x_common\source\</path>
         <kind>object</kind>
         <file>DSP2833x_PieCtrl.obj</file>
         <name>DSP2833x_PieCtrl.obj</name>
      </input_file>
      <input_file id="fl-d">
         <path>.\DSP2833x_common\source\</path>
         <kind>object</kind>
         <file>DSP2833x_PieVect.obj</file>
         <name>DSP2833x_PieVect.obj</name>
      </input_file>
      <input_file id="fl-e">
         <path>.\DSP2833x_common\source\</path>
         <kind>object</kind>
         <file>DSP2833x_SysPerInit.obj</file>
         <name>DSP2833x_SysPerInit.obj</name>
      </input_file>
      <input_file id="fl-f">
         <path>.\DSP2833x_common\source\</path>
         <kind>object</kind>
         <file>DSP2833x_WatchDog.obj</file>
         <name>DSP2833x_WatchDog.obj</name>
      </input_file>
      <input_file id="fl-10">
         <path>.\DSP2833x_common\source\</path>
         <kind>object</kind>
         <file>DSP2833x_Xintf.obj</file>
         <name>DSP2833x_Xintf.obj</name>
      </input_file>
      <input_file id="fl-11">
         <path>.\DSP2833x_common\source\</path>
         <kind>object</kind>
         <file>DSP2833x_usDelay.obj</file>
         <name>DSP2833x_usDelay.obj</name>
      </input_file>
      <input_file id="fl-12">
         <path>.\DSP2833x_common\source\</path>
         <kind>object</kind>
         <file>DSP28xxx_CodeStartBranch_flash.obj</file>
         <name>DSP28xxx_CodeStartBranch_flash.obj</name>
      </input_file>
      <input_file id="fl-13">
         <path>.\algorithm\source\</path>
         <kind>object</kind>
         <file>Algorithm.obj</file>
         <name>Algorithm.obj</name>
      </input_file>
      <input_file id="fl-14">
         <path>.\algorithm\source\</path>
         <kind>object</kind>
         <file>VC_SLVC_PARA_inti.obj</file>
         <name>VC_SLVC_PARA_inti.obj</name>
      </input_file>
      <input_file id="fl-15">
         <path>.\algorithm\source\</path>
         <kind>object</kind>
         <file>VVVF.obj</file>
         <name>VVVF.obj</name>
      </input_file>
      <input_file id="fl-16">
         <path>.\algorithm\source\</path>
         <kind>object</kind>
         <file>Vectorcontrol.obj</file>
         <name>Vectorcontrol.obj</name>
      </input_file>
      <input_file id="fl-17">
         <path>.\algorithm\source\</path>
         <kind>object</kind>
         <file>vc_slvc_parameter.obj</file>
         <name>vc_slvc_parameter.obj</name>
      </input_file>
      <input_file id="fl-18">
         <path>.\libs\FPUfastRTS\V100\source\</path>
         <kind>object</kind>
         <file>FPUmathTables.obj</file>
         <name>FPUmathTables.obj</name>
      </input_file>
      <input_file id="fl-19">
         <path>.\libs\FPUfastRTS\V100\source\</path>
         <kind>object</kind>
         <file>atan2_f32.obj</file>
         <name>atan2_f32.obj</name>
      </input_file>
      <input_file id="fl-1a">
         <path>.\libs\FPUfastRTS\V100\source\</path>
         <kind>object</kind>
         <file>atan_f32.obj</file>
         <name>atan_f32.obj</name>
      </input_file>
      <input_file id="fl-1b">
         <path>.\libs\FPUfastRTS\V100\source\</path>
         <kind>object</kind>
         <file>cos_f32.obj</file>
         <name>cos_f32.obj</name>
      </input_file>
      <input_file id="fl-1c">
         <path>.\libs\FPUfastRTS\V100\source\</path>
         <kind>object</kind>
         <file>div_f32.obj</file>
         <name>div_f32.obj</name>
      </input_file>
      <input_file id="fl-1d">
         <path>.\libs\FPUfastRTS\V100\source\</path>
         <kind>object</kind>
         <file>isqrt_f32.obj</file>
         <name>isqrt_f32.obj</name>
      </input_file>
      <input_file id="fl-1e">
         <path>.\libs\FPUfastRTS\V100\source\</path>
         <kind>object</kind>
         <file>sin_f32.obj</file>
         <name>sin_f32.obj</name>
      </input_file>
      <input_file id="fl-1f">
         <path>.\libs\FPUfastRTS\V100\source\</path>
         <kind>object</kind>
         <file>sincos_f32.obj</file>
         <name>sincos_f32.obj</name>
      </input_file>
      <input_file id="fl-20">
         <path>.\libs\FPUfastRTS\V100\source\</path>
         <kind>object</kind>
         <file>sqrt_f32.obj</file>
         <name>sqrt_f32.obj</name>
      </input_file>
      <input_file id="fl-21">
         <path>.\source\</path>
         <kind>object</kind>
         <file>COMMInterface.obj</file>
         <name>COMMInterface.obj</name>
      </input_file>
      <input_file id="fl-22">
         <path>.\source\</path>
         <kind>object</kind>
         <file>FpgaInf.obj</file>
         <name>FpgaInf.obj</name>
      </input_file>
      <input_file id="fl-23">
         <path>.\source\</path>
         <kind>object</kind>
         <file>SysCtl_AnalogProcess.obj</file>
         <name>SysCtl_AnalogProcess.obj</name>
      </input_file>
      <input_file id="fl-24">
         <path>.\source\</path>
         <kind>object</kind>
         <file>SysCtl_DA_ScopeAssing.obj</file>
         <name>SysCtl_DA_ScopeAssing.obj</name>
      </input_file>
      <input_file id="fl-25">
         <path>.\source\</path>
         <kind>object</kind>
         <file>SysCtl_GlobalVar.obj</file>
         <name>SysCtl_GlobalVar.obj</name>
      </input_file>
      <input_file id="fl-26">
         <path>.\source\</path>
         <kind>object</kind>
         <file>SysCtl_SysMoore.obj</file>
         <name>SysCtl_SysMoore.obj</name>
      </input_file>
      <input_file id="fl-27">
         <path>.\source\</path>
         <kind>object</kind>
         <file>Sys_Isr_Controller.obj</file>
         <name>Sys_Isr_Controller.obj</name>
      </input_file>
      <input_file id="fl-28">
         <path>.\source\</path>
         <kind>object</kind>
         <file>Sys_Main.obj</file>
         <name>Sys_Main.obj</name>
      </input_file>
      <input_file id="fl-34">
         <path>..\libs\</path>
         <kind>archive</kind>
         <file>VC_module.lib</file>
         <name>cur_vol_model.obj</name>
      </input_file>
      <input_file id="fl-35">
         <path>..\libs\</path>
         <kind>archive</kind>
         <file>VC_module.lib</file>
         <name>Exciting_Current.obj</name>
      </input_file>
      <input_file id="fl-36">
         <path>..\libs\</path>
         <kind>archive</kind>
         <file>VC_module.lib</file>
         <name>Slip.obj</name>
      </input_file>
      <input_file id="fl-37">
         <path>..\libs\</path>
         <kind>archive</kind>
         <file>VC_module.lib</file>
         <name>speed_kpki.obj</name>
      </input_file>
      <input_file id="fl-38">
         <path>..\libs\</path>
         <kind>archive</kind>
         <file>VC_understructure.lib</file>
         <name>DMC_CLARKE.obj</name>
      </input_file>
      <input_file id="fl-39">
         <path>..\libs\</path>
         <kind>archive</kind>
         <file>VC_understructure.lib</file>
         <name>DMC_PARK.obj</name>
      </input_file>
      <input_file id="fl-3a">
         <path>..\libs\</path>
         <kind>archive</kind>
         <file>VC_understructure.lib</file>
         <name>DMC_PI.obj</name>
      </input_file>
      <input_file id="fl-3b">
         <path>..\libs\</path>
         <kind>archive</kind>
         <file>VC_understructure.lib</file>
         <name>filter.obj</name>
      </input_file>
      <input_file id="fl-3c">
         <path>..\libs\</path>
         <kind>archive</kind>
         <file>VC_understructure.lib</file>
         <name>iClarke.obj</name>
      </input_file>
      <input_file id="fl-3d">
         <path>..\libs\</path>
         <kind>archive</kind>
         <file>VC_understructure.lib</file>
         <name>Inertia1order.obj</name>
      </input_file>
      <input_file id="fl-3e">
         <path>..\libs\</path>
         <kind>archive</kind>
         <file>VC_understructure.lib</file>
         <name>Interg.obj</name>
      </input_file>
      <input_file id="fl-3f">
         <path>..\libs\</path>
         <kind>archive</kind>
         <file>VC_understructure.lib</file>
         <name>ipark.obj</name>
      </input_file>
      <input_file id="fl-40">
         <path>..\libs\</path>
         <kind>archive</kind>
         <file>VC_understructure.lib</file>
         <name>LPF.obj</name>
      </input_file>
      <input_file id="fl-41">
         <path>..\libs\</path>
         <kind>archive</kind>
         <file>VC_understructure.lib</file>
         <name>Ratelimit.obj</name>
      </input_file>
      <input_file id="fl-42">
         <path>..\libs\</path>
         <kind>archive</kind>
         <file>speedtest_vol.lib</file>
         <name>Vector_SpeedTEST.obj</name>
      </input_file>
      <input_file id="fl-48">
         <path>C:\ti\ccsv6\tools\compiler\ti-cgt-c2000_15.12.1.LTS\lib\</path>
         <kind>archive</kind>
         <file>rts2800_fpu32.lib</file>
         <name>boot.obj</name>
      </input_file>
      <input_file id="fl-49">
         <path>C:\ti\ccsv6\tools\compiler\ti-cgt-c2000_15.12.1.LTS\lib\</path>
         <kind>archive</kind>
         <file>rts2800_fpu32.lib</file>
         <name>cpy_tbl.obj</name>
      </input_file>
      <input_file id="fl-4a">
         <path>C:\ti\ccsv6\tools\compiler\ti-cgt-c2000_15.12.1.LTS\lib\</path>
         <kind>archive</kind>
         <file>rts2800_fpu32.lib</file>
         <name>cpy_utils.obj</name>
      </input_file>
      <input_file id="fl-4b">
         <path>C:\ti\ccsv6\tools\compiler\ti-cgt-c2000_15.12.1.LTS\lib\</path>
         <kind>archive</kind>
         <file>rts2800_fpu32.lib</file>
         <name>exit.obj</name>
      </input_file>
      <input_file id="fl-4c">
         <path>C:\ti\ccsv6\tools\compiler\ti-cgt-c2000_15.12.1.LTS\lib\</path>
         <kind>archive</kind>
         <file>rts2800_fpu32.lib</file>
         <name>i_div.obj</name>
      </input_file>
      <input_file id="fl-4d">
         <path>C:\ti\ccsv6\tools\compiler\ti-cgt-c2000_15.12.1.LTS\lib\</path>
         <kind>archive</kind>
         <file>rts2800_fpu32.lib</file>
         <name>pre_init.obj</name>
      </input_file>
      <input_file id="fl-4e">
         <path>C:\ti\ccsv6\tools\compiler\ti-cgt-c2000_15.12.1.LTS\lib\</path>
         <kind>archive</kind>
         <file>rts2800_fpu32.lib</file>
         <name>startup.obj</name>
      </input_file>
      <input_file id="fl-4f">
         <path>C:\ti\ccsv6\tools\compiler\ti-cgt-c2000_15.12.1.LTS\lib\</path>
         <kind>archive</kind>
         <file>rts2800_fpu32.lib</file>
         <name>_lock.obj</name>
      </input_file>
      <input_file id="fl-50">
         <path>C:\ti\ccsv6\tools\compiler\ti-cgt-c2000_15.12.1.LTS\lib\</path>
         <kind>archive</kind>
         <file>rts2800_fpu32.lib</file>
         <name>args_main.obj</name>
      </input_file>
   </input_file_list>
   <object_component_list>
      <object_component id="oc-97">
         <name>PieVectTableFile</name>
         <uninitialized>true</uninitialized>
         <run_address>0xd00</run_address>
         <size>0x100</size>
         <input_file_ref idref="fl-9"/>
      </object_component>
      <object_component id="oc-95">
         <name>DevEmuRegsFile</name>
         <uninitialized>true</uninitialized>
         <run_address>0x880</run_address>
         <size>0xd0</size>
         <input_file_ref idref="fl-9"/>
      </object_component>
      <object_component id="oc-7a">
         <name>FlashRegsFile</name>
         <uninitialized>true</uninitialized>
         <run_address>0xa80</run_address>
         <size>0x8</size>
         <input_file_ref idref="fl-9"/>
      </object_component>
      <object_component id="oc-7f">
         <name>CsmRegsFile</name>
         <uninitialized>true</uninitialized>
         <run_address>0xae0</run_address>
         <size>0x10</size>
         <input_file_ref idref="fl-9"/>
      </object_component>
      <object_component id="oc-7e">
         <name>AdcMirrorFile</name>
         <uninitialized>true</uninitialized>
         <run_address>0xb00</run_address>
         <size>0x10</size>
         <input_file_ref idref="fl-9"/>
      </object_component>
      <object_component id="oc-83">
         <name>XintfRegsFile</name>
         <uninitialized>true</uninitialized>
         <run_address>0xb20</run_address>
         <size>0x1e</size>
         <input_file_ref idref="fl-9"/>
      </object_component>
      <object_component id="oc-7b">
         <name>CpuTimer0RegsFile</name>
         <uninitialized>true</uninitialized>
         <run_address>0xc00</run_address>
         <size>0x8</size>
         <input_file_ref idref="fl-9"/>
      </object_component>
      <object_component id="oc-79">
         <name>CpuTimer1RegsFile</name>
         <uninitialized>true</uninitialized>
         <run_address>0xc08</run_address>
         <size>0x8</size>
         <input_file_ref idref="fl-9"/>
      </object_component>
      <object_component id="oc-78">
         <name>CpuTimer2RegsFile</name>
         <uninitialized>true</uninitialized>
         <run_address>0xc10</run_address>
         <size>0x8</size>
         <input_file_ref idref="fl-9"/>
      </object_component>
      <object_component id="oc-81">
         <name>PieCtrlRegsFile</name>
         <uninitialized>true</uninitialized>
         <run_address>0xce0</run_address>
         <size>0x1a</size>
         <input_file_ref idref="fl-9"/>
      </object_component>
      <object_component id="oc-96">
         <name>DmaRegsFile</name>
         <uninitialized>true</uninitialized>
         <run_address>0x1000</run_address>
         <size>0xe0</size>
         <input_file_ref idref="fl-9"/>
      </object_component>
      <object_component id="oc-91">
         <name>EPwm1RegsFile</name>
         <uninitialized>true</uninitialized>
         <run_address>0x6800</run_address>
         <size>0x22</size>
         <input_file_ref idref="fl-9"/>
      </object_component>
      <object_component id="oc-8e">
         <name>EPwm2RegsFile</name>
         <uninitialized>true</uninitialized>
         <run_address>0x6840</run_address>
         <size>0x22</size>
         <input_file_ref idref="fl-9"/>
      </object_component>
      <object_component id="oc-8f">
         <name>EPwm3RegsFile</name>
         <uninitialized>true</uninitialized>
         <run_address>0x6880</run_address>
         <size>0x22</size>
         <input_file_ref idref="fl-9"/>
      </object_component>
      <object_component id="oc-8c">
         <name>EPwm4RegsFile</name>
         <uninitialized>true</uninitialized>
         <run_address>0x68c0</run_address>
         <size>0x22</size>
         <input_file_ref idref="fl-9"/>
      </object_component>
      <object_component id="oc-8d">
         <name>EPwm5RegsFile</name>
         <uninitialized>true</uninitialized>
         <run_address>0x6900</run_address>
         <size>0x22</size>
         <input_file_ref idref="fl-9"/>
      </object_component>
      <object_component id="oc-90">
         <name>EPwm6RegsFile</name>
         <uninitialized>true</uninitialized>
         <run_address>0x6940</run_address>
         <size>0x22</size>
         <input_file_ref idref="fl-9"/>
      </object_component>
      <object_component id="oc-8b">
         <name>ECap1RegsFile</name>
         <uninitialized>true</uninitialized>
         <run_address>0x6a00</run_address>
         <size>0x20</size>
         <input_file_ref idref="fl-9"/>
      </object_component>
      <object_component id="oc-89">
         <name>ECap2RegsFile</name>
         <uninitialized>true</uninitialized>
         <run_address>0x6a20</run_address>
         <size>0x20</size>
         <input_file_ref idref="fl-9"/>
      </object_component>
      <object_component id="oc-85">
         <name>ECap3RegsFile</name>
         <uninitialized>true</uninitialized>
         <run_address>0x6a40</run_address>
         <size>0x20</size>
         <input_file_ref idref="fl-9"/>
      </object_component>
      <object_component id="oc-84">
         <name>ECap4RegsFile</name>
         <uninitialized>true</uninitialized>
         <run_address>0x6a60</run_address>
         <size>0x20</size>
         <input_file_ref idref="fl-9"/>
      </object_component>
      <object_component id="oc-86">
         <name>ECap5RegsFile</name>
         <uninitialized>true</uninitialized>
         <run_address>0x6a80</run_address>
         <size>0x20</size>
         <input_file_ref idref="fl-9"/>
      </object_component>
      <object_component id="oc-88">
         <name>ECap6RegsFile</name>
         <uninitialized>true</uninitialized>
         <run_address>0x6aa0</run_address>
         <size>0x20</size>
         <input_file_ref idref="fl-9"/>
      </object_component>
      <object_component id="oc-93">
         <name>EQep1RegsFile</name>
         <uninitialized>true</uninitialized>
         <run_address>0x6b00</run_address>
         <size>0x40</size>
         <input_file_ref idref="fl-9"/>
      </object_component>
      <object_component id="oc-94">
         <name>EQep2RegsFile</name>
         <uninitialized>true</uninitialized>
         <run_address>0x6b40</run_address>
         <size>0x40</size>
         <input_file_ref idref="fl-9"/>
      </object_component>
      <object_component id="oc-92">
         <name>GpioCtrlRegsFile</name>
         <uninitialized>true</uninitialized>
         <run_address>0x6f80</run_address>
         <size>0x2e</size>
         <input_file_ref idref="fl-9"/>
      </object_component>
      <object_component id="oc-87">
         <name>GpioDataRegsFile</name>
         <uninitialized>true</uninitialized>
         <run_address>0x6fc0</run_address>
         <size>0x20</size>
         <input_file_ref idref="fl-9"/>
      </object_component>
      <object_component id="oc-7d">
         <name>GpioIntRegsFile</name>
         <uninitialized>true</uninitialized>
         <run_address>0x6fe0</run_address>
         <size>0xa</size>
         <input_file_ref idref="fl-9"/>
      </object_component>
      <object_component id="oc-8a">
         <name>SysCtrlRegsFile</name>
         <uninitialized>true</uninitialized>
         <run_address>0x7010</run_address>
         <size>0x20</size>
         <input_file_ref idref="fl-9"/>
      </object_component>
      <object_component id="oc-80">
         <name>XIntruptRegsFile</name>
         <uninitialized>true</uninitialized>
         <run_address>0x7070</run_address>
         <size>0x10</size>
         <input_file_ref idref="fl-9"/>
      </object_component>
      <object_component id="oc-82">
         <name>AdcRegsFile</name>
         <uninitialized>true</uninitialized>
         <run_address>0x7100</run_address>
         <size>0x1e</size>
         <input_file_ref idref="fl-9"/>
      </object_component>
      <object_component id="oc-7c">
         <name>CsmPwlFile</name>
         <uninitialized>true</uninitialized>
         <run_address>0x33fff8</run_address>
         <size>0x8</size>
         <input_file_ref idref="fl-9"/>
      </object_component>
      <object_component id="oc-123">
         <name>.cinit</name>
         <load_address>0x3222a8</load_address>
         <run_address>0x3222a8</run_address>
         <size>0x758</size>
         <input_file_ref idref="fl-25"/>
      </object_component>
      <object_component id="oc-112">
         <name>.cinit</name>
         <load_address>0x322a00</load_address>
         <run_address>0x322a00</run_address>
         <size>0x4a</size>
         <input_file_ref idref="fl-22"/>
      </object_component>
      <object_component id="oc-d7">
         <name>.cinit</name>
         <load_address>0x322a4a</load_address>
         <run_address>0x322a4a</run_address>
         <size>0xf</size>
         <input_file_ref idref="fl-16"/>
      </object_component>
      <object_component id="oc-1a1">
         <name>.cinit</name>
         <load_address>0x322a59</load_address>
         <run_address>0x322a59</run_address>
         <size>0xe</size>
         <input_file_ref idref="fl-4b"/>
      </object_component>
      <object_component id="oc-12d">
         <name>.cinit</name>
         <load_address>0x322a67</load_address>
         <run_address>0x322a67</run_address>
         <size>0x5</size>
         <input_file_ref idref="fl-27"/>
      </object_component>
      <object_component id="oc-17f">
         <name>.cinit</name>
         <load_address>0x322a6c</load_address>
         <run_address>0x322a6c</run_address>
         <size>0x5</size>
         <input_file_ref idref="fl-40"/>
      </object_component>
      <object_component id="oc-1d3">
         <name>.cinit:__lock</name>
         <load_address>0x322a71</load_address>
         <run_address>0x322a71</run_address>
         <size>0x5</size>
         <input_file_ref idref="fl-4f"/>
      </object_component>
      <object_component id="oc-1dc">
         <name>.cinit:__unlock</name>
         <load_address>0x322a76</load_address>
         <run_address>0x322a76</run_address>
         <size>0x5</size>
         <input_file_ref idref="fl-4f"/>
      </object_component>
      <object_component id="oc-1c5">
         <name>.text</name>
         <load_address>0x31f2d8</load_address>
         <run_address>0x31f2d8</run_address>
         <size>0x7f7</size>
         <input_file_ref idref="fl-26"/>
      </object_component>
      <object_component id="oc-139">
         <name>.text</name>
         <load_address>0x31facf</load_address>
         <run_address>0x31facf</run_address>
         <size>0x67d</size>
         <input_file_ref idref="fl-34"/>
      </object_component>
      <object_component id="oc-1ce">
         <name>.text</name>
         <load_address>0x32014c</load_address>
         <run_address>0x32014c</run_address>
         <size>0x50d</size>
         <input_file_ref idref="fl-21"/>
      </object_component>
      <object_component id="oc-1d6">
         <name>.text</name>
         <load_address>0x320659</load_address>
         <run_address>0x320659</run_address>
         <size>0x3e9</size>
         <input_file_ref idref="fl-5"/>
      </object_component>
      <object_component id="oc-1cd">
         <name>.text</name>
         <load_address>0x320a42</load_address>
         <run_address>0x320a42</run_address>
         <size>0x322</size>
         <input_file_ref idref="fl-17"/>
      </object_component>
      <object_component id="oc-68">
         <name>.text:retain</name>
         <load_address>0x320d64</load_address>
         <run_address>0x320d64</run_address>
         <size>0x305</size>
         <input_file_ref idref="fl-6"/>
      </object_component>
      <object_component id="oc-1c6">
         <name>.text</name>
         <load_address>0x321069</load_address>
         <run_address>0x321069</run_address>
         <size>0x2b0</size>
         <input_file_ref idref="fl-15"/>
      </object_component>
      <object_component id="oc-1c8">
         <name>.text</name>
         <load_address>0x321319</load_address>
         <run_address>0x321319</run_address>
         <size>0x213</size>
         <input_file_ref idref="fl-23"/>
      </object_component>
      <object_component id="oc-12f">
         <name>.text:retain</name>
         <load_address>0x32152c</load_address>
         <run_address>0x32152c</run_address>
         <size>0x112</size>
         <input_file_ref idref="fl-27"/>
      </object_component>
      <object_component id="oc-1d0">
         <name>.text</name>
         <load_address>0x32163e</load_address>
         <run_address>0x32163e</run_address>
         <size>0xfe</size>
         <input_file_ref idref="fl-24"/>
      </object_component>
      <object_component id="oc-1c7">
         <name>.text</name>
         <load_address>0x32173c</load_address>
         <run_address>0x32173c</run_address>
         <size>0xf5</size>
         <input_file_ref idref="fl-13"/>
      </object_component>
      <object_component id="oc-1d5">
         <name>.text</name>
         <load_address>0x321831</load_address>
         <run_address>0x321831</run_address>
         <size>0xe5</size>
         <input_file_ref idref="fl-14"/>
      </object_component>
      <object_component id="oc-1de">
         <name>.text</name>
         <load_address>0x321916</load_address>
         <run_address>0x321916</run_address>
         <size>0xe1</size>
         <input_file_ref idref="fl-4"/>
      </object_component>
      <object_component id="oc-18a">
         <name>.text</name>
         <load_address>0x3219f7</load_address>
         <run_address>0x3219f7</run_address>
         <size>0xca</size>
         <input_file_ref idref="fl-42"/>
      </object_component>
      <object_component id="oc-1e0">
         <name>.text</name>
         <load_address>0x321ac1</load_address>
         <run_address>0x321ac1</run_address>
         <size>0xc0</size>
         <input_file_ref idref="fl-10"/>
      </object_component>
      <object_component id="oc-1d1">
         <name>.text</name>
         <load_address>0x321b81</load_address>
         <run_address>0x321b81</run_address>
         <size>0xb7</size>
         <input_file_ref idref="fl-28"/>
      </object_component>
      <object_component id="oc-1ca">
         <name>.text</name>
         <load_address>0x321c38</load_address>
         <run_address>0x321c38</run_address>
         <size>0x7f</size>
         <input_file_ref idref="fl-16"/>
      </object_component>
      <object_component id="oc-1cf">
         <name>.text</name>
         <load_address>0x321cb7</load_address>
         <run_address>0x321cb7</run_address>
         <size>0x74</size>
         <input_file_ref idref="fl-27"/>
      </object_component>
      <object_component id="oc-1e3">
         <name>.text</name>
         <load_address>0x321d2b</load_address>
         <run_address>0x321d2b</run_address>
         <size>0x72</size>
         <input_file_ref idref="fl-3"/>
      </object_component>
      <object_component id="oc-52">
         <name>.text</name>
         <load_address>0x321d9d</load_address>
         <run_address>0x321d9d</run_address>
         <size>0x56</size>
         <input_file_ref idref="fl-48"/>
      </object_component>
      <object_component id="oc-1e2">
         <name>.text</name>
         <load_address>0x321df3</load_address>
         <run_address>0x321df3</run_address>
         <size>0x54</size>
         <input_file_ref idref="fl-a"/>
      </object_component>
      <object_component id="oc-e3">
         <name>.text</name>
         <load_address>0x321e47</load_address>
         <run_address>0x321e47</run_address>
         <size>0x4f</size>
         <input_file_ref idref="fl-19"/>
      </object_component>
      <object_component id="oc-1d4">
         <name>.text</name>
         <load_address>0x321e96</load_address>
         <run_address>0x321e96</run_address>
         <size>0x4e</size>
         <input_file_ref idref="fl-22"/>
      </object_component>
      <object_component id="oc-1da">
         <name>.text</name>
         <load_address>0x321ee4</load_address>
         <run_address>0x321ee4</run_address>
         <size>0x4d</size>
         <input_file_ref idref="fl-c"/>
      </object_component>
      <object_component id="oc-e8">
         <name>.text</name>
         <load_address>0x321f31</load_address>
         <run_address>0x321f31</run_address>
         <size>0x4a</size>
         <input_file_ref idref="fl-1a"/>
      </object_component>
      <object_component id="oc-15c">
         <name>.text</name>
         <load_address>0x321f7b</load_address>
         <run_address>0x321f7b</run_address>
         <size>0x48</size>
         <input_file_ref idref="fl-3a"/>
      </object_component>
      <object_component id="oc-1c1">
         <name>.text</name>
         <load_address>0x321fc3</load_address>
         <run_address>0x321fc3</run_address>
         <size>0x46</size>
         <input_file_ref idref="fl-49"/>
      </object_component>
      <object_component id="oc-101">
         <name>.text</name>
         <load_address>0x322009</load_address>
         <run_address>0x322009</run_address>
         <size>0x43</size>
         <input_file_ref idref="fl-1f"/>
      </object_component>
      <object_component id="oc-17d">
         <name>.text</name>
         <load_address>0x32204c</load_address>
         <run_address>0x32204c</run_address>
         <size>0x41</size>
         <input_file_ref idref="fl-40"/>
      </object_component>
      <object_component id="oc-ed">
         <name>.text</name>
         <load_address>0x32208d</load_address>
         <run_address>0x32208d</run_address>
         <size>0x34</size>
         <input_file_ref idref="fl-1b"/>
      </object_component>
      <object_component id="oc-fc">
         <name>.text</name>
         <load_address>0x3220c1</load_address>
         <run_address>0x3220c1</run_address>
         <size>0x34</size>
         <input_file_ref idref="fl-1e"/>
      </object_component>
      <object_component id="oc-1c4">
         <name>.text</name>
         <load_address>0x3220f5</load_address>
         <run_address>0x3220f5</run_address>
         <size>0x29</size>
         <input_file_ref idref="fl-4b"/>
      </object_component>
      <object_component id="oc-1a7">
         <name>.text</name>
         <load_address>0x32211e</load_address>
         <run_address>0x32211e</run_address>
         <size>0x22</size>
         <input_file_ref idref="fl-4c"/>
      </object_component>
      <object_component id="oc-106">
         <name>.text</name>
         <load_address>0x322140</load_address>
         <run_address>0x322140</run_address>
         <size>0x21</size>
         <input_file_ref idref="fl-20"/>
      </object_component>
      <object_component id="oc-1e1">
         <name>.text</name>
         <load_address>0x322161</load_address>
         <run_address>0x322161</run_address>
         <size>0x20</size>
         <input_file_ref idref="fl-d"/>
      </object_component>
      <object_component id="oc-1d9">
         <name>.text</name>
         <load_address>0x322181</load_address>
         <run_address>0x322181</run_address>
         <size>0x1e</size>
         <input_file_ref idref="fl-e"/>
      </object_component>
      <object_component id="oc-f7">
         <name>.text</name>
         <load_address>0x32219f</load_address>
         <run_address>0x32219f</run_address>
         <size>0x1c</size>
         <input_file_ref idref="fl-1d"/>
      </object_component>
      <object_component id="oc-19b">
         <name>.text</name>
         <load_address>0x3221bb</load_address>
         <run_address>0x3221bb</run_address>
         <size>0x1a</size>
         <input_file_ref idref="fl-4a"/>
      </object_component>
      <object_component id="oc-f2">
         <name>.text</name>
         <load_address>0x3221d5</load_address>
         <run_address>0x3221d5</run_address>
         <size>0x19</size>
         <input_file_ref idref="fl-1c"/>
      </object_component>
      <object_component id="oc-1c3">
         <name>.text</name>
         <load_address>0x3221ee</load_address>
         <run_address>0x3221ee</run_address>
         <size>0x19</size>
         <input_file_ref idref="fl-50"/>
      </object_component>
      <object_component id="oc-13e">
         <name>.text</name>
         <load_address>0x322207</load_address>
         <run_address>0x322207</run_address>
         <size>0x17</size>
         <input_file_ref idref="fl-35"/>
      </object_component>
      <object_component id="oc-144">
         <name>.text</name>
         <load_address>0x32221e</load_address>
         <run_address>0x32221e</run_address>
         <size>0x17</size>
         <input_file_ref idref="fl-36"/>
      </object_component>
      <object_component id="oc-16d">
         <name>.text</name>
         <load_address>0x322235</load_address>
         <run_address>0x322235</run_address>
         <size>0x14</size>
         <input_file_ref idref="fl-3d"/>
      </object_component>
      <object_component id="oc-1d8">
         <name>.text</name>
         <load_address>0x322249</load_address>
         <run_address>0x322249</run_address>
         <size>0x13</size>
         <input_file_ref idref="fl-b"/>
      </object_component>
      <object_component id="oc-162">
         <name>.text</name>
         <load_address>0x32225c</load_address>
         <run_address>0x32225c</run_address>
         <size>0x13</size>
         <input_file_ref idref="fl-3b"/>
      </object_component>
      <object_component id="oc-14a">
         <name>.text</name>
         <load_address>0x32226f</load_address>
         <run_address>0x32226f</run_address>
         <size>0xd</size>
         <input_file_ref idref="fl-37"/>
      </object_component>
      <object_component id="oc-1db">
         <name>.text</name>
         <load_address>0x32227c</load_address>
         <run_address>0x32227c</run_address>
         <size>0x9</size>
         <input_file_ref idref="fl-4f"/>
      </object_component>
      <object_component id="oc-1dd">
         <name>.text</name>
         <load_address>0x322285</load_address>
         <run_address>0x322285</run_address>
         <size>0x8</size>
         <input_file_ref idref="fl-f"/>
      </object_component>
      <object_component id="oc-c1">
         <name>.text</name>
         <load_address>0x32228d</load_address>
         <run_address>0x32228d</run_address>
         <size>0x8</size>
         <input_file_ref idref="fl-12"/>
      </object_component>
      <object_component id="oc-150">
         <name>.text</name>
         <load_address>0x322295</load_address>
         <run_address>0x322295</run_address>
         <size>0x8</size>
         <input_file_ref idref="fl-38"/>
      </object_component>
      <object_component id="oc-156">
         <name>.text</name>
         <load_address>0x32229d</load_address>
         <run_address>0x32229d</run_address>
         <size>0x8</size>
         <input_file_ref idref="fl-39"/>
      </object_component>
      <object_component id="oc-1c0">
         <name>.text</name>
         <load_address>0x3222a5</load_address>
         <run_address>0x3222a5</run_address>
         <size>0x2</size>
         <input_file_ref idref="fl-4d"/>
      </object_component>
      <object_component id="oc-1c2">
         <name>.text</name>
         <load_address>0x3222a7</load_address>
         <run_address>0x3222a7</run_address>
         <size>0x1</size>
         <input_file_ref idref="fl-4e"/>
      </object_component>
      <object_component id="oc-c2">
         <name>codestart</name>
         <load_address>0x33fff6</load_address>
         <run_address>0x33fff6</run_address>
         <size>0x2</size>
         <input_file_ref idref="fl-12"/>
      </object_component>
      <object_component id="oc-1c9">
         <name>ramfuncs</name>
         <load_address>0x31e000</load_address>
         <run_address>0x8000</run_address>
         <size>0x449</size>
         <input_file_ref idref="fl-16"/>
      </object_component>
      <object_component id="oc-18c">
         <name>ramfuncs</name>
         <load_address>0x31e449</load_address>
         <run_address>0x8449</run_address>
         <size>0x333</size>
         <input_file_ref idref="fl-42"/>
      </object_component>
      <object_component id="oc-1cc">
         <name>ramfuncs</name>
         <load_address>0x31e77c</load_address>
         <run_address>0x877c</run_address>
         <size>0x275</size>
         <input_file_ref idref="fl-17"/>
      </object_component>
      <object_component id="oc-1cb">
         <name>ramfuncs</name>
         <load_address>0x31e9f1</load_address>
         <run_address>0x89f1</run_address>
         <size>0x1a1</size>
         <input_file_ref idref="fl-23"/>
      </object_component>
      <object_component id="oc-140">
         <name>ramfuncs</name>
         <load_address>0x31eb92</load_address>
         <run_address>0x8b92</run_address>
         <size>0x131</size>
         <input_file_ref idref="fl-35"/>
      </object_component>
      <object_component id="oc-14c">
         <name>ramfuncs</name>
         <load_address>0x31ecc3</load_address>
         <run_address>0x8cc3</run_address>
         <size>0xee</size>
         <input_file_ref idref="fl-37"/>
      </object_component>
      <object_component id="oc-181">
         <name>ramfuncs</name>
         <load_address>0x31edb1</load_address>
         <run_address>0x8db1</run_address>
         <size>0xa7</size>
         <input_file_ref idref="fl-40"/>
      </object_component>
      <object_component id="oc-15e">
         <name>ramfuncs</name>
         <load_address>0x31ee58</load_address>
         <run_address>0x8e58</run_address>
         <size>0xa3</size>
         <input_file_ref idref="fl-3a"/>
      </object_component>
      <object_component id="oc-164">
         <name>ramfuncs</name>
         <load_address>0x31eefb</load_address>
         <run_address>0x8efb</run_address>
         <size>0x8e</size>
         <input_file_ref idref="fl-3b"/>
      </object_component>
      <object_component id="oc-16f">
         <name>ramfuncs</name>
         <load_address>0x31ef89</load_address>
         <run_address>0x8f89</run_address>
         <size>0x8b</size>
         <input_file_ref idref="fl-3d"/>
      </object_component>
      <object_component id="oc-174">
         <name>ramfuncs</name>
         <load_address>0x31f014</load_address>
         <run_address>0x9014</run_address>
         <size>0x88</size>
         <input_file_ref idref="fl-3e"/>
      </object_component>
      <object_component id="oc-152">
         <name>ramfuncs</name>
         <load_address>0x31f09c</load_address>
         <run_address>0x909c</run_address>
         <size>0x7e</size>
         <input_file_ref idref="fl-38"/>
      </object_component>
      <object_component id="oc-186">
         <name>ramfuncs</name>
         <load_address>0x31f11a</load_address>
         <run_address>0x911a</run_address>
         <size>0x6e</size>
         <input_file_ref idref="fl-41"/>
      </object_component>
      <object_component id="oc-1d7">
         <name>ramfuncs</name>
         <load_address>0x31f188</load_address>
         <run_address>0x9188</run_address>
         <size>0x5b</size>
         <input_file_ref idref="fl-14"/>
      </object_component>
      <object_component id="oc-179">
         <name>ramfuncs</name>
         <load_address>0x31f1e3</load_address>
         <run_address>0x91e3</run_address>
         <size>0x42</size>
         <input_file_ref idref="fl-3f"/>
      </object_component>
      <object_component id="oc-146">
         <name>ramfuncs</name>
         <load_address>0x31f225</load_address>
         <run_address>0x9225</run_address>
         <size>0x3c</size>
         <input_file_ref idref="fl-36"/>
      </object_component>
      <object_component id="oc-158">
         <name>ramfuncs</name>
         <load_address>0x31f261</load_address>
         <run_address>0x9261</run_address>
         <size>0x2e</size>
         <input_file_ref idref="fl-39"/>
      </object_component>
      <object_component id="oc-169">
         <name>ramfuncs</name>
         <load_address>0x31f28f</load_address>
         <run_address>0x928f</run_address>
         <size>0x2a</size>
         <input_file_ref idref="fl-3c"/>
      </object_component>
      <object_component id="oc-1df">
         <name>ramfuncs</name>
         <load_address>0x31f2b9</load_address>
         <run_address>0x92b9</run_address>
         <size>0x1b</size>
         <input_file_ref idref="fl-8"/>
      </object_component>
      <object_component id="oc-bc">
         <name>ramfuncs</name>
         <load_address>0x31f2d4</load_address>
         <run_address>0x92d4</run_address>
         <size>0x4</size>
         <input_file_ref idref="fl-11"/>
      </object_component>
      <object_component id="oc-190">
         <name>.stack</name>
         <uninitialized>true</uninitialized>
         <run_address>0x400</run_address>
         <size>0x0</size>
         <input_file_ref idref="fl-48"/>
      </object_component>
      <object_component id="oc-242">
         <name>.stack</name>
         <uninitialized>true</uninitialized>
         <run_address>0x400</run_address>
         <size>0x0</size>
      </object_component>
      <object_component id="oc-d8">
         <name>.ebss</name>
         <uninitialized>true</uninitialized>
         <run_address>0xe650</run_address>
         <size>0x6</size>
         <input_file_ref idref="fl-16"/>
      </object_component>
      <object_component id="oc-10c">
         <name>.ebss</name>
         <uninitialized>true</uninitialized>
         <run_address>0xe65c</run_address>
         <size>0x2</size>
         <input_file_ref idref="fl-21"/>
      </object_component>
      <object_component id="oc-113">
         <name>.ebss</name>
         <uninitialized>true</uninitialized>
         <run_address>0xe680</run_address>
         <size>0x32</size>
         <input_file_ref idref="fl-22"/>
      </object_component>
      <object_component id="oc-124">
         <name>.ebss</name>
         <uninitialized>true</uninitialized>
         <run_address>0xd000</run_address>
         <size>0x1650</size>
         <input_file_ref idref="fl-25"/>
      </object_component>
      <object_component id="oc-12e">
         <name>.ebss</name>
         <uninitialized>true</uninitialized>
         <run_address>0xe65e</run_address>
         <size>0x2</size>
         <input_file_ref idref="fl-27"/>
      </object_component>
      <object_component id="oc-180">
         <name>.ebss</name>
         <uninitialized>true</uninitialized>
         <run_address>0xe660</run_address>
         <size>0x2</size>
         <input_file_ref idref="fl-40"/>
      </object_component>
      <object_component id="oc-1a2">
         <name>.ebss</name>
         <uninitialized>true</uninitialized>
         <run_address>0xe656</run_address>
         <size>0x6</size>
         <input_file_ref idref="fl-4b"/>
      </object_component>
      <object_component id="oc-1e4">
         <name>.ebss:__unlock</name>
         <uninitialized>true</uninitialized>
         <run_address>0xe664</run_address>
         <size>0x2</size>
         <input_file_ref idref="fl-4f"/>
      </object_component>
      <object_component id="oc-1d2">
         <name>.ebss:__lock</name>
         <uninitialized>true</uninitialized>
         <run_address>0xe662</run_address>
         <size>0x2</size>
         <input_file_ref idref="fl-4f"/>
      </object_component>
      <object_component id="oc-1e5">
         <name>.econst:_PieVectTableInit</name>
         <load_address>0x322a7e</load_address>
         <run_address>0x322a7e</run_address>
         <size>0x100</size>
         <input_file_ref idref="fl-d"/>
      </object_component>
      <object_component id="oc-e2">
         <name>FPUmathTables</name>
         <load_address>0x3febdc</load_address>
         <run_address>0x3febdc</run_address>
         <size>0x6a0</size>
         <input_file_ref idref="fl-18"/>
      </object_component>
      <object_component id="oc-125">
         <name>DMARAML4</name>
         <uninitialized>true</uninitialized>
         <run_address>0xc000</run_address>
         <size>0x80</size>
         <input_file_ref idref="fl-25"/>
      </object_component>
      <object_component id="oc-191">
         <name>.reset</name>
         <load_address>0x3fffc0</load_address>
         <run_address>0x3fffc0</run_address>
         <size>0x2</size>
         <input_file_ref idref="fl-48"/>
      </object_component>
      <object_component id="oc-53">
         <name>.adc_cal</name>
         <load_address>0x380080</load_address>
         <run_address>0x380080</run_address>
         <size>0x7</size>
         <input_file_ref idref="fl-2"/>
      </object_component>
      <object_component id="oc-54">
         <name>.debug_info</name>
         <load_address>0x0</load_address>
         <run_address>0x0</run_address>
         <size>0x172</size>
         <input_file_ref idref="fl-2"/>
      </object_component>
      <object_component id="oc-58">
         <name>.debug_info</name>
         <load_address>0x172</load_address>
         <run_address>0x172</run_address>
         <size>0x1fb3</size>
         <input_file_ref idref="fl-3"/>
      </object_component>
      <object_component id="oc-5d">
         <name>.debug_info</name>
         <load_address>0x2125</load_address>
         <run_address>0x2125</run_address>
         <size>0x1b28</size>
         <input_file_ref idref="fl-4"/>
      </object_component>
      <object_component id="oc-62">
         <name>.debug_info</name>
         <load_address>0x3c4d</load_address>
         <run_address>0x3c4d</run_address>
         <size>0x42c2</size>
         <input_file_ref idref="fl-5"/>
      </object_component>
      <object_component id="oc-67">
         <name>.debug_info</name>
         <load_address>0x7f0f</load_address>
         <run_address>0x7f0f</run_address>
         <size>0x2db4</size>
         <input_file_ref idref="fl-6"/>
      </object_component>
      <object_component id="oc-6d">
         <name>.debug_info</name>
         <load_address>0xacc3</load_address>
         <run_address>0xacc3</run_address>
         <size>0x3c4f</size>
         <input_file_ref idref="fl-7"/>
      </object_component>
      <object_component id="oc-72">
         <name>.debug_info</name>
         <load_address>0xe912</load_address>
         <run_address>0xe912</run_address>
         <size>0x98d</size>
         <input_file_ref idref="fl-8"/>
      </object_component>
      <object_component id="oc-77">
         <name>.debug_info</name>
         <load_address>0xf29f</load_address>
         <run_address>0xf29f</run_address>
         <size>0x9c7f</size>
         <input_file_ref idref="fl-9"/>
      </object_component>
      <object_component id="oc-99">
         <name>.debug_info</name>
         <load_address>0x18f1e</load_address>
         <run_address>0x18f1e</run_address>
         <size>0x202d</size>
         <input_file_ref idref="fl-a"/>
      </object_component>
      <object_component id="oc-9e">
         <name>.debug_info</name>
         <load_address>0x1af4b</load_address>
         <run_address>0x1af4b</run_address>
         <size>0x505</size>
         <input_file_ref idref="fl-b"/>
      </object_component>
      <object_component id="oc-a3">
         <name>.debug_info</name>
         <load_address>0x1b450</load_address>
         <run_address>0x1b450</run_address>
         <size>0x1aad</size>
         <input_file_ref idref="fl-c"/>
      </object_component>
      <object_component id="oc-a8">
         <name>.debug_info</name>
         <load_address>0x1cefd</load_address>
         <run_address>0x1cefd</run_address>
         <size>0x2388</size>
         <input_file_ref idref="fl-d"/>
      </object_component>
      <object_component id="oc-ad">
         <name>.debug_info</name>
         <load_address>0x1f285</load_address>
         <run_address>0x1f285</run_address>
         <size>0x6de</size>
         <input_file_ref idref="fl-e"/>
      </object_component>
      <object_component id="oc-b2">
         <name>.debug_info</name>
         <load_address>0x1f963</load_address>
         <run_address>0x1f963</run_address>
         <size>0x100d</size>
         <input_file_ref idref="fl-f"/>
      </object_component>
      <object_component id="oc-b7">
         <name>.debug_info</name>
         <load_address>0x20970</load_address>
         <run_address>0x20970</run_address>
         <size>0x22b5</size>
         <input_file_ref idref="fl-10"/>
      </object_component>
      <object_component id="oc-bd">
         <name>.debug_info</name>
         <load_address>0x22c25</load_address>
         <run_address>0x22c25</run_address>
         <size>0x172</size>
         <input_file_ref idref="fl-11"/>
      </object_component>
      <object_component id="oc-c3">
         <name>.debug_info</name>
         <load_address>0x22d97</load_address>
         <run_address>0x22d97</run_address>
         <size>0x1d2</size>
         <input_file_ref idref="fl-12"/>
      </object_component>
      <object_component id="oc-c7">
         <name>.debug_info</name>
         <load_address>0x22f69</load_address>
         <run_address>0x22f69</run_address>
         <size>0x7b9</size>
         <input_file_ref idref="fl-13"/>
      </object_component>
      <object_component id="oc-cc">
         <name>.debug_info</name>
         <load_address>0x23722</load_address>
         <run_address>0x23722</run_address>
         <size>0x17bf</size>
         <input_file_ref idref="fl-14"/>
      </object_component>
      <object_component id="oc-d1">
         <name>.debug_info</name>
         <load_address>0x24ee1</load_address>
         <run_address>0x24ee1</run_address>
         <size>0xfcf</size>
         <input_file_ref idref="fl-15"/>
      </object_component>
      <object_component id="oc-d6">
         <name>.debug_info</name>
         <load_address>0x25eb0</load_address>
         <run_address>0x25eb0</run_address>
         <size>0x21b4</size>
         <input_file_ref idref="fl-16"/>
      </object_component>
      <object_component id="oc-dd">
         <name>.debug_info</name>
         <load_address>0x28064</load_address>
         <run_address>0x28064</run_address>
         <size>0x3b3f</size>
         <input_file_ref idref="fl-17"/>
      </object_component>
      <object_component id="oc-e4">
         <name>.debug_info</name>
         <load_address>0x2bba3</load_address>
         <run_address>0x2bba3</run_address>
         <size>0x16f</size>
         <input_file_ref idref="fl-19"/>
      </object_component>
      <object_component id="oc-e9">
         <name>.debug_info</name>
         <load_address>0x2bd12</load_address>
         <run_address>0x2bd12</run_address>
         <size>0x16d</size>
         <input_file_ref idref="fl-1a"/>
      </object_component>
      <object_component id="oc-ee">
         <name>.debug_info</name>
         <load_address>0x2be7f</load_address>
         <run_address>0x2be7f</run_address>
         <size>0x16a</size>
         <input_file_ref idref="fl-1b"/>
      </object_component>
      <object_component id="oc-f3">
         <name>.debug_info</name>
         <load_address>0x2bfe9</load_address>
         <run_address>0x2bfe9</run_address>
         <size>0x16a</size>
         <input_file_ref idref="fl-1c"/>
      </object_component>
      <object_component id="oc-f8">
         <name>.debug_info</name>
         <load_address>0x2c153</load_address>
         <run_address>0x2c153</run_address>
         <size>0x16e</size>
         <input_file_ref idref="fl-1d"/>
      </object_component>
      <object_component id="oc-fd">
         <name>.debug_info</name>
         <load_address>0x2c2c1</load_address>
         <run_address>0x2c2c1</run_address>
         <size>0x16a</size>
         <input_file_ref idref="fl-1e"/>
      </object_component>
      <object_component id="oc-102">
         <name>.debug_info</name>
         <load_address>0x2c42b</load_address>
         <run_address>0x2c42b</run_address>
         <size>0x171</size>
         <input_file_ref idref="fl-1f"/>
      </object_component>
      <object_component id="oc-107">
         <name>.debug_info</name>
         <load_address>0x2c59c</load_address>
         <run_address>0x2c59c</run_address>
         <size>0x16c</size>
         <input_file_ref idref="fl-20"/>
      </object_component>
      <object_component id="oc-10b">
         <name>.debug_info</name>
         <load_address>0x2c708</load_address>
         <run_address>0x2c708</run_address>
         <size>0x15c5</size>
         <input_file_ref idref="fl-21"/>
      </object_component>
      <object_component id="oc-111">
         <name>.debug_info</name>
         <load_address>0x2dccd</load_address>
         <run_address>0x2dccd</run_address>
         <size>0xf1f</size>
         <input_file_ref idref="fl-22"/>
      </object_component>
      <object_component id="oc-118">
         <name>.debug_info</name>
         <load_address>0x2ebec</load_address>
         <run_address>0x2ebec</run_address>
         <size>0x2d48</size>
         <input_file_ref idref="fl-23"/>
      </object_component>
      <object_component id="oc-11d">
         <name>.debug_info</name>
         <load_address>0x31934</load_address>
         <run_address>0x31934</run_address>
         <size>0x18a1</size>
         <input_file_ref idref="fl-24"/>
      </object_component>
      <object_component id="oc-122">
         <name>.debug_info</name>
         <load_address>0x331d5</load_address>
         <run_address>0x331d5</run_address>
         <size>0x5ff8</size>
         <input_file_ref idref="fl-25"/>
      </object_component>
      <object_component id="oc-127">
         <name>.debug_info</name>
         <load_address>0x391cd</load_address>
         <run_address>0x391cd</run_address>
         <size>0x38b2</size>
         <input_file_ref idref="fl-26"/>
      </object_component>
      <object_component id="oc-12c">
         <name>.debug_info</name>
         <load_address>0x3ca7f</load_address>
         <run_address>0x3ca7f</run_address>
         <size>0x3f11</size>
         <input_file_ref idref="fl-27"/>
      </object_component>
      <object_component id="oc-134">
         <name>.debug_info</name>
         <load_address>0x40990</load_address>
         <run_address>0x40990</run_address>
         <size>0x42f9</size>
         <input_file_ref idref="fl-28"/>
      </object_component>
      <object_component id="oc-13a">
         <name>.debug_info</name>
         <load_address>0x44c89</load_address>
         <run_address>0x44c89</run_address>
         <size>0x1a11</size>
         <input_file_ref idref="fl-34"/>
      </object_component>
      <object_component id="oc-13f">
         <name>.debug_info</name>
         <load_address>0x4669a</load_address>
         <run_address>0x4669a</run_address>
         <size>0xd34</size>
         <input_file_ref idref="fl-35"/>
      </object_component>
      <object_component id="oc-145">
         <name>.debug_info</name>
         <load_address>0x473ce</load_address>
         <run_address>0x473ce</run_address>
         <size>0x61f</size>
         <input_file_ref idref="fl-36"/>
      </object_component>
      <object_component id="oc-14b">
         <name>.debug_info</name>
         <load_address>0x479ed</load_address>
         <run_address>0x479ed</run_address>
         <size>0x656</size>
         <input_file_ref idref="fl-37"/>
      </object_component>
      <object_component id="oc-151">
         <name>.debug_info</name>
         <load_address>0x48043</load_address>
         <run_address>0x48043</run_address>
         <size>0x6ad</size>
         <input_file_ref idref="fl-38"/>
      </object_component>
      <object_component id="oc-157">
         <name>.debug_info</name>
         <load_address>0x486f0</load_address>
         <run_address>0x486f0</run_address>
         <size>0x61c</size>
         <input_file_ref idref="fl-39"/>
      </object_component>
      <object_component id="oc-15d">
         <name>.debug_info</name>
         <load_address>0x48d0c</load_address>
         <run_address>0x48d0c</run_address>
         <size>0x7dd</size>
         <input_file_ref idref="fl-3a"/>
      </object_component>
      <object_component id="oc-163">
         <name>.debug_info</name>
         <load_address>0x494e9</load_address>
         <run_address>0x494e9</run_address>
         <size>0x799</size>
         <input_file_ref idref="fl-3b"/>
      </object_component>
      <object_component id="oc-168">
         <name>.debug_info</name>
         <load_address>0x49c82</load_address>
         <run_address>0x49c82</run_address>
         <size>0x51a</size>
         <input_file_ref idref="fl-3c"/>
      </object_component>
      <object_component id="oc-16e">
         <name>.debug_info</name>
         <load_address>0x4a19c</load_address>
         <run_address>0x4a19c</run_address>
         <size>0x795</size>
         <input_file_ref idref="fl-3d"/>
      </object_component>
      <object_component id="oc-173">
         <name>.debug_info</name>
         <load_address>0x4a931</load_address>
         <run_address>0x4a931</run_address>
         <size>0x58e</size>
         <input_file_ref idref="fl-3e"/>
      </object_component>
      <object_component id="oc-178">
         <name>.debug_info</name>
         <load_address>0x4aebf</load_address>
         <run_address>0x4aebf</run_address>
         <size>0x581</size>
         <input_file_ref idref="fl-3f"/>
      </object_component>
      <object_component id="oc-17e">
         <name>.debug_info</name>
         <load_address>0x4b440</load_address>
         <run_address>0x4b440</run_address>
         <size>0x96e</size>
         <input_file_ref idref="fl-40"/>
      </object_component>
      <object_component id="oc-185">
         <name>.debug_info</name>
         <load_address>0x4bdae</load_address>
         <run_address>0x4bdae</run_address>
         <size>0x5a0</size>
         <input_file_ref idref="fl-41"/>
      </object_component>
      <object_component id="oc-18b">
         <name>.debug_info</name>
         <load_address>0x4c34e</load_address>
         <run_address>0x4c34e</run_address>
         <size>0x1347</size>
         <input_file_ref idref="fl-42"/>
      </object_component>
      <object_component id="oc-192">
         <name>.debug_info</name>
         <load_address>0x4d695</load_address>
         <run_address>0x4d695</run_address>
         <size>0x187</size>
         <input_file_ref idref="fl-48"/>
      </object_component>
      <object_component id="oc-196">
         <name>.debug_info</name>
         <load_address>0x4d81c</load_address>
         <run_address>0x4d81c</run_address>
         <size>0x643</size>
         <input_file_ref idref="fl-49"/>
      </object_component>
      <object_component id="oc-19c">
         <name>.debug_info</name>
         <load_address>0x4de5f</load_address>
         <run_address>0x4de5f</run_address>
         <size>0x12e</size>
         <input_file_ref idref="fl-4a"/>
      </object_component>
      <object_component id="oc-1a0">
         <name>.debug_info</name>
         <load_address>0x4df8d</load_address>
         <run_address>0x4df8d</run_address>
         <size>0x5c7</size>
         <input_file_ref idref="fl-4b"/>
      </object_component>
      <object_component id="oc-1a8">
         <name>.debug_info</name>
         <load_address>0x4e554</load_address>
         <run_address>0x4e554</run_address>
         <size>0x155</size>
         <input_file_ref idref="fl-4c"/>
      </object_component>
      <object_component id="oc-1ac">
         <name>.debug_info</name>
         <load_address>0x4e6a9</load_address>
         <run_address>0x4e6a9</run_address>
         <size>0x3fe</size>
         <input_file_ref idref="fl-4d"/>
      </object_component>
      <object_component id="oc-1b1">
         <name>.debug_info</name>
         <load_address>0x4eaa7</load_address>
         <run_address>0x4eaa7</run_address>
         <size>0x3fb</size>
         <input_file_ref idref="fl-4e"/>
      </object_component>
      <object_component id="oc-1b6">
         <name>.debug_info</name>
         <load_address>0x4eea2</load_address>
         <run_address>0x4eea2</run_address>
         <size>0x51d</size>
         <input_file_ref idref="fl-4f"/>
      </object_component>
      <object_component id="oc-1bb">
         <name>.debug_info</name>
         <load_address>0x4f3bf</load_address>
         <run_address>0x4f3bf</run_address>
         <size>0x4ea</size>
         <input_file_ref idref="fl-50"/>
      </object_component>
      <object_component id="oc-243">
         <name>.debug_info</name>
         <load_address>0x4f8a9</load_address>
         <run_address>0x4f8a9</run_address>
         <size>0xfd</size>
      </object_component>
      <object_component id="oc-55">
         <name>.debug_line</name>
         <load_address>0x0</load_address>
         <run_address>0x0</run_address>
         <size>0x60</size>
         <input_file_ref idref="fl-2"/>
      </object_component>
      <object_component id="oc-5a">
         <name>.debug_line</name>
         <load_address>0x60</load_address>
         <run_address>0x60</run_address>
         <size>0x92</size>
         <input_file_ref idref="fl-3"/>
      </object_component>
      <object_component id="oc-5f">
         <name>.debug_line</name>
         <load_address>0xf2</load_address>
         <run_address>0xf2</run_address>
         <size>0x123</size>
         <input_file_ref idref="fl-4"/>
      </object_component>
      <object_component id="oc-64">
         <name>.debug_line</name>
         <load_address>0x215</load_address>
         <run_address>0x215</run_address>
         <size>0x51c</size>
         <input_file_ref idref="fl-5"/>
      </object_component>
      <object_component id="oc-6a">
         <name>.debug_line</name>
         <load_address>0x731</load_address>
         <run_address>0x731</run_address>
         <size>0x734</size>
         <input_file_ref idref="fl-6"/>
      </object_component>
      <object_component id="oc-6f">
         <name>.debug_line</name>
         <load_address>0xe65</load_address>
         <run_address>0xe65</run_address>
         <size>0x4a</size>
         <input_file_ref idref="fl-7"/>
      </object_component>
      <object_component id="oc-74">
         <name>.debug_line</name>
         <load_address>0xeaf</load_address>
         <run_address>0xeaf</run_address>
         <size>0x69</size>
         <input_file_ref idref="fl-8"/>
      </object_component>
      <object_component id="oc-9b">
         <name>.debug_line</name>
         <load_address>0xf18</load_address>
         <run_address>0xf18</run_address>
         <size>0x8a</size>
         <input_file_ref idref="fl-a"/>
      </object_component>
      <object_component id="oc-a0">
         <name>.debug_line</name>
         <load_address>0xfa2</load_address>
         <run_address>0xfa2</run_address>
         <size>0x6e</size>
         <input_file_ref idref="fl-b"/>
      </object_component>
      <object_component id="oc-a5">
         <name>.debug_line</name>
         <load_address>0x1010</load_address>
         <run_address>0x1010</run_address>
         <size>0xa8</size>
         <input_file_ref idref="fl-c"/>
      </object_component>
      <object_component id="oc-aa">
         <name>.debug_line</name>
         <load_address>0x10b8</load_address>
         <run_address>0x10b8</run_address>
         <size>0x7f</size>
         <input_file_ref idref="fl-d"/>
      </object_component>
      <object_component id="oc-af">
         <name>.debug_line</name>
         <load_address>0x1137</load_address>
         <run_address>0x1137</run_address>
         <size>0x6f</size>
         <input_file_ref idref="fl-e"/>
      </object_component>
      <object_component id="oc-b4">
         <name>.debug_line</name>
         <load_address>0x11a6</load_address>
         <run_address>0x11a6</run_address>
         <size>0x66</size>
         <input_file_ref idref="fl-f"/>
      </object_component>
      <object_component id="oc-b9">
         <name>.debug_line</name>
         <load_address>0x120c</load_address>
         <run_address>0x120c</run_address>
         <size>0xc7</size>
         <input_file_ref idref="fl-10"/>
      </object_component>
      <object_component id="oc-be">
         <name>.debug_line</name>
         <load_address>0x12d3</load_address>
         <run_address>0x12d3</run_address>
         <size>0x5f</size>
         <input_file_ref idref="fl-11"/>
      </object_component>
      <object_component id="oc-c4">
         <name>.debug_line</name>
         <load_address>0x1332</load_address>
         <run_address>0x1332</run_address>
         <size>0x7e</size>
         <input_file_ref idref="fl-12"/>
      </object_component>
      <object_component id="oc-c9">
         <name>.debug_line</name>
         <load_address>0x13b0</load_address>
         <run_address>0x13b0</run_address>
         <size>0xb2</size>
         <input_file_ref idref="fl-13"/>
      </object_component>
      <object_component id="oc-ce">
         <name>.debug_line</name>
         <load_address>0x1462</load_address>
         <run_address>0x1462</run_address>
         <size>0xe9</size>
         <input_file_ref idref="fl-14"/>
      </object_component>
      <object_component id="oc-d3">
         <name>.debug_line</name>
         <load_address>0x154b</load_address>
         <run_address>0x154b</run_address>
         <size>0x10f</size>
         <input_file_ref idref="fl-15"/>
      </object_component>
      <object_component id="oc-da">
         <name>.debug_line</name>
         <load_address>0x165a</load_address>
         <run_address>0x165a</run_address>
         <size>0x1df</size>
         <input_file_ref idref="fl-16"/>
      </object_component>
      <object_component id="oc-df">
         <name>.debug_line</name>
         <load_address>0x1839</load_address>
         <run_address>0x1839</run_address>
         <size>0x386</size>
         <input_file_ref idref="fl-17"/>
      </object_component>
      <object_component id="oc-e5">
         <name>.debug_line</name>
         <load_address>0x1bbf</load_address>
         <run_address>0x1bbf</run_address>
         <size>0x87</size>
         <input_file_ref idref="fl-19"/>
      </object_component>
      <object_component id="oc-ea">
         <name>.debug_line</name>
         <load_address>0x1c46</load_address>
         <run_address>0x1c46</run_address>
         <size>0x84</size>
         <input_file_ref idref="fl-1a"/>
      </object_component>
      <object_component id="oc-ef">
         <name>.debug_line</name>
         <load_address>0x1cca</load_address>
         <run_address>0x1cca</run_address>
         <size>0x76</size>
         <input_file_ref idref="fl-1b"/>
      </object_component>
      <object_component id="oc-f4">
         <name>.debug_line</name>
         <load_address>0x1d40</load_address>
         <run_address>0x1d40</run_address>
         <size>0x68</size>
         <input_file_ref idref="fl-1c"/>
      </object_component>
      <object_component id="oc-f9">
         <name>.debug_line</name>
         <load_address>0x1da8</load_address>
         <run_address>0x1da8</run_address>
         <size>0x6c</size>
         <input_file_ref idref="fl-1d"/>
      </object_component>
      <object_component id="oc-fe">
         <name>.debug_line</name>
         <load_address>0x1e14</load_address>
         <run_address>0x1e14</run_address>
         <size>0x76</size>
         <input_file_ref idref="fl-1e"/>
      </object_component>
      <object_component id="oc-103">
         <name>.debug_line</name>
         <load_address>0x1e8a</load_address>
         <run_address>0x1e8a</run_address>
         <size>0x7e</size>
         <input_file_ref idref="fl-1f"/>
      </object_component>
      <object_component id="oc-108">
         <name>.debug_line</name>
         <load_address>0x1f08</load_address>
         <run_address>0x1f08</run_address>
         <size>0x6e</size>
         <input_file_ref idref="fl-20"/>
      </object_component>
      <object_component id="oc-10e">
         <name>.debug_line</name>
         <load_address>0x1f76</load_address>
         <run_address>0x1f76</run_address>
         <size>0x40f</size>
         <input_file_ref idref="fl-21"/>
      </object_component>
      <object_component id="oc-115">
         <name>.debug_line</name>
         <load_address>0x2385</load_address>
         <run_address>0x2385</run_address>
         <size>0x73</size>
         <input_file_ref idref="fl-22"/>
      </object_component>
      <object_component id="oc-11a">
         <name>.debug_line</name>
         <load_address>0x23f8</load_address>
         <run_address>0x23f8</run_address>
         <size>0x201</size>
         <input_file_ref idref="fl-23"/>
      </object_component>
      <object_component id="oc-11f">
         <name>.debug_line</name>
         <load_address>0x25f9</load_address>
         <run_address>0x25f9</run_address>
         <size>0x78</size>
         <input_file_ref idref="fl-24"/>
      </object_component>
      <object_component id="oc-129">
         <name>.debug_line</name>
         <load_address>0x2671</load_address>
         <run_address>0x2671</run_address>
         <size>0x3eb</size>
         <input_file_ref idref="fl-26"/>
      </object_component>
      <object_component id="oc-131">
         <name>.debug_line</name>
         <load_address>0x2a5c</load_address>
         <run_address>0x2a5c</run_address>
         <size>0x1b7</size>
         <input_file_ref idref="fl-27"/>
      </object_component>
      <object_component id="oc-136">
         <name>.debug_line</name>
         <load_address>0x2c13</load_address>
         <run_address>0x2c13</run_address>
         <size>0xb1</size>
         <input_file_ref idref="fl-28"/>
      </object_component>
      <object_component id="oc-13c">
         <name>.debug_line</name>
         <load_address>0x2cc4</load_address>
         <run_address>0x2cc4</run_address>
         <size>0x1d0</size>
         <input_file_ref idref="fl-34"/>
      </object_component>
      <object_component id="oc-142">
         <name>.debug_line</name>
         <load_address>0x2e94</load_address>
         <run_address>0x2e94</run_address>
         <size>0xb2</size>
         <input_file_ref idref="fl-35"/>
      </object_component>
      <object_component id="oc-148">
         <name>.debug_line</name>
         <load_address>0x2f46</load_address>
         <run_address>0x2f46</run_address>
         <size>0x5f</size>
         <input_file_ref idref="fl-36"/>
      </object_component>
      <object_component id="oc-14e">
         <name>.debug_line</name>
         <load_address>0x2fa5</load_address>
         <run_address>0x2fa5</run_address>
         <size>0x9d</size>
         <input_file_ref idref="fl-37"/>
      </object_component>
      <object_component id="oc-154">
         <name>.debug_line</name>
         <load_address>0x3042</load_address>
         <run_address>0x3042</run_address>
         <size>0x84</size>
         <input_file_ref idref="fl-38"/>
      </object_component>
      <object_component id="oc-15a">
         <name>.debug_line</name>
         <load_address>0x30c6</load_address>
         <run_address>0x30c6</run_address>
         <size>0x67</size>
         <input_file_ref idref="fl-39"/>
      </object_component>
      <object_component id="oc-160">
         <name>.debug_line</name>
         <load_address>0x312d</load_address>
         <run_address>0x312d</run_address>
         <size>0xbb</size>
         <input_file_ref idref="fl-3a"/>
      </object_component>
      <object_component id="oc-166">
         <name>.debug_line</name>
         <load_address>0x31e8</load_address>
         <run_address>0x31e8</run_address>
         <size>0x77</size>
         <input_file_ref idref="fl-3b"/>
      </object_component>
      <object_component id="oc-16b">
         <name>.debug_line</name>
         <load_address>0x325f</load_address>
         <run_address>0x325f</run_address>
         <size>0x3f</size>
         <input_file_ref idref="fl-3c"/>
      </object_component>
      <object_component id="oc-171">
         <name>.debug_line</name>
         <load_address>0x329e</load_address>
         <run_address>0x329e</run_address>
         <size>0x82</size>
         <input_file_ref idref="fl-3d"/>
      </object_component>
      <object_component id="oc-176">
         <name>.debug_line</name>
         <load_address>0x3320</load_address>
         <run_address>0x3320</run_address>
         <size>0x56</size>
         <input_file_ref idref="fl-3e"/>
      </object_component>
      <object_component id="oc-17b">
         <name>.debug_line</name>
         <load_address>0x3376</load_address>
         <run_address>0x3376</run_address>
         <size>0x3c</size>
         <input_file_ref idref="fl-3f"/>
      </object_component>
      <object_component id="oc-183">
         <name>.debug_line</name>
         <load_address>0x33b2</load_address>
         <run_address>0x33b2</run_address>
         <size>0xf2</size>
         <input_file_ref idref="fl-40"/>
      </object_component>
      <object_component id="oc-188">
         <name>.debug_line</name>
         <load_address>0x34a4</load_address>
         <run_address>0x34a4</run_address>
         <size>0x58</size>
         <input_file_ref idref="fl-41"/>
      </object_component>
      <object_component id="oc-18e">
         <name>.debug_line</name>
         <load_address>0x34fc</load_address>
         <run_address>0x34fc</run_address>
         <size>0x119</size>
         <input_file_ref idref="fl-42"/>
      </object_component>
      <object_component id="oc-193">
         <name>.debug_line</name>
         <load_address>0x3615</load_address>
         <run_address>0x3615</run_address>
         <size>0x7e</size>
         <input_file_ref idref="fl-48"/>
      </object_component>
      <object_component id="oc-198">
         <name>.debug_line</name>
         <load_address>0x3693</load_address>
         <run_address>0x3693</run_address>
         <size>0x6a</size>
         <input_file_ref idref="fl-49"/>
      </object_component>
      <object_component id="oc-19d">
         <name>.debug_line</name>
         <load_address>0x36fd</load_address>
         <run_address>0x36fd</run_address>
         <size>0x50</size>
         <input_file_ref idref="fl-4a"/>
      </object_component>
      <object_component id="oc-1a4">
         <name>.debug_line</name>
         <load_address>0x374d</load_address>
         <run_address>0x374d</run_address>
         <size>0x65</size>
         <input_file_ref idref="fl-4b"/>
      </object_component>
      <object_component id="oc-1a9">
         <name>.debug_line</name>
         <load_address>0x37b2</load_address>
         <run_address>0x37b2</run_address>
         <size>0x69</size>
         <input_file_ref idref="fl-4c"/>
      </object_component>
      <object_component id="oc-1ae">
         <name>.debug_line</name>
         <load_address>0x381b</load_address>
         <run_address>0x381b</run_address>
         <size>0x3e</size>
         <input_file_ref idref="fl-4d"/>
      </object_component>
      <object_component id="oc-1b3">
         <name>.debug_line</name>
         <load_address>0x3859</load_address>
         <run_address>0x3859</run_address>
         <size>0x3a</size>
         <input_file_ref idref="fl-4e"/>
      </object_component>
      <object_component id="oc-1b8">
         <name>.debug_line</name>
         <load_address>0x3893</load_address>
         <run_address>0x3893</run_address>
         <size>0x5e</size>
         <input_file_ref idref="fl-4f"/>
      </object_component>
      <object_component id="oc-1bd">
         <name>.debug_line</name>
         <load_address>0x38f1</load_address>
         <run_address>0x38f1</run_address>
         <size>0x55</size>
         <input_file_ref idref="fl-50"/>
      </object_component>
      <object_component id="oc-56">
         <name>.debug_abbrev</name>
         <load_address>0x0</load_address>
         <run_address>0x0</run_address>
         <size>0x2f</size>
         <input_file_ref idref="fl-2"/>
      </object_component>
      <object_component id="oc-5b">
         <name>.debug_abbrev</name>
         <load_address>0x2f</load_address>
         <run_address>0x2f</run_address>
         <size>0xdc</size>
         <input_file_ref idref="fl-3"/>
      </object_component>
      <object_component id="oc-60">
         <name>.debug_abbrev</name>
[...]
      </symbol>
      <symbol id="sm-4df">
         <name>_HMIBuffer</name>
         <value>0xde80</value>
         <object_component_ref idref="oc-124"/>
      </symbol>
      <symbol id="sm-4e0">
         <name>_DSPFaultCodeReg</name>
         <value>0xd003</value>
         <object_component_ref idref="oc-124"/>
      </symbol>
      <symbol id="sm-4e1">
         <name>_CurPhr_clarke</name>
         <value>0xd0e4</value>
         <object_component_ref idref="oc-124"/>
      </symbol>
      <symbol id="sm-4e2">
         <name>_ErFilter1_Alpha</name>
         <value>0xd298</value>
         <object_component_ref idref="oc-124"/>
      </symbol>
      <symbol id="sm-4e3">
         <name>_DMADest1</name>
         <value>0xd012</value>
         <object_component_ref idref="oc-124"/>
      </symbol>
      <symbol id="sm-4e4">
         <name>_SysCtlParameter</name>
         <value>0xd007</value>
         <object_component_ref idref="oc-124"/>
      </symbol>
      <symbol id="sm-4e5">
         <name>_Interg_phsBeta</name>
         <value>0xd196</value>
         <object_component_ref idref="oc-124"/>
      </symbol>
      <symbol id="sm-4e6">
         <name>_VolPhr_clarke</name>
         <value>0xd066</value>
         <object_component_ref idref="oc-124"/>
      </symbol>
      <symbol id="sm-4e7">
         <name>_DAOut</name>
         <value>0xd026</value>
         <object_component_ref idref="oc-124"/>
      </symbol>
      <symbol id="sm-4e8">
         <name>_SysSamScaParameter</name>
         <value>0xd5c0</value>
         <object_component_ref idref="oc-124"/>
      </symbol>
      <symbol id="sm-4e9">
         <name>_DMABuf1</name>
         <value>0xc000</value>
         <object_component_ref idref="oc-125"/>
      </symbol>
      <symbol id="sm-4ea">
         <name>_SysMoore</name>
         <value>0xd022</value>
         <object_component_ref idref="oc-124"/>
      </symbol>
      <symbol id="sm-4eb">
         <name>_SysCtlReg</name>
         <value>0xd002</value>
         <object_component_ref idref="oc-124"/>
      </symbol>
      <symbol id="sm-4ec">
         <name>_SysConTest</name>
         <value>0xd040</value>
         <object_component_ref idref="oc-124"/>
      </symbol>
      <symbol id="sm-4ed">
         <name>_pWaveParamStart</name>
         <value>0xd018</value>
         <object_component_ref idref="oc-124"/>
      </symbol>
      <symbol id="sm-4ee">
         <name>_DMASource1</name>
         <value>0xd00c</value>
         <object_component_ref idref="oc-124"/>
      </symbol>
      <symbol id="sm-4ef">
         <name>_LPF_W</name>
         <value>0xd200</value>
         <object_component_ref idref="oc-124"/>
      </symbol>
      <symbol id="sm-4f0">
         <name>_Interg_Deta</name>
         <value>0xd156</value>
         <object_component_ref idref="oc-124"/>
      </symbol>
      <symbol id="sm-4f1">
         <name>_Interg_Vector</name>
         <value>0xd180</value>
         <object_component_ref idref="oc-124"/>
      </symbol>
      <symbol id="sm-4f2">
         <name>_CurrentControl_T</name>
         <value>0xd4c0</value>
         <object_component_ref idref="oc-124"/>
      </symbol>
      <symbol id="sm-4f3">
         <name>_Ratelimit</name>
         <value>0xd100</value>
         <object_component_ref idref="oc-124"/>
      </symbol>
      <symbol id="sm-4f4">
         <name>_CurrentControl_M</name>
         <value>0xd580</value>
         <object_component_ref idref="oc-124"/>
      </symbol>
      <symbol id="sm-4f5">
         <name>_uInterCount</name>
         <value>0xd001</value>
         <object_component_ref idref="oc-124"/>
      </symbol>
      <symbol id="sm-4f6">
         <name>_SpeedTestPI_CurVol</name>
         <value>0xd480</value>
         <object_component_ref idref="oc-124"/>
      </symbol>
      <symbol id="sm-4f7">
         <name>_Interg_PhrVolAlpha</name>
         <value>0xd1c0</value>
         <object_component_ref idref="oc-124"/>
      </symbol>
      <symbol id="sm-4f8">
         <name>_Interg_phsAlpha</name>
         <value>0xd128</value>
         <object_component_ref idref="oc-124"/>
      </symbol>
      <symbol id="sm-4f9">
         <name>_uDirCountMax</name>
         <value>0xd005</value>
         <object_component_ref idref="oc-124"/>
      </symbol>
      <symbol id="sm-4fa">
         <name>_SysSampOffset</name>
         <value>0xd680</value>
         <object_component_ref idref="oc-124"/>
      </symbol>
      <symbol id="sm-4fb">
         <name>_SpeedControl</name>
         <value>0xd540</value>
         <object_component_ref idref="oc-124"/>
      </symbol>
      <symbol id="sm-4fc">
         <name>_SysErrIndexReg</name>
         <value>0xd004</value>
         <object_component_ref idref="oc-124"/>
      </symbol>
      <symbol id="sm-4fd">
         <name>_ScopeDATAUpLoad</name>
         <value>0xd00a</value>
         <object_component_ref idref="oc-124"/>
      </symbol>
      <symbol id="sm-4fe">
         <name>_Cur_clarke</name>
         <value>0xd0a4</value>
         <object_component_ref idref="oc-124"/>
      </symbol>
      <symbol id="sm-4ff">
         <name>_SysVoltBase</name>
         <value>0xd0c0</value>
         <object_component_ref idref="oc-124"/>
      </symbol>
      <symbol id="sm-500">
         <name>_uDirCount</name>
         <value>0xd006</value>
         <object_component_ref idref="oc-124"/>
      </symbol>
      <symbol id="sm-501">
         <name>_ExcitingCurrent</name>
         <value>0xd258</value>
         <object_component_ref idref="oc-124"/>
      </symbol>
      <symbol id="sm-502">
         <name>_CurrentFilter_D</name>
         <value>0xd280</value>
         <object_component_ref idref="oc-124"/>
      </symbol>
      <symbol id="sm-503">
         <name>_CurrentFilter_Q</name>
         <value>0xd2c0</value>
         <object_component_ref idref="oc-124"/>
      </symbol>
      <symbol id="sm-504">
         <name>_Interg_PhrVolBeta</name>
         <value>0xd1d6</value>
         <object_component_ref idref="oc-124"/>
      </symbol>
      <symbol id="sm-505">
         <name>_sInComm</name>
         <value>0xd940</value>
         <object_component_ref idref="oc-124"/>
      </symbol>
      <symbol id="sm-59d">
         <name>_fnSystemReadyParam</name>
         <value>0x31f929</value>
         <object_component_ref idref="oc-1c5"/>
      </symbol>
      <symbol id="sm-59e">
         <name>_fnSysHMICommInit</name>
         <value>0x31fab2</value>
         <object_component_ref idref="oc-1c5"/>
      </symbol>
      <symbol id="sm-59f">
         <name>_fnSysParamterRef</name>
         <value>0x31fa0a</value>
         <object_component_ref idref="oc-1c5"/>
      </symbol>
      <symbol id="sm-5a0">
         <name>_fnSysMooreCal</name>
         <value>0x31f2e2</value>
         <object_component_ref idref="oc-1c5"/>
      </symbol>
      <symbol id="sm-5a1">
         <name>_fnVarCopyToRam</name>
         <value>0x31fa4c</value>
         <object_component_ref idref="oc-1c5"/>
      </symbol>
      <symbol id="sm-5a2">
         <name>_fnSystemResetParam</name>
         <value>0x31f91c</value>
         <object_component_ref idref="oc-1c5"/>
      </symbol>
      <symbol id="sm-5a3">
         <name>_fnSystemInitParam</name>
         <value>0x31f8eb</value>
         <object_component_ref idref="oc-1c5"/>
      </symbol>
      <symbol id="sm-5a4">
         <name>_fnSystemRUNParam</name>
         <value>0x31f9c4</value>
         <object_component_ref idref="oc-1c5"/>
      </symbol>
      <symbol id="sm-5a5">
         <name>_fnSysRatedParameter</name>
         <value>0x31fa63</value>
         <object_component_ref idref="oc-1c5"/>
      </symbol>
      <symbol id="sm-5a6">
         <name>_fnSysFaultReset</name>
         <value>0x31f2d8</value>
         <object_component_ref idref="oc-1c5"/>
      </symbol>
      <symbol id="sm-5c8">
         <name>_local_DINTCH1_ISR</name>
         <value>0x3215d9</value>
         <object_component_ref idref="oc-12f"/>
      </symbol>
      <symbol id="sm-5c9">
         <name>_epwm4_isr</name>
         <value>0x321629</value>
         <object_component_ref idref="oc-12f"/>
      </symbol>
      <symbol id="sm-5ca">
         <name>_epwm2_isr</name>
         <value>0x3215ff</value>
         <object_component_ref idref="oc-12f"/>
      </symbol>
      <symbol id="sm-5cb">
         <name>_epwm3_isr</name>
         <value>0x321614</value>
         <object_component_ref idref="oc-12f"/>
      </symbol>
      <symbol id="sm-5cc">
         <name>_fTimeCount</name>
         <value>0xe65e</value>
         <object_component_ref idref="oc-12e"/>
      </symbol>
      <symbol id="sm-5cd">
         <name>_epwm1_isr</name>
         <value>0x3215ea</value>
         <object_component_ref idref="oc-12f"/>
      </symbol>
      <symbol id="sm-5ce">
         <name>_DATAPeriodARMtoDSP</name>
         <value>0x321cdf</value>
         <object_component_ref idref="oc-1cf"/>
      </symbol>
      <symbol id="sm-5cf">
         <name>_SysCurProtect</name>
         <value>0x321cec</value>
         <object_component_ref idref="oc-1cf"/>
      </symbol>
      <symbol id="sm-5d0">
         <name>_SysCtl_ISR</name>
         <value>0x32152c</value>
         <object_component_ref idref="oc-12f"/>
      </symbol>
      <symbol id="sm-5d1">
         <name>_DATAPeriodDSPtoARM</name>
         <value>0x321cb7</value>
         <object_component_ref idref="oc-1cf"/>
      </symbol>
      <symbol id="sm-5df">
         <name>_main</name>
         <value>0x321bd1</value>
         <object_component_ref idref="oc-1d1"/>
      </symbol>
      <symbol id="sm-5e0">
         <name>_ENABLE_PWM</name>
         <value>0x321ba9</value>
         <object_component_ref idref="oc-1d1"/>
      </symbol>
      <symbol id="sm-5e1">
         <name>_DISABLE_PWM</name>
         <value>0x321b81</value>
         <object_component_ref idref="oc-1d1"/>
      </symbol>
      <symbol id="sm-5fb">
         <name>_fnSpdest_calc</name>
         <value>0x31facf</value>
         <object_component_ref idref="oc-139"/>
      </symbol>
      <symbol id="sm-5fc">
         <name>_fnSpdest_init</name>
         <value>0x31fec6</value>
         <object_component_ref idref="oc-139"/>
      </symbol>
      <symbol id="sm-611">
         <name>_fnExcur_reset</name>
         <value>0x322207</value>
         <object_component_ref idref="oc-13e"/>
      </symbol>
      <symbol id="sm-612">
         <name>_fnExcur_calc</name>
         <value>0x8b92</value>
         <object_component_ref idref="oc-140"/>
      </symbol>
      <symbol id="sm-621">
         <name>_fnSlipset_Calc</name>
         <value>0x9225</value>
         <object_component_ref idref="oc-146"/>
      </symbol>
      <symbol id="sm-622">
         <name>_fnSlipset_Inti</name>
         <value>0x32221e</value>
         <object_component_ref idref="oc-144"/>
      </symbol>
      <symbol id="sm-639">
         <name>_fnSppiReset</name>
         <value>0x32226f</value>
         <object_component_ref idref="oc-14a"/>
      </symbol>
      <symbol id="sm-63a">
         <name>_fnSppiCalc</name>
         <value>0x8cc3</value>
         <object_component_ref idref="oc-14c"/>
      </symbol>
      <symbol id="sm-64c">
         <name>_fnClarkeInit</name>
         <value>0x322299</value>
         <object_component_ref idref="oc-150"/>
      </symbol>
      <symbol id="sm-64d">
         <name>_fnClarkeReset</name>
         <value>0x322295</value>
         <object_component_ref idref="oc-150"/>
      </symbol>
      <symbol id="sm-64e">
         <name>_fnClarkeCalc</name>
         <value>0x909c</value>
         <object_component_ref idref="oc-152"/>
      </symbol>
      <symbol id="sm-65b">
         <name>_fnParkInit</name>
         <value>0x3222a1</value>
         <object_component_ref idref="oc-156"/>
      </symbol>
      <symbol id="sm-65c">
         <name>_fnParkReset</name>
         <value>0x32229d</value>
         <object_component_ref idref="oc-156"/>
      </symbol>
      <symbol id="sm-65d">
         <name>_fnParkCalc</name>
         <value>0x9261</value>
         <object_component_ref idref="oc-158"/>
      </symbol>
      <symbol id="sm-674">
         <name>_fnPiCalc</name>
         <value>0x8e58</value>
         <object_component_ref idref="oc-15e"/>
      </symbol>
      <symbol id="sm-675">
         <name>_fnPiInit</name>
         <value>0x321f91</value>
         <object_component_ref idref="oc-15c"/>
      </symbol>
      <symbol id="sm-676">
         <name>_fnPiReset</name>
         <value>0x321f7b</value>
         <object_component_ref idref="oc-15c"/>
      </symbol>
      <symbol id="sm-683">
         <name>_fnCalFilter1order</name>
         <value>0x8f56</value>
         <object_component_ref idref="oc-164"/>
      </symbol>
      <symbol id="sm-684">
         <name>_fnIniFilter1order</name>
         <value>0x8efb</value>
         <object_component_ref idref="oc-164"/>
      </symbol>
      <symbol id="sm-685">
         <name>_fnResFilter1order</name>
         <value>0x32225c</value>
         <object_component_ref idref="oc-162"/>
      </symbol>
      <symbol id="sm-690">
         <name>_fnIclarke_Calc</name>
         <value>0x928f</value>
         <object_component_ref idref="oc-169"/>
      </symbol>
      <symbol id="sm-69d">
         <name>_fnIniInertia1order</name>
         <value>0x8f89</value>
         <object_component_ref idref="oc-16f"/>
      </symbol>
      <symbol id="sm-69e">
         <name>_fnCalInertia1order</name>
         <value>0x8fe0</value>
         <object_component_ref idref="oc-16f"/>
      </symbol>
      <symbol id="sm-69f">
         <name>_fnResInertia1order</name>
         <value>0x322235</value>
         <object_component_ref idref="oc-16d"/>
      </symbol>
      <symbol id="sm-6ae">
         <name>_fnInterg_Calc</name>
         <value>0x9014</value>
         <object_component_ref idref="oc-174"/>
      </symbol>
      <symbol id="sm-6b9">
         <name>_fnIpark_calc</name>
         <value>0x91e3</value>
         <object_component_ref idref="oc-179"/>
      </symbol>
      <symbol id="sm-6d3">
         <name>_fnLpf_Pll_Calc</name>
         <value>0x8db1</value>
         <object_component_ref idref="oc-181"/>
      </symbol>
      <symbol id="sm-6d4">
         <name>_fnLpf_Pll_Init</name>
         <value>0x32204c</value>
         <object_component_ref idref="oc-17d"/>
      </symbol>
      <symbol id="sm-6d5">
         <name>_fnLpf_Pll_Init3</name>
         <value>0x32207f</value>
         <object_component_ref idref="oc-17d"/>
      </symbol>
      <symbol id="sm-6d6">
         <name>_fnLpf_Pll_Init2</name>
         <value>0x322063</value>
         <object_component_ref idref="oc-17d"/>
      </symbol>
      <symbol id="sm-6d7">
         <name>_Sumcount</name>
         <value>0xe660</value>
         <object_component_ref idref="oc-180"/>
      </symbol>
      <symbol id="sm-6d8">
         <name>_fnLpf_Pll_Calc3</name>
         <value>0x8e2c</value>
         <object_component_ref idref="oc-181"/>
      </symbol>
      <symbol id="sm-6d9">
         <name>_fnLpf_Pll_Calc2</name>
         <value>0x8df0</value>
         <object_component_ref idref="oc-181"/>
      </symbol>
      <symbol id="sm-6e8">
         <name>_fnRatelimit_Calc</name>
         <value>0x911a</value>
         <object_component_ref idref="oc-186"/>
      </symbol>
      <symbol id="sm-700">
         <name>_fnVector_st_Init</name>
         <value>0x3219f7</value>
         <object_component_ref idref="oc-18a"/>
      </symbol>
      <symbol id="sm-701">
         <name>_fnVector_st_Calc</name>
         <value>0x8449</value>
         <object_component_ref idref="oc-18c"/>
      </symbol>
      <symbol id="sm-71c">
         <name>_c_int00</name>
         <value>0x321d9d</value>
         <object_component_ref idref="oc-52"/>
      </symbol>
      <symbol id="sm-71d">
         <name>__stack</name>
         <value>0x400</value>
         <object_component_ref idref="oc-190"/>
      </symbol>
      <symbol id="sm-733">
         <name>_copy_in</name>
         <value>0x321fc3</value>
         <object_component_ref idref="oc-1c1"/>
      </symbol>
      <symbol id="sm-742">
         <name>_ppcopy</name>
         <value>0x3221bb</value>
         <object_component_ref idref="oc-19b"/>
      </symbol>
      <symbol id="sm-743">
         <name>_dpcopy</name>
         <value>0x3221bb</value>
         <object_component_ref idref="oc-19b"/>
      </symbol>
      <symbol id="sm-744">
         <name>_pdcopy</name>
         <value>0x3221bb</value>
         <object_component_ref idref="oc-19b"/>
      </symbol>
      <symbol id="sm-745">
         <name>_ddcopy</name>
         <value>0x3221bb</value>
         <object_component_ref idref="oc-19b"/>
      </symbol>
      <symbol id="sm-75a">
         <name>C$$EXIT</name>
         <value>0x3220f5</value>
         <object_component_ref idref="oc-1c4"/>
      </symbol>
      <symbol id="sm-75b">
         <name>_exit</name>
         <value>0x3220f7</value>
         <object_component_ref idref="oc-1c4"/>
      </symbol>
      <symbol id="sm-75c">
         <name>___TI_cleanup_ptr</name>
         <value>0xe658</value>
         <object_component_ref idref="oc-1a2"/>
      </symbol>
      <symbol id="sm-75d">
         <name>___TI_enable_exit_profile_output</name>
         <value>0xe656</value>
         <object_component_ref idref="oc-1a2"/>
      </symbol>
      <symbol id="sm-75e">
         <name>_abort</name>
         <value>0x3220f5</value>
         <object_component_ref idref="oc-1c4"/>
      </symbol>
      <symbol id="sm-75f">
         <name>___TI_dtors_ptr</name>
         <value>0xe65a</value>
         <object_component_ref idref="oc-1a2"/>
      </symbol>
      <symbol id="sm-76d">
         <name>I$$MOD</name>
         <value>0x32212f</value>
         <object_component_ref idref="oc-1a7"/>
      </symbol>
      <symbol id="sm-76e">
         <name>I$$DIV</name>
         <value>0x32211e</value>
         <object_component_ref idref="oc-1a7"/>
      </symbol>
      <symbol id="sm-77b">
         <name>__system_pre_init</name>
         <value>0x3222a5</value>
         <object_component_ref idref="oc-1c0"/>
      </symbol>
      <symbol id="sm-788">
         <name>__system_post_cinit</name>
         <value>0x3222a7</value>
         <object_component_ref idref="oc-1c2"/>
      </symbol>
      <symbol id="sm-79d">
         <name>__unlock</name>
         <value>0xe664</value>
         <object_component_ref idref="oc-1e4"/>
      </symbol>
      <symbol id="sm-79e">
         <name>__lock</name>
         <value>0xe662</value>
         <object_component_ref idref="oc-1d2"/>
      </symbol>
      <symbol id="sm-79f">
         <name>__register_lock</name>
         <value>0x322280</value>
         <object_component_ref idref="oc-1db"/>
      </symbol>
      <symbol id="sm-7a0">
         <name>__nop</name>
         <value>0x322284</value>
         <object_component_ref idref="oc-1db"/>
      </symbol>
      <symbol id="sm-7a1">
         <name>__register_unlock</name>
         <value>0x32227c</value>
         <object_component_ref idref="oc-1db"/>
      </symbol>
      <symbol id="sm-7b1">
         <name>__args_main</name>
         <value>0x3221ee</value>
         <object_component_ref idref="oc-1c3"/>
      </symbol>
   </symbol_table>
   <title>Link successful</title>
</link_info>
