******************************************************************************
             TMS320C2000 Linker PC v15.12.1                    
******************************************************************************
>> Linked Wed Dec 27 17:15:48 2017

OUTPUT FILE NAME:   <LVControl.out>
ENTRY POINT SYMBOL: "_c_int00"  address: 00321d9d


MEMORY CONFIGURATION

         name            origin    length      used     unused   attr    fill
----------------------  --------  ---------  --------  --------  ----  --------
PAGE 0:
  RAMM0                 00000050   000003b0  00000000  000003b0  RWIX
  ZONE0                 00004000   00001000  00000000  00001000  RWIX
  RAML1                 00008000   00004000  000012d8  00002d28  RWIX
  ZONE6A                00100000   00010000  00000000  00010000  RWIX
  ZONE7A                00200000   0000fc00  00000000  0000fc00  RWIX
  FLASHG                00305000   00005000  00000000  00005000  RWIX
  FLASHF                0030a000   00005000  00000000  00005000  RWIX
  FLASHE                0030f000   00005000  00000000  00005000  RWIX
  FLASHD                00314000   00005000  00000000  00005000  RWIX
  FLASHA                0031e000   00021f80  00004b7d  0001d403  RWIX
  CSM_RSVD              0033ff80   00000076  00000000  00000076  RWIX
  BEGIN                 0033fff6   00000002  00000002  00000000  RWIX
  CSM_PWL               0033fff8   00000008  00000000  00000008  RWIX
  ADC_CAL               00380080   00000009  00000007  00000002  RWIX
  OTP                   00380400   00000400  00000000  00000400  RWIX
  IQTABLES              003fe000   00000b50  00000000  00000b50  RWIX
  IQTABLES2             003feb50   0000008c  00000000  0000008c  RWIX
  FPUTABLES             003febdc   000006a0  000006a0  00000000  RWIX
  ROM                   003ff27c   00000d44  00000000  00000d44  RWIX
  RESET                 003fffc0   00000002  00000000  00000002  RWIX
  VECTORS               003fffc2   0000003e  00000000  0000003e  RWIX

PAGE 1:
  BOOT_RSVD             00000000   00000050  00000000  00000050  RWIX
  RAMM1                 00000400   00000400  00000300  00000100  RWIX
  DEV_EMU               00000880   00000180  000000d0  000000b0  RWIX
  FLASH_REGS            00000a80   00000060  00000008  00000058  RWIX
  CSM                   00000ae0   00000010  00000010  00000000  RWIX
  ADC_MIRROR            00000b00   00000010  00000010  00000000  RWIX
  XINTF                 00000b20   00000020  0000001e  00000002  RWIX
  CPU_TIMER0            00000c00   00000008  00000008  00000000  RWIX
  CPU_TIMER1            00000c08   00000008  00000008  00000000  RWIX
  CPU_TIMER2            00000c10   00000008  00000008  00000000  RWIX
  PIE_CTRL              00000ce0   00000020  0000001a  00000006  RWIX
  PIE_VECT              00000d00   00000100  00000100  00000000  RWIX
  DMA                   00001000   00000200  000000e0  00000120  RWIX
  MCBSPA                00005000   00000040  00000000  00000040  RWIX
  MCBSPB                00005040   00000040  00000000  00000040  RWIX
  ECANA                 00006000   00000040  00000000  00000040  RWIX
  ECANA_LAM             00006040   00000040  00000000  00000040  RWIX
  ECANA_MOTS            00006080   00000040  00000000  00000040  RWIX
  ECANA_MOTO            000060c0   00000040  00000000  00000040  RWIX
  ECANA_MBOX            00006100   00000100  00000000  00000100  RWIX
  ECANB                 00006200   00000040  00000000  00000040  RWIX
  ECANB_LAM             00006240   00000040  00000000  00000040  RWIX
  ECANB_MOTS            00006280   00000040  00000000  00000040  RWIX
  ECANB_MOTO            000062c0   00000040  00000000  00000040  RWIX
  ECANB_MBOX            00006300   00000100  00000000  00000100  RWIX
  EPWM1                 00006800   00000022  00000022  00000000  RWIX
  EPWM2                 00006840   00000022  00000022  00000000  RWIX
  EPWM3                 00006880   00000022  00000022  00000000  RWIX
  EPWM4                 000068c0   00000022  00000022  00000000  RWIX
  EPWM5                 00006900   00000022  00000022  00000000  RWIX
  EPWM6                 00006940   00000022  00000022  00000000  RWIX
  ECAP1                 00006a00   00000020  00000020  00000000  RWIX
  ECAP2                 00006a20   00000020  00000020  00000000  RWIX
  ECAP3                 00006a40   00000020  00000020  00000000  RWIX
  ECAP4                 00006a60   00000020  00000020  00000000  RWIX
  ECAP5                 00006a80   00000020  00000020  00000000  RWIX
  ECAP6                 00006aa0   00000020  00000020  00000000  RWIX
  EQEP1                 00006b00   00000040  00000040  00000000  RWIX
  EQEP2                 00006b40   00000040  00000040  00000000  RWIX
  GPIOCTRL              00006f80   00000040  0000002e  00000012  RWIX
  GPIODAT               00006fc0   00000020  00000020  00000000  RWIX
  GPIOINT               00006fe0   00000020  0000000a  00000016  RWIX
  SYSTEM                00007010   00000020  00000020  00000000  RWIX
  SPIA                  00007040   00000010  00000000  00000010  RWIX
  SCIA                  00007050   00000010  00000000  00000010  RWIX
  XINTRUPT              00007070   00000010  00000010  00000000  RWIX
  ADC                   00007100   00000020  0000001e  00000002  RWIX
  SCIB                  00007750   00000010  00000000  00000010  RWIX
  SCIC                  00007770   00000010  00000000  00000010  RWIX
  I2CA                  00007900   00000040  00000000  00000040  RWIX
  RAML4                 0000c000   00001000  00000080  00000f80  RWIX
  RAML6                 0000d000   00002de0  000016b2  0000172e  RWIX
  RAML7                 0000ff00   00000100  00000000  00000100  RWIX
  ZONE6HMI              00110000   00002000  00000000  00002000  RWIX
  ZONE6PLCRead          00112000   00001000  00000000  00001000  RWIX
  ZONE6PLCWrite         00113000   00001000  00000000  00001000  RWIX
  ZONE6FWBuffer         00114000   00005000  00000000  00005000  RWIX
  ZONE6B                00119000   00010000  00000000  00010000  RWIX
  ZONE7B                0020fc00   00000400  00000000  00000400  RWIX
  FLASHH                00300000   00005000  00000000  00005000  RWIX
  FLASHC                00319000   00005000  00000000  00005000  RWIX
  CSM_PWL               0033fff8   00000008  00000008  00000000  RWIX
  PARTID                00380090   00000001  00000000  00000001  RWIX


SECTION ALLOCATION MAP

 output                                  attributes/
section   page    origin      length       input sections
--------  ----  ----------  ----------   ----------------
DevEmuRegsFile 
*          1    00000880    000000d0     UNINITIALIZED
                  00000880    000000d0     DSP2833x_GlobalVariableDefs.obj (DevEmuRegsFile)

FlashRegsFile 
*          1    00000a80    00000008     UNINITIALIZED
                  00000a80    00000008     DSP2833x_GlobalVariableDefs.obj (FlashRegsFile)

CsmRegsFile 
*          1    00000ae0    00000010     UNINITIALIZED
                  00000ae0    00000010     DSP2833x_GlobalVariableDefs.obj (CsmRegsFile)

AdcMirrorFile 
*          1    00000b00    00000010     UNINITIALIZED
                  00000b00    00000010     DSP2833x_GlobalVariableDefs.obj (AdcMirrorFile)

XintfRegsFile 
*          1    00000b20    0000001e     UNINITIALIZED
                  00000b20    0000001e     DSP2833x_GlobalVariableDefs.obj (XintfRegsFile)

CpuTimer0RegsFile 
*          1    00000c00    00000008     UNINITIALIZED
                  00000c00    00000008     DSP2833x_GlobalVariableDefs.obj (CpuTimer0RegsFile)

CpuTimer1RegsFile 
*          1    00000c08    00000008     UNINITIALIZED
                  00000c08    00000008     DSP2833x_GlobalVariableDefs.obj (CpuTimer1RegsFile)

CpuTimer2RegsFile 
*          1    00000c10    00000008     UNINITIALIZED
                  00000c10    00000008     DSP2833x_GlobalVariableDefs.obj (CpuTimer2RegsFile)

PieCtrlRegsFile 
*          1    00000ce0    0000001a     UNINITIALIZED
                  00000ce0    0000001a     DSP2833x_GlobalVariableDefs.obj (PieCtrlRegsFile)

PieVectTableFile 
*          1    00000d00    00000100     UNINITIALIZED
                  00000d00    00000100     DSP2833x_GlobalVariableDefs.obj (PieVectTableFile)

DmaRegsFile 
*          1    00001000    000000e0     UNINITIALIZED
                  00001000    000000e0     DSP2833x_GlobalVariableDefs.obj (DmaRegsFile)

ramfuncs   0    0031e000    000012d8     RUN ADDR = 00008000
                  0031e000    00000449     Vectorcontrol.obj (ramfuncs)
                  0031e449    00000333     speedtest_vol.lib : Vector_SpeedTEST.obj (ramfuncs)
                  0031e77c    00000275     vc_slvc_parameter.obj (ramfuncs)
                  0031e9f1    000001a1     SysCtl_AnalogProcess.obj (ramfuncs)
                  0031eb92    00000131     VC_module.lib : Exciting_Current.obj (ramfuncs)
                  0031ecc3    000000ee                   : speed_kpki.obj (ramfuncs)
                  0031edb1    000000a7     VC_understructure.lib : LPF.obj (ramfuncs)
                  0031ee58    000000a3                           : DMC_PI.obj (ramfuncs)
                  0031eefb    0000008e                           : filter.obj (ramfuncs)
                  0031ef89    0000008b                           : Inertia1order.obj (ramfuncs)
                  0031f014    00000088                           : Interg.obj (ramfuncs)
                  0031f09c    0000007e                           : DMC_CLARKE.obj (ramfuncs)
                  0031f11a    0000006e                           : Ratelimit.obj (ramfuncs)
                  0031f188    0000005b     VC_SLVC_PARA_inti.obj (ramfuncs)
                  0031f1e3    00000042     VC_understructure.lib : ipark.obj (ramfuncs)
                  0031f225    0000003c     VC_module.lib : Slip.obj (ramfuncs)
                  0031f261    0000002e     VC_understructure.lib : DMC_PARK.obj (ramfuncs)
                  0031f28f    0000002a                           : iClarke.obj (ramfuncs)
                  0031f2b9    0000001b     DSP2833x_Flash.obj (ramfuncs)
                  0031f2d4    00000004     DSP2833x_usDelay.obj (ramfuncs)

.text      0    0031f2d8    00002fd0     
                  0031f2d8    000007f7     SysCtl_SysMoore.obj (.text)
                  0031facf    0000067d     VC_module.lib : cur_vol_model.obj (.text)
                  0032014c    0000050d     COMMInterface.obj (.text)
                  00320659    000003e9     DSP2833x_DMA.obj (.text)
                  00320a42    00000322     vc_slvc_parameter.obj (.text)
                  00320d64    00000305     DSP2833x_DefaultIsr.obj (.text:retain)
                  00321069    000002b0     VVVF.obj (.text)
                  00321319    00000213     SysCtl_AnalogProcess.obj (.text)
                  0032152c    00000112     Sys_Isr_Controller.obj (.text:retain)
                  0032163e    000000fe     SysCtl_DA_ScopeAssing.obj (.text)
                  0032173c    000000f5     Algorithm.obj (.text)
                  00321831    000000e5     VC_SLVC_PARA_inti.obj (.text)
                  00321916    000000e1     DSP2833x_Clock.obj (.text)
                  003219f7    000000ca     speedtest_vol.lib : Vector_SpeedTEST.obj (.text)
                  00321ac1    000000c0     DSP2833x_Xintf.obj (.text)
                  00321b81    000000b7     Sys_Main.obj (.text)
                  00321c38    0000007f     Vectorcontrol.obj (.text)
                  00321cb7    00000074     Sys_Isr_Controller.obj (.text)
                  00321d2b    00000072     DSP2833x_Adc.obj (.text)
                  00321d9d    00000056     rts2800_fpu32.lib : boot.obj (.text)
                  00321df3    00000054     DSP2833x_Gpio.obj (.text)
                  00321e47    0000004f     atan2_f32.obj (.text)
                  00321e96    0000004e     FpgaInf.obj (.text)
                  00321ee4    0000004d     DSP2833x_PieCtrl.obj (.text)
                  00321f31    0000004a     atan_f32.obj (.text)
                  00321f7b    00000048     VC_understructure.lib : DMC_PI.obj (.text)
                  00321fc3    00000046     rts2800_fpu32.lib : cpy_tbl.obj (.text)
                  00322009    00000043     sincos_f32.obj (.text)
                  0032204c    00000041     VC_understructure.lib : LPF.obj (.text)
                  0032208d    00000034     cos_f32.obj (.text)
                  003220c1    00000034     sin_f32.obj (.text)
                  003220f5    00000029     rts2800_fpu32.lib : exit.obj (.text)
                  0032211e    00000022                       : i_div.obj (.text)
                  00322140    00000021     sqrt_f32.obj (.text)
                  00322161    00000020     DSP2833x_PieVect.obj (.text)
                  00322181    0000001e     DSP2833x_SysPerInit.obj (.text)
                  0032219f    0000001c     isqrt_f32.obj (.text)
                  003221bb    0000001a     rts2800_fpu32.lib : cpy_utils.obj (.text)
                  003221d5    00000019     div_f32.obj (.text)
                  003221ee    00000019     rts2800_fpu32.lib : args_main.obj (.text)
                  00322207    00000017     VC_module.lib : Exciting_Current.obj (.text)
                  0032221e    00000017                   : Slip.obj (.text)
                  00322235    00000014     VC_understructure.lib : Inertia1order.obj (.text)
                  00322249    00000013     DSP2833x_MemCopy.obj (.text)
                  0032225c    00000013     VC_understructure.lib : filter.obj (.text)
                  0032226f    0000000d     VC_module.lib : speed_kpki.obj (.text)
                  0032227c    00000009     rts2800_fpu32.lib : _lock.obj (.text)
                  00322285    00000008     DSP2833x_WatchDog.obj (.text)
                  0032228d    00000008     DSP28xxx_CodeStartBranch_flash.obj (.text)
                  00322295    00000008     VC_understructure.lib : DMC_CLARKE.obj (.text)
                  0032229d    00000008                           : DMC_PARK.obj (.text)
                  003222a5    00000002     rts2800_fpu32.lib : pre_init.obj (.text)
                  003222a7    00000001                       : startup.obj (.text)

.cinit     0    003222a8    000007d5     
                  003222a8    00000758     SysCtl_GlobalVar.obj (.cinit)
                  00322a00    0000004a     FpgaInf.obj (.cinit)
                  00322a4a    0000000f     Vectorcontrol.obj (.cinit)
                  00322a59    0000000e     rts2800_fpu32.lib : exit.obj (.cinit)
                  00322a67    00000005     Sys_Isr_Controller.obj (.cinit)
                  00322a6c    00000005     VC_understructure.lib : LPF.obj (.cinit)
                  00322a71    00000005     rts2800_fpu32.lib : _lock.obj (.cinit:__lock)
                  00322a76    00000005                       : _lock.obj (.cinit:__unlock)
                  00322a7b    00000002     --HOLE-- [fill = 0]

.econst    0    00322a7e    00000100     
                  00322a7e    00000100     DSP2833x_PieVect.obj (.econst:_PieVectTableInit)

codestart 
*          0    0033fff6    00000002     
                  0033fff6    00000002     DSP28xxx_CodeStartBranch_flash.obj (codestart)

.adc_cal   0    00380080    00000007     NOLOAD SECTION
                  00380080    00000007     DSP2833x_ADC_cal.obj (.adc_cal)

FPUmathTables 
*          0    003febdc    000006a0     NOLOAD SECTION
                  003febdc    000006a0     FPUmathTables.obj (FPUmathTables)

.stack     1    00000400    00000300     UNINITIALIZED
                  00000400    00000300     --HOLE--

EPwm1RegsFile 
*          1    00006800    00000022     UNINITIALIZED
                  00006800    00000022     DSP2833x_GlobalVariableDefs.obj (EPwm1RegsFile)

EPwm2RegsFile 
*          1    00006840    00000022     UNINITIALIZED
                  00006840    00000022     DSP2833x_GlobalVariableDefs.obj (EPwm2RegsFile)

EPwm3RegsFile 
*          1    00006880    00000022     UNINITIALIZED
                  00006880    00000022     DSP2833x_GlobalVariableDefs.obj (EPwm3RegsFile)

EPwm4RegsFile 
*          1    000068c0    00000022     UNINITIALIZED
                  000068c0    00000022     DSP2833x_GlobalVariableDefs.obj (EPwm4RegsFile)

EPwm5RegsFile 
*          1    00006900    00000022     UNINITIALIZED
                  00006900    00000022     DSP2833x_GlobalVariableDefs.obj (EPwm5RegsFile)

EPwm6RegsFile 
*          1    00006940    00000022     UNINITIALIZED
                  00006940    00000022     DSP2833x_GlobalVariableDefs.obj (EPwm6RegsFile)

ECap1RegsFile 
*          1    00006a00    00000020     UNINITIALIZED
                  00006a00    00000020     DSP2833x_GlobalVariableDefs.obj (ECap1RegsFile)

ECap2RegsFile 
*          1    00006a20    00000020     UNINITIALIZED
                  00006a20    00000020     DSP2833x_GlobalVariableDefs.obj (ECap2RegsFile)

ECap3RegsFile 
*          1    00006a40    00000020     UNINITIALIZED
                  00006a40    00000020     DSP2833x_GlobalVariableDefs.obj (ECap3RegsFile)

ECap4RegsFile 
*          1    00006a60    00000020     UNINITIALIZED
                  00006a60    00000020     DSP2833x_GlobalVariableDefs.obj (ECap4RegsFile)

ECap5RegsFile 
*          1    00006a80    00000020     UNINITIALIZED
                  00006a80    00000020     DSP2833x_GlobalVariableDefs.obj (ECap5RegsFile)

ECap6RegsFile 
*          1    00006aa0    00000020     UNINITIALIZED
                  00006aa0    00000020     DSP2833x_GlobalVariableDefs.obj (ECap6RegsFile)

EQep1RegsFile 
*          1    00006b00    00000040     UNINITIALIZED
                  00006b00    00000040     DSP2833x_GlobalVariableDefs.obj (EQep1RegsFile)

EQep2RegsFile 
*          1    00006b40    00000040     UNINITIALIZED
                  00006b40    00000040     DSP2833x_GlobalVariableDefs.obj (EQep2RegsFile)

GpioCtrlRegsFile 
*          1    00006f80    0000002e     UNINITIALIZED
                  00006f80    0000002e     DSP2833x_GlobalVariableDefs.obj (GpioCtrlRegsFile)

GpioDataRegsFile 
*          1    00006fc0    00000020     UNINITIALIZED
                  00006fc0    00000020     DSP2833x_GlobalVariableDefs.obj (GpioDataRegsFile)

GpioIntRegsFile 
*          1    00006fe0    0000000a     UNINITIALIZED
                  00006fe0    0000000a     DSP2833x_GlobalVariableDefs.obj (GpioIntRegsFile)

SysCtrlRegsFile 
*          1    00007010    00000020     UNINITIALIZED
                  00007010    00000020     DSP2833x_GlobalVariableDefs.obj (SysCtrlRegsFile)

XIntruptRegsFile 
*          1    00007070    00000010     UNINITIALIZED
                  00007070    00000010     DSP2833x_GlobalVariableDefs.obj (XIntruptRegsFile)

AdcRegsFile 
*          1    00007100    0000001e     UNINITIALIZED
                  00007100    0000001e     DSP2833x_GlobalVariableDefs.obj (AdcRegsFile)

CsmPwlFile 
*          1    0033fff8    00000008     UNINITIALIZED
                  0033fff8    00000008     DSP2833x_GlobalVariableDefs.obj (CsmPwlFile)

.pinit     0    0031e000    00000000     UNINITIALIZED

.ebss      1    0000d000    000016b2     UNINITIALIZED
                  0000d000    00001650     SysCtl_GlobalVar.obj (.ebss)
                  0000e650    00000006     Vectorcontrol.obj (.ebss)
                  0000e656    00000006     rts2800_fpu32.lib : exit.obj (.ebss)
                  0000e65c    00000002     COMMInterface.obj (.ebss)
                  0000e65e    00000002     Sys_Isr_Controller.obj (.ebss)
                  0000e660    00000002     VC_understructure.lib : LPF.obj (.ebss)
                  0000e662    00000002     rts2800_fpu32.lib : _lock.obj (.ebss:__lock)
                  0000e664    00000002                       : _lock.obj (.ebss:__unlock)
                  0000e666    0000001a     --HOLE--
                  0000e680    00000032     FpgaInf.obj (.ebss)

DMARAML4   1    0000c000    00000080     UNINITIALIZED
                  0000c000    00000080     SysCtl_GlobalVar.obj (DMARAML4)

.reset     0    003fffc0    00000002     DSECT
                  003fffc0    00000002     rts2800_fpu32.lib : boot.obj (.reset)

vectors    0    003fffc2    00000000     DSECT

MODULE SUMMARY

       Module                               code    ro data   rw data
       ------                               ----    -------   -------
    .\DSP2833x_common\source\
       DSP2833x_GlobalVariableDefs.obj      0       0         1506   
       DSP2833x_DMA.obj                     1001    0         0      
       DSP2833x_DefaultIsr.obj              773     0         0      
       DSP2833x_PieVect.obj                 32      0         256    
       DSP2833x_Clock.obj                   225     0         0      
       DSP2833x_Xintf.obj                   192     0         0      
       DSP2833x_Adc.obj                     114     0         0      
       DSP2833x_Gpio.obj                    84      0         0      
       DSP2833x_PieCtrl.obj                 77      0         0      
       DSP2833x_Flash.obj                   54      0         0      
       DSP2833x_SysPerInit.obj              30      0         0      
       DSP2833x_MemCopy.obj                 19      0         0      
       DSP28xxx_CodeStartBranch_flash.obj   10      0         0      
       DSP2833x_WatchDog.obj                8       0         0      
       DSP2833x_usDelay.obj                 8       0         0      
       DSP2833x_ADC_cal.obj                 7       0         0      
    +--+------------------------------------+-------+---------+---------+
       Total:                               2634    0         1762   
                                                                     
    .\algorithm\source\
       Vectorcontrol.obj                    2321    0         21     
       vc_slvc_parameter.obj                2060    0         0      
       VVVF.obj                             688     0         0      
       VC_SLVC_PARA_inti.obj                411     0         0      
       Algorithm.obj                        245     0         0      
    +--+------------------------------------+-------+---------+---------+
       Total:                               5725    0         21     
                                                                     
    .\libs\FPUfastRTS\V100\source\
       FPUmathTables.obj                    0       0         1696   
       atan2_f32.obj                        79      0         0      
       atan_f32.obj                         74      0         0      
       sincos_f32.obj                       67      0         0      
       cos_f32.obj                          52      0         0      
       sin_f32.obj                          52      0         0      
       sqrt_f32.obj                         33      0         0      
       isqrt_f32.obj                        28      0         0      
       div_f32.obj                          25      0         0      
    +--+------------------------------------+-------+---------+---------+
       Total:                               410     0         1696   
                                                                     
    .\source\
       SysCtl_GlobalVar.obj                 0       0         7720   
       SysCtl_SysMoore.obj                  2039    0         0      
       SysCtl_AnalogProcess.obj             1365    0         0      
       COMMInterface.obj                    1293    0         2      
       Sys_Isr_Controller.obj               390     0         7      
       SysCtl_DA_ScopeAssing.obj            254     0         0      
       FpgaInf.obj                          78      0         124    
       Sys_Main.obj                         183     0         0      
    +--+------------------------------------+-------+---------+---------+
       Total:                               5602    0         7853   
                                                                     
    ../libs/VC_module.lib
       cur_vol_model.obj                    1661    0         0      
       Exciting_Current.obj                 633     0         0      
       speed_kpki.obj                       489     0         0      
       Slip.obj                             143     0         0      
    +--+------------------------------------+-------+---------+---------+
       Total:                               2926    0         0      
                                                                     
    ../libs/VC_understructure.lib
       LPF.obj                              399     0         7      
       DMC_PI.obj                           398     0         0      
       filter.obj                           303     0         0      
       Inertia1order.obj                    298     0         0      
       Interg.obj                           272     0         0      
       DMC_CLARKE.obj                       260     0         0      
       Ratelimit.obj                        220     0         0      
       ipark.obj                            132     0         0      
       DMC_PARK.obj                         100     0         0      
       iClarke.obj                          84      0         0      
    +--+------------------------------------+-------+---------+---------+
       Total:                               2466    0         7      
                                                                     
    ../libs/speedtest_vol.lib
       Vector_SpeedTEST.obj                 1840    0         0      
    +--+------------------------------------+-------+---------+---------+
       Total:                               1840    0         0      
                                                                     
    C:\ti\ccsv6\tools\compiler\ti-cgt-c2000_15.12.1.LTS\lib\rts2800_fpu32.lib
       boot.obj                             86      0         0      
       cpy_tbl.obj                          70      0         0      
       exit.obj                             41      0         20     
       i_div.obj                            34      0         0      
       cpy_utils.obj                        26      0         0      
       args_main.obj                        25      0         0      
       _lock.obj                            9       0         14     
       pre_init.obj                         2       0         0      
       startup.obj                          1       0         0      
    +--+------------------------------------+-------+---------+---------+
       Total:                               294     0         34     
                                                                     
       Stack:                               0       0         768    
    +--+------------------------------------+-------+---------+---------+
       Grand Total:                         21897   0         12141  


GLOBAL DATA SYMBOLS: SORTED BY DATA PAGE

address     data page           name
--------    ----------------    ----
00000400      10 (00000400)     __stack

00000880      22 (00000880)     _DevEmuRegs

00000a80      2a (00000a80)     _FlashRegs

00000ae0      2b (00000ac0)     _CsmRegs

00000b00      2c (00000b00)     _AdcMirror
00000b20      2c (00000b00)     _XintfRegs

00000c00      30 (00000c00)     _CpuTimer0Regs
00000c08      30 (00000c00)     _CpuTimer1Regs
00000c10      30 (00000c00)     _CpuTimer2Regs

00000ce0      33 (00000cc0)     _PieCtrlRegs

00000d00      34 (00000d00)     _PieVectTable

00001000      40 (00001000)     _DmaRegs

00006800     1a0 (00006800)     _EPwm1Regs

00006840     1a1 (00006840)     _EPwm2Regs

00006880     1a2 (00006880)     _EPwm3Regs

000068c0     1a3 (000068c0)     _EPwm4Regs

00006900     1a4 (00006900)     _EPwm5Regs

00006940     1a5 (00006940)     _EPwm6Regs

00006a00     1a8 (00006a00)     _ECap1Regs
00006a20     1a8 (00006a00)     _ECap2Regs

00006a40     1a9 (00006a40)     _ECap3Regs
00006a60     1a9 (00006a40)     _ECap4Regs

00006a80     1aa (00006a80)     _ECap5Regs
00006aa0     1aa (00006a80)     _ECap6Regs

00006b00     1ac (00006b00)     _EQep1Regs

00006b40     1ad (00006b40)     _EQep2Regs

00006f80     1be (00006f80)     _GpioCtrlRegs

00006fc0     1bf (00006fc0)     _GpioDataRegs
00006fe0     1bf (00006fc0)     _GpioIntRegs

00007010     1c0 (00007000)     _SysCtrlRegs

00007070     1c1 (00007040)     _XIntruptRegs

00007100     1c4 (00007100)     _AdcRegs

0000c000     300 (0000c000)     _DMABuf1

0000d000     340 (0000d000)     _ARMFaultReg
0000d001     340 (0000d000)     _uInterCount
0000d002     340 (0000d000)     _SysCtlReg
0000d003     340 (0000d000)     _DSPFaultCodeReg
0000d004     340 (0000d000)     _SysErrIndexReg
0000d005     340 (0000d000)     _uDirCountMax
0000d006     340 (0000d000)     _uDirCount
0000d007     340 (0000d000)     _SysCtlParameter
0000d008     340 (0000d000)     _uSoftStartCount
0000d00a     340 (0000d000)     _ScopeDATAUpLoad
0000d00c     340 (0000d000)     _DMASource1
0000d00e     340 (0000d000)     _pARMParamRdFlag
0000d010     340 (0000d000)     _uDMA_Addr
0000d012     340 (0000d000)     _DMADest1
0000d014     340 (0000d000)     _pOffsetRam
0000d016     340 (0000d000)     _RdDSPtoARM
0000d018     340 (0000d000)     _pWaveParamStart
0000d01a     340 (0000d000)     _SysEnviConfg
0000d01e     340 (0000d000)     _SysProParamReg
0000d022     340 (0000d000)     _SysMoore
0000d026     340 (0000d000)     _DAOut
0000d02c     340 (0000d000)     _Vol_iclarke

0000d040     341 (0000d040)     _SysConTest
0000d04c     341 (0000d040)     _Vol_ipark
0000d058     341 (0000d040)     _Spd_LPF
0000d066     341 (0000d040)     _VolPhr_clarke

0000d080     342 (0000d080)     _Vol_clarke
0000d092     342 (0000d080)     _Cur_park
0000d0a4     342 (0000d080)     _Cur_clarke

0000d0c0     343 (0000d0c0)     _SysVoltBase
0000d0d2     343 (0000d0c0)     _SysSamDSPtoARM
0000d0e4     343 (0000d0c0)     _CurPhr_clarke

0000d100     344 (0000d100)     _Ratelimit
0000d114     344 (0000d100)     _Slipspeed
0000d128     344 (0000d100)     _Interg_phsAlpha

0000d140     345 (0000d140)     _SpeedKpKi
0000d156     345 (0000d140)     _Interg_Deta

0000d180     346 (0000d180)     _Interg_Vector
0000d196     346 (0000d180)     _Interg_phsBeta

0000d1c0     347 (0000d1c0)     _Interg_PhrVolAlpha
0000d1d6     347 (0000d1c0)     _Interg_PhrVolBeta

0000d200     348 (0000d200)     _LPF_W
0000d216     348 (0000d200)     _Interg_CurVol

0000d240     349 (0000d240)     _ErFilter3_Alpha
0000d258     349 (0000d240)     _ExcitingCurrent

0000d280     34a (0000d280)     _CurrentFilter_D
0000d298     34a (0000d280)     _ErFilter1_Alpha

0000d2c0     34b (0000d2c0)     _CurrentFilter_Q
0000d2d8     34b (0000d2c0)     _ErFilter2_Alpha

0000d300     34c (0000d300)     _ErFilter3_Beta
0000d318     34c (0000d300)     _PhrCurFilter_Beta

0000d340     34d (0000d340)     _ErFilter2_Beta
0000d358     34d (0000d340)     _PhrCurFilter_Alpha

0000d380     34e (0000d380)     _ErFilter1_Beta
0000d398     34e (0000d380)     _Inertia_PhrVolAlpha

0000d3c0     34f (0000d3c0)     _Inertia_PhrVolBeta
0000d3da     34f (0000d3c0)     _SysRatedParameter

0000d400     350 (0000d400)     _SysBaseValue
0000d41e     350 (0000d400)     _SysVVVFCtrl

0000d440     351 (0000d440)     _SpeedTestPI

0000d480     352 (0000d480)     _SpeedTestPI_CurVol

0000d4c0     353 (0000d4c0)     _CurrentControl_T

0000d500     354 (0000d500)     _PhrPI

0000d540     355 (0000d540)     _SpeedControl

0000d580     356 (0000d580)     _CurrentControl_M

0000d5c0     357 (0000d5c0)     _SysSamScaParameter

0000d600     358 (0000d600)     _SpeedTest

0000d680     35a (0000d680)     _SysSampOffset

0000d700     35c (0000d700)     _Vector_Control

0000d780     35e (0000d780)     _AnalogInput

0000d800     360 (0000d800)     _SpeedTest_CurVol

0000d880     362 (0000d880)     _VC_SLVC_PARAMETER

0000d940     365 (0000d940)     _sInComm

0000de80     37a (0000de80)     _HMIBuffer

0000e650     399 (0000e640)     _fnSpeedTest_Ki_temp1
0000e652     399 (0000e640)     _CNT_FR_VALUE
0000e654     399 (0000e640)     _fnSpeedTest_Ki
0000e656     399 (0000e640)     ___TI_enable_exit_profile_output
0000e658     399 (0000e640)     ___TI_cleanup_ptr
0000e65a     399 (0000e640)     ___TI_dtors_ptr
0000e65c     399 (0000e640)     _TRANS_FU
0000e65e     399 (0000e640)     _fTimeCount
0000e660     399 (0000e640)     _Sumcount
0000e662     399 (0000e640)     __lock
0000e664     399 (0000e640)     __unlock

0000e680     39a (0000e680)     _vDSP_GPWM_ENABLE
0000e682     39a (0000e680)     _vARM_GPWM_IN_SET
0000e684     39a (0000e680)     _vDSP_FIBER_CHOP
0000e686     39a (0000e680)     _vFPGA_GPWM_ENABLE
0000e688     39a (0000e680)     _vARM_GPWM_ENABLE
0000e68a     39a (0000e680)     _vDSP_GPWM_INT
0000e68c     39a (0000e680)     _vARM_GPWM_INT_SET
0000e68e     39a (0000e680)     _fDetatheta
0000e690     39a (0000e680)     _vDSP_INT_MULTIPLE
0000e692     39a (0000e680)     _SysChoppedWave
0000e696     39a (0000e680)     _vDSP_GPWM_COMP
0000e6a4     39a (0000e680)     _vDSP_GPWM_CARRIER

00322a7e    c8a9 (00322a40)     _PieVectTableInit

0033fff8    cfff (0033ffc0)     _CsmPwl

003febdc    ffaf (003febc0)     _FPUsinTable

003fecdc    ffb3 (003fecc0)     _FPUcosTable

003fefdc    ffbf (003fefc0)     _FPUsinTableEnd

003ff0de    ffc3 (003ff0c0)     _FPUatan2HalfPITable
003ff0de    ffc3 (003ff0c0)     _FPUcosTableEnd
003ff0e2    ffc3 (003ff0c0)     _FPUatan2Table

003ff268    ffc9 (003ff240)     _FPUatan2TableEnd


GLOBAL SYMBOLS: SORTED ALPHABETICALLY BY Name 

page  address   name                            
----  -------   ----                            
0     0031f2d8  .text                           
0     003220f5  C$$EXIT                         
0     003221d5  FS$$DIV                         
0     0032211e  I$$DIV                          
0     0032212f  I$$MOD                          
0     00320e36  _ADCINT_ISR                     
0     00380080  _ADC_cal                        
1     0000d000  _ARMFaultReg                    
1     00000b00  _AdcMirror                      
1     00007100  _AdcRegs                        
1     0000d780  _AnalogInput                    
1     0000e652  _CNT_FR_VALUE                   
0     00321ea6  _ChopWave                       
1     00000c00  _CpuTimer0Regs                  
1     00000c08  _CpuTimer1Regs                  
1     00000c10  _CpuTimer2Regs                  
1     0033fff8  _CsmPwl                         
1     00000ae0  _CsmRegs                        
0     003219bf  _CsmUnlock                      
1     0000d0e4  _CurPhr_clarke                  
1     0000d0a4  _Cur_clarke                     
1     0000d092  _Cur_park                       
1     0000d580  _CurrentControl_M               
1     0000d4c0  _CurrentControl_T               
1     0000d280  _CurrentFilter_D                
1     0000d2c0  _CurrentFilter_Q                
1     0000d026  _DAOut                          
0     00320d78  _DATALOG_ISR                    
0     00321cdf  _DATAPeriodARMtoDSP             
0     00321cb7  _DATAPeriodDSPtoARM             
0     00320f58  _DINTCH2_ISR                    
0     00320f62  _DINTCH3_ISR                    
0     00320f6c  _DINTCH4_ISR                    
0     00320f76  _DINTCH5_ISR                    
0     00320f80  _DINTCH6_ISR                    
0     00321b81  _DISABLE_PWM                    
1     0000c000  _DMABuf1                        
0     00320664  _DMACH1AddrConfig               
0     00320674  _DMACH1BurstConfig              
0     003206a7  _DMACH1ModeConfig               
0     00320684  _DMACH1TransferConfig           
0     00320694  _DMACH1WrapConfig               
0     00320709  _DMACH2AddrConfig               
0     00320719  _DMACH2BurstConfig              
0     0032074c  _DMACH2ModeConfig               
0     00320729  _DMACH2TransferConfig           
0     00320739  _DMACH2WrapConfig               
0     003207ae  _DMACH3AddrConfig               
0     003207be  _DMACH3BurstConfig              
0     003207f1  _DMACH3ModeConfig               
0     003207ce  _DMACH3TransferConfig           
0     003207de  _DMACH3WrapConfig               
0     00320853  _DMACH4AddrConfig               
0     00320863  _DMACH4BurstConfig              
0     00320896  _DMACH4ModeConfig               
0     00320873  _DMACH4TransferConfig           
0     00320883  _DMACH4WrapConfig               
0     003208f8  _DMACH5AddrConfig               
0     00320908  _DMACH5BurstConfig              
0     0032093b  _DMACH5ModeConfig               
0     00320918  _DMACH5TransferConfig           
0     00320928  _DMACH5WrapConfig               
0     0032099d  _DMACH6AddrConfig               
0     003209ad  _DMACH6BurstConfig              
0     003209e0  _DMACH6ModeConfig               
0     003209bd  _DMACH6TransferConfig           
0     003209cd  _DMACH6WrapConfig               
1     0000d012  _DMADest1                       
0     00320659  _DMAInitialize                  
1     0000d00c  _DMASource1                     
0     000092d4  _DSP28x_usDelay                 
1     0000d003  _DSPFaultCodeReg                
1     00000880  _DevEmuRegs                     
0     00320164  _DisplayWave                    
1     00001000  _DmaRegs                        
0     00320fda  _ECAN0INTA_ISR                  
0     00320fee  _ECAN0INTB_ISR                  
0     00320fe4  _ECAN1INTA_ISR                  
0     00320ff8  _ECAN1INTB_ISR                  
0     00320ecc  _ECAP1_INT_ISR                  
0     00320ed6  _ECAP2_INT_ISR                  
0     00320ee0  _ECAP3_INT_ISR                  
0     00320eea  _ECAP4_INT_ISR                  
0     00320ef4  _ECAP5_INT_ISR                  
0     00320efe  _ECAP6_INT_ISR                  
1     00006a00  _ECap1Regs                      
1     00006a20  _ECap2Regs                      
1     00006a40  _ECap3Regs                      
1     00006a60  _ECap4Regs                      
1     00006a80  _ECap5Regs                      
1     00006aa0  _ECap6Regs                      
0     00320d8c  _EMUINT_ISR                     
0     00321ba9  _ENABLE_PWM                     
0     00320e90  _EPWM1_INT_ISR                  
0     00320e54  _EPWM1_TZINT_ISR                
0     00320e9a  _EPWM2_INT_ISR                  
0     00320e5e  _EPWM2_TZINT_ISR                
0     00320ea4  _EPWM3_INT_ISR                  
0     00320e68  _EPWM3_TZINT_ISR                
0     00320eae  _EPWM4_INT_ISR                  
0     00320e72  _EPWM4_TZINT_ISR                
0     00320eb8  _EPWM5_INT_ISR                  
0     00320e7c  _EPWM5_TZINT_ISR                
0     00320ec2  _EPWM6_INT_ISR                  
0     00320e86  _EPWM6_TZINT_ISR                
1     00006800  _EPwm1Regs                      
1     00006840  _EPwm2Regs                      
1     00006880  _EPwm3Regs                      
1     000068c0  _EPwm4Regs                      
1     00006900  _EPwm5Regs                      
1     00006940  _EPwm6Regs                      
0     00320f08  _EQEP1_INT_ISR                  
0     00320f12  _EQEP2_INT_ISR                  
1     00006b00  _EQep1Regs                      
1     00006b40  _EQep2Regs                      
1     0000d298  _ErFilter1_Alpha                
1     0000d380  _ErFilter1_Beta                 
1     0000d2d8  _ErFilter2_Alpha                
1     0000d340  _ErFilter2_Beta                 
1     0000d240  _ErFilter3_Alpha                
1     0000d300  _ErFilter3_Beta                 
1     0000d258  _ExcitingCurrent                
0     003ff0de  _FPUatan2HalfPITable            
0     003ff0e2  _FPUatan2Table                  
0     003ff268  _FPUatan2TableEnd               
0     003fecdc  _FPUcosTable                    
0     003ff0de  _FPUcosTableEnd                 
0     003febdc  _FPUsinTable                    
0     003fefdc  _FPUsinTableEnd                 
0     0032105c  _FaultProcess_ISR               
0     0032022c  _FaultWaveMemory                
1     00000a80  _FlashRegs                      
0     0032014c  _GetFirstChar                   
0     00320157  _GetFuncIDByte                  
0     00320151  _GetLastChar                    
1     00006f80  _GpioCtrlRegs                   
1     00006fc0  _GpioDataRegs                   
1     00006fe0  _GpioIntRegs                    
1     0000de80  _HMIBuffer                      
0     00320f8a  _I2CINT1A_ISR                   
0     00320f94  _I2CINT2A_ISR                   
0     00320da0  _ILLEGAL_ISR                    
0     00320d64  _INT13_ISR                      
0     00320d6e  _INT14_ISR                      
1     0000d398  _Inertia_PhrVolAlpha            
1     0000d3c0  _Inertia_PhrVolBeta             
0     00321d2b  _InitAdc                        
0     00320327  _InitCommun                     
0     0032062c  _InitWrFlash                    
0     00320639  _InitWrFlashF32                 
1     0000d216  _Interg_CurVol                  
1     0000d156  _Interg_Deta                    
1     0000d1c0  _Interg_PhrVolAlpha             
1     0000d1d6  _Interg_PhrVolBeta              
1     0000d180  _Interg_Vector                  
1     0000d128  _Interg_phsAlpha                
1     0000d196  _Interg_phsBeta                 
0     00321e96  _InvModuWave                    
1     0000d200  _LPF_W                          
0     0032103e  _LUF_ISR                        
0     00321034  _LVF_ISR                        
0     00320f44  _MRINTA_ISR                     
0     00320f30  _MRINTB_ISR                     
0     00320f4e  _MXINTA_ISR                     
0     00320f3a  _MXINTB_ISR                     
0     00322249  _MemCopy                        
0     00320d96  _NMI_ISR                        
0     00321048  _PIE_RESERVED                   
1     0000d358  _PhrCurFilter_Alpha             
1     0000d318  _PhrCurFilter_Beta              
1     0000d500  _PhrPI                          
1     00000ce0  _PieCtrlRegs                    
1     00000d00  _PieVectTable                   
0     00322a7e  _PieVectTableInit               
0     00320d82  _RTOSINT_ISR                    
0     0031f2d8  _RamfuncsLoadEnd                
0     0031e000  _RamfuncsLoadStart              
0     00008000  _RamfuncsRunStart               
1     0000d100  _Ratelimit                      
1     0000d016  _RdDSPtoARM                     
0     00320359  _ReadFromFPGA                   
0     0032015c  _RetFuncID                      
0     00320fb2  _SCIRXINTA_ISR                  
0     00320fc6  _SCIRXINTB_ISR                  
0     00320f9e  _SCIRXINTC_ISR                  
0     00320fbc  _SCITXINTA_ISR                  
0     00320fd0  _SCITXINTB_ISR                  
0     00320fa8  _SCITXINTC_ISR                  
0     00320e22  _SEQ1INT_ISR                    
0     00320e2c  _SEQ2INT_ISR                    
0     00320f1c  _SPIRXINTA_ISR                  
0     00320f26  _SPITXINTA_ISR                  
1     0000d00a  _ScopeDATAUpLoad                
1     0000d114  _Slipspeed                      
1     0000d058  _Spd_LPF                        
1     0000d540  _SpeedControl                   
1     0000d140  _SpeedKpKi                      
1     0000d600  _SpeedTest                      
1     0000d440  _SpeedTestPI                    
1     0000d480  _SpeedTestPI_CurVol             
1     0000d800  _SpeedTest_CurVol               
0     00320701  _StartDMACH1                    
0     003207a6  _StartDMACH2                    
0     0032084b  _StartDMACH3                    
0     003208f0  _StartDMACH4                    
0     00320995  _StartDMACH5                    
0     00320a3a  _StartDMACH6                    
1     0000e660  _Sumcount                       
1     0000d400  _SysBaseValue                   
1     0000e692  _SysChoppedWave                 
1     0000d040  _SysConTest                     
1     0000d007  _SysCtlParameter                
1     0000d002  _SysCtlReg                      
0     0032152c  _SysCtl_ISR                     
1     00007010  _SysCtrlRegs                    
0     00321cec  _SysCurProtect                  
1     0000d01a  _SysEnviConfg                   
1     0000d004  _SysErrIndexReg                 
1     0000d022  _SysMoore                       
1     0000d01e  _SysProParamReg                 
1     0000d3da  _SysRatedParameter              
1     0000d0d2  _SysSamDSPtoARM                 
1     0000d5c0  _SysSamScaParameter             
1     0000d680  _SysSampOffset                  
1     0000d41e  _SysVVVFCtrl                    
1     0000d0c0  _SysVoltBase                    
0     00320e40  _TINT0_ISR                      
1     0000e65c  _TRANS_FU                       
0     00320e04  _USER10_ISR                     
0     00320e0e  _USER11_ISR                     
0     00320e18  _USER12_ISR                     
0     00320daa  _USER1_ISR                      
0     00320db4  _USER2_ISR                      
0     00320dbe  _USER3_ISR                      
0     00320dc8  _USER4_ISR                      
0     00320dd2  _USER5_ISR                      
0     00320ddc  _USER6_ISR                      
0     00320de6  _USER7_ISR                      
0     00320df0  _USER8_ISR                      
0     00320dfa  _USER9_ISR                      
1     0000d880  _VC_SLVC_PARAMETER              
1     0000d700  _Vector_Control                 
1     0000d066  _VolPhr_clarke                  
1     0000d080  _Vol_clarke                     
1     0000d02c  _Vol_iclarke                    
1     0000d04c  _Vol_ipark                      
0     00320e4a  _WAKEINT_ISR                    
0     003204cd  _WriteToFPGA                    
0     00321002  _XINT3_ISR                      
0     0032100c  _XINT4_ISR                      
0     00321016  _XINT5_ISR                      
0     00321020  _XINT6_ISR                      
0     0032102a  _XINT7_ISR                      
1     00007070  _XIntruptRegs                   
1     00000b20  _XintfRegs                      
1     00000700  __STACK_END                     
abs   00000300  __STACK_SIZE                    
1     0000e658  ___TI_cleanup_ptr               
1     0000e65a  ___TI_dtors_ptr                 
1     0000e656  ___TI_enable_exit_profile_output
abs   ffffffff  ___TI_pprof_out_hndl            
abs   ffffffff  ___TI_prof_data_size            
abs   ffffffff  ___TI_prof_data_start           
abs   ffffffff  ___binit__                      
abs   ffffffff  ___c_args__                     
0     003222a8  ___cinit__                      
0     003222a8  ___etext__                      
abs   ffffffff  ___pinit__                      
0     0031f2d8  ___text__                       
0     003221ee  __args_main                     
1     0000e662  __lock                          
0     00322284  __nop                           
0     00322280  __register_lock                 
0     0032227c  __register_unlock               
1     00000400  __stack                         
0     003222a7  __system_post_cinit             
0     003222a5  __system_pre_init               
1     0000e664  __unlock                        
0     003220f5  _abort                          
0     00321f31  _atan                           
0     00321e47  _atan2                          
0     00321d9d  _c_int00                        
0     00321fc3  _copy_in                        
0     0032208d  _cos                            
0     003221bb  _ddcopy                         
0     003221bb  _dpcopy                         
0     003215ea  _epwm1_isr                      
0     003215ff  _epwm2_isr                      
0     00321614  _epwm3_isr                      
0     00321629  _epwm4_isr                      
0     003220f7  _exit                           
1     0000e68e  _fDetatheta                     
1     0000e65e  _fTimeCount                     
0     000089f1  _fnAISample                     
0     00008f56  _fnCalFilter1order              
0     00008fe0  _fnCalInertia1order             
0     0000909c  _fnClarkeCalc                   
0     00322299  _fnClarkeInit                   
0     00322295  _fnClarkeReset                  
0     00322285  _fnDisDog                       
0     00321f03  _fnEnableInterrupts             
0     00008b92  _fnExcur_calc                   
0     00322207  _fnExcur_reset                  
0     0000928f  _fnIclarke_Calc                 
0     00008efb  _fnIniFilter1order              
0     00008f89  _fnIniInertia1order             
0     00321d37  _fnInitAdc                      
0     003219f0  _fnInitClock                    
0     000092b9  _fnInitFlash                    
0     00321df3  _fnInitGpio                     
0     003218ea  _fnInitInterg_Encode            
0     00321964  _fnInitPeripheralClocks         
0     00321ee4  _fnInitPieCtrl                  
0     00322161  _fnInitPieVectTable             
0     00321916  _fnInitPll                      
0     00009188  _fnInitVCinput_inter            
0     00321831  _fnInitVCinput_off              
0     00321b1b  _fnInitXintf                    
0     00321ac1  _fnInitXintf16Gpio              
0     00009014  _fnInterg_Calc                  
0     000091e3  _fnIpark_calc                   
0     00008db1  _fnLpf_Pll_Calc                 
0     00008df0  _fnLpf_Pll_Calc2                
0     00008e2c  _fnLpf_Pll_Calc3                
0     0032204c  _fnLpf_Pll_Init                 
0     00322063  _fnLpf_Pll_Init2                
0     0032207f  _fnLpf_Pll_Init3                
0     00321319  _fnParaUpdateSysSamScaParameter 
0     00009261  _fnParkCalc                     
0     003222a1  _fnParkInit                     
0     0032229d  _fnParkReset                    
0     00008e58  _fnPiCalc                       
0     00321f91  _fnPiInit                       
0     00321f7b  _fnPiReset                      
0     0000911a  _fnRatelimit_Calc               
0     0032225c  _fnResFilter1order              
0     00322235  _fnResInertia1order             
0     00009225  _fnSlipset_Calc                 
0     0032221e  _fnSlipset_Inti                 
0     0031facf  _fnSpdest_calc                  
0     0031fec6  _fnSpdest_init                  
1     0000e654  _fnSpeedTest_Ki                 
1     0000e650  _fnSpeedTest_Ki_temp1           
0     00008cc3  _fnSppiCalc                     
0     0032226f  _fnSppiReset                    
0     00321384  _fnSysBaseValueCal              
0     0031f2d8  _fnSysFaultReset                
0     0031fab2  _fnSysHMICommInit               
0     0031f2e2  _fnSysMooreCal                  
0     0032145a  _fnSysOffsetInit                
0     0032147c  _fnSysOffsetParameterCal        
0     0031fa0a  _fnSysParamterRef               
0     00322181  _fnSysPeripheralInit            
0     0031fa63  _fnSysRatedParameter            
0     00321780  _fnSysVoltBaseCalc              
0     0032173c  _fnSysVoltBaseInit              
0     0032175e  _fnSysVoltBaseReset             
0     0031f8eb  _fnSystemInitParam              
0     0031f9c4  _fnSystemRUNParam               
0     0031f929  _fnSystemReadyParam             
0     0031f91c  _fnSystemResetParam             
0     00321205  _fnUnitTestingInterface         
0     00321069  _fnVVVFCtrlInterface            
0     003212fa  _fnVVVFVarInit                  
0     003212f6  _fnVVVFVarReset                 
0     0031fa4c  _fnVarCopyToRam                 
0     0032163e  _fnVarScopeAssign               
0     000089b6  _fnVectorCtrlInterface          
0     00008000  _fnVector_calc                  
0     00321c38  _fnVector_init                  
0     00008449  _fnVector_st_Calc               
0     003219f7  _fnVector_st_Init               
0     00320c8f  _fninterservice_vc              
0     0032219f  _isqrt                          
0     003215d9  _local_DINTCH1_ISR              
0     00321bd1  _main                           
1     0000d00e  _pARMParamRdFlag                
1     0000d014  _pOffsetRam                     
1     0000d018  _pWaveParamStart                
0     003221bb  _pdcopy                         
0     0000877c  _pfnVccontrolcalc               
0     00320c83  _pfnVccontrolclear              
0     00320a42  _pfnVccontrolinit               
0     003221bb  _ppcopy                         
0     00321052  _rsvd_ISR                       
1     0000d940  _sInComm                        
0     003220c1  _sin                            
0     00322009  _sincos                         
0     00322140  _sqrt                           
1     0000d010  _uDMA_Addr                      
1     0000d006  _uDirCount                      
1     0000d005  _uDirCountMax                   
1     0000d001  _uInterCount                    
1     0000d008  _uSoftStartCount                
1     0000e688  _vARM_GPWM_ENABLE               
1     0000e68c  _vARM_GPWM_INT_SET              
1     0000e682  _vARM_GPWM_IN_SET               
1     0000e684  _vDSP_FIBER_CHOP                
1     0000e6a4  _vDSP_GPWM_CARRIER              
1     0000e696  _vDSP_GPWM_COMP                 
1     0000e680  _vDSP_GPWM_ENABLE               
1     0000e68a  _vDSP_GPWM_INT                  
1     0000e690  _vDSP_INT_MULTIPLE              
1     0000e686  _vFPGA_GPWM_ENABLE              
abs   ffffffff  binit                           
0     003222a8  cinit                           
0     0033fff6  code_start                      
0     003222a8  etext                           
abs   ffffffff  pinit                           


GLOBAL SYMBOLS: SORTED BY Symbol Address 

page  address   name                            
----  -------   ----                            
0     00008000  _RamfuncsRunStart               
0     00008000  _fnVector_calc                  
0     00008449  _fnVector_st_Calc               
0     0000877c  _pfnVccontrolcalc               
0     000089b6  _fnVectorCtrlInterface          
0     000089f1  _fnAISample                     
0     00008b92  _fnExcur_calc                   
0     00008cc3  _fnSppiCalc                     
0     00008db1  _fnLpf_Pll_Calc                 
0     00008df0  _fnLpf_Pll_Calc2                
0     00008e2c  _fnLpf_Pll_Calc3                
0     00008e58  _fnPiCalc                       
0     00008efb  _fnIniFilter1order              
0     00008f56  _fnCalFilter1order              
0     00008f89  _fnIniInertia1order             
0     00008fe0  _fnCalInertia1order             
0     00009014  _fnInterg_Calc                  
0     0000909c  _fnClarkeCalc                   
0     0000911a  _fnRatelimit_Calc               
0     00009188  _fnInitVCinput_inter            
0     000091e3  _fnIpark_calc                   
0     00009225  _fnSlipset_Calc                 
0     00009261  _fnParkCalc                     
0     0000928f  _fnIclarke_Calc                 
0     000092b9  _fnInitFlash                    
0     000092d4  _DSP28x_usDelay                 
0     0031e000  _RamfuncsLoadStart              
0     0031f2d8  .text                           
0     0031f2d8  _RamfuncsLoadEnd                
0     0031f2d8  ___text__                       
0     0031f2d8  _fnSysFaultReset                
0     0031f2e2  _fnSysMooreCal                  
0     0031f8eb  _fnSystemInitParam              
0     0031f91c  _fnSystemResetParam             
0     0031f929  _fnSystemReadyParam             
0     0031f9c4  _fnSystemRUNParam               
0     0031fa0a  _fnSysParamterRef               
0     0031fa4c  _fnVarCopyToRam                 
0     0031fa63  _fnSysRatedParameter            
0     0031fab2  _fnSysHMICommInit               
0     0031facf  _fnSpdest_calc                  
0     0031fec6  _fnSpdest_init                  
0     0032014c  _GetFirstChar                   
0     00320151  _GetLastChar                    
0     00320157  _GetFuncIDByte                  
0     0032015c  _RetFuncID                      
0     00320164  _DisplayWave                    
0     0032022c  _FaultWaveMemory                
0     00320327  _InitCommun                     
0     00320359  _ReadFromFPGA                   
0     003204cd  _WriteToFPGA                    
0     0032062c  _InitWrFlash                    
0     00320639  _InitWrFlashF32                 
0     00320659  _DMAInitialize                  
0     00320664  _DMACH1AddrConfig               
0     00320674  _DMACH1BurstConfig              
0     00320684  _DMACH1TransferConfig           
0     00320694  _DMACH1WrapConfig               
0     003206a7  _DMACH1ModeConfig               
0     00320701  _StartDMACH1                    
0     00320709  _DMACH2AddrConfig               
0     00320719  _DMACH2BurstConfig              
0     00320729  _DMACH2TransferConfig           
0     00320739  _DMACH2WrapConfig               
0     0032074c  _DMACH2ModeConfig               
0     003207a6  _StartDMACH2                    
0     003207ae  _DMACH3AddrConfig               
0     003207be  _DMACH3BurstConfig              
0     003207ce  _DMACH3TransferConfig           
0     003207de  _DMACH3WrapConfig               
0     003207f1  _DMACH3ModeConfig               
0     0032084b  _StartDMACH3                    
0     00320853  _DMACH4AddrConfig               
0     00320863  _DMACH4BurstConfig              
0     00320873  _DMACH4TransferConfig           
0     00320883  _DMACH4WrapConfig               
0     00320896  _DMACH4ModeConfig               
0     003208f0  _StartDMACH4                    
0     003208f8  _DMACH5AddrConfig               
0     00320908  _DMACH5BurstConfig              
0     00320918  _DMACH5TransferConfig           
0     00320928  _DMACH5WrapConfig               
0     0032093b  _DMACH5ModeConfig               
0     00320995  _StartDMACH5                    
0     0032099d  _DMACH6AddrConfig               
0     003209ad  _DMACH6BurstConfig              
0     003209bd  _DMACH6TransferConfig           
0     003209cd  _DMACH6WrapConfig               
0     003209e0  _DMACH6ModeConfig               
0     00320a3a  _StartDMACH6                    
0     00320a42  _pfnVccontrolinit               
0     00320c83  _pfnVccontrolclear              
0     00320c8f  _fninterservice_vc              
0     00320d64  _INT13_ISR                      
0     00320d6e  _INT14_ISR                      
0     00320d78  _DATALOG_ISR                    
0     00320d82  _RTOSINT_ISR                    
0     00320d8c  _EMUINT_ISR                     
0     00320d96  _NMI_ISR                        
0     00320da0  _ILLEGAL_ISR                    
0     00320daa  _USER1_ISR                      
0     00320db4  _USER2_ISR                      
0     00320dbe  _USER3_ISR                      
0     00320dc8  _USER4_ISR                      
0     00320dd2  _USER5_ISR                      
0     00320ddc  _USER6_ISR                      
0     00320de6  _USER7_ISR                      
0     00320df0  _USER8_ISR                      
0     00320dfa  _USER9_ISR                      
0     00320e04  _USER10_ISR                     
0     00320e0e  _USER11_ISR                     
0     00320e18  _USER12_ISR                     
0     00320e22  _SEQ1INT_ISR                    
0     00320e2c  _SEQ2INT_ISR                    
0     00320e36  _ADCINT_ISR                     
0     00320e40  _TINT0_ISR                      
0     00320e4a  _WAKEINT_ISR                    
0     00320e54  _EPWM1_TZINT_ISR                
0     00320e5e  _EPWM2_TZINT_ISR                
0     00320e68  _EPWM3_TZINT_ISR                
0     00320e72  _EPWM4_TZINT_ISR                
0     00320e7c  _EPWM5_TZINT_ISR                
0     00320e86  _EPWM6_TZINT_ISR                
0     00320e90  _EPWM1_INT_ISR                  
0     00320e9a  _EPWM2_INT_ISR                  
0     00320ea4  _EPWM3_INT_ISR                  
0     00320eae  _EPWM4_INT_ISR                  
0     00320eb8  _EPWM5_INT_ISR                  
0     00320ec2  _EPWM6_INT_ISR                  
0     00320ecc  _ECAP1_INT_ISR                  
0     00320ed6  _ECAP2_INT_ISR                  
0     00320ee0  _ECAP3_INT_ISR                  
0     00320eea  _ECAP4_INT_ISR                  
0     00320ef4  _ECAP5_INT_ISR                  
0     00320efe  _ECAP6_INT_ISR                  
0     00320f08  _EQEP1_INT_ISR                  
0     00320f12  _EQEP2_INT_ISR                  
0     00320f1c  _SPIRXINTA_ISR                  
0     00320f26  _SPITXINTA_ISR                  
0     00320f30  _MRINTB_ISR                     
0     00320f3a  _MXINTB_ISR                     
0     00320f44  _MRINTA_ISR                     
0     00320f4e  _MXINTA_ISR                     
0     00320f58  _DINTCH2_ISR                    
0     00320f62  _DINTCH3_ISR                    
0     00320f6c  _DINTCH4_ISR                    
0     00320f76  _DINTCH5_ISR                    
0     00320f80  _DINTCH6_ISR                    
0     00320f8a  _I2CINT1A_ISR                   
0     00320f94  _I2CINT2A_ISR                   
0     00320f9e  _SCIRXINTC_ISR                  
0     00320fa8  _SCITXINTC_ISR                  
0     00320fb2  _SCIRXINTA_ISR                  
0     00320fbc  _SCITXINTA_ISR                  
0     00320fc6  _SCIRXINTB_ISR                  
0     00320fd0  _SCITXINTB_ISR                  
0     00320fda  _ECAN0INTA_ISR                  
0     00320fe4  _ECAN1INTA_ISR                  
0     00320fee  _ECAN0INTB_ISR                  
0     00320ff8  _ECAN1INTB_ISR                  
0     00321002  _XINT3_ISR                      
0     0032100c  _XINT4_ISR                      
0     00321016  _XINT5_ISR                      
0     00321020  _XINT6_ISR                      
0     0032102a  _XINT7_ISR                      
0     00321034  _LVF_ISR                        
0     0032103e  _LUF_ISR                        
0     00321048  _PIE_RESERVED                   
0     00321052  _rsvd_ISR                       
0     0032105c  _FaultProcess_ISR               
0     00321069  _fnVVVFCtrlInterface            
0     00321205  _fnUnitTestingInterface         
0     003212f6  _fnVVVFVarReset                 
0     003212fa  _fnVVVFVarInit                  
0     00321319  _fnParaUpdateSysSamScaParameter 
0     00321384  _fnSysBaseValueCal              
0     0032145a  _fnSysOffsetInit                
0     0032147c  _fnSysOffsetParameterCal        
0     0032152c  _SysCtl_ISR                     
0     003215d9  _local_DINTCH1_ISR              
0     003215ea  _epwm1_isr                      
0     003215ff  _epwm2_isr                      
0     00321614  _epwm3_isr                      
0     00321629  _epwm4_isr                      
0     0032163e  _fnVarScopeAssign               
0     0032173c  _fnSysVoltBaseInit              
0     0032175e  _fnSysVoltBaseReset             
0     00321780  _fnSysVoltBaseCalc              
0     00321831  _fnInitVCinput_off              
0     003218ea  _fnInitInterg_Encode            
0     00321916  _fnInitPll                      
0     00321964  _fnInitPeripheralClocks         
0     003219bf  _CsmUnlock                      
0     003219f0  _fnInitClock                    
0     003219f7  _fnVector_st_Init               
0     00321ac1  _fnInitXintf16Gpio              
0     00321b1b  _fnInitXintf                    
0     00321b81  _DISABLE_PWM                    
0     00321ba9  _ENABLE_PWM                     
0     00321bd1  _main                           
0     00321c38  _fnVector_init                  
0     00321cb7  _DATAPeriodDSPtoARM             
0     00321cdf  _DATAPeriodARMtoDSP             
0     00321cec  _SysCurProtect                  
0     00321d2b  _InitAdc                        
0     00321d37  _fnInitAdc                      
0     00321d9d  _c_int00                        
0     00321df3  _fnInitGpio                     
0     00321e47  _atan2                          
0     00321e96  _InvModuWave                    
0     00321ea6  _ChopWave                       
0     00321ee4  _fnInitPieCtrl                  
0     00321f03  _fnEnableInterrupts             
0     00321f31  _atan                           
0     00321f7b  _fnPiReset                      
0     00321f91  _fnPiInit                       
0     00321fc3  _copy_in                        
0     00322009  _sincos                         
0     0032204c  _fnLpf_Pll_Init                 
0     00322063  _fnLpf_Pll_Init2                
0     0032207f  _fnLpf_Pll_Init3                
0     0032208d  _cos                            
0     003220c1  _sin                            
0     003220f5  C$$EXIT                         
0     003220f5  _abort                          
0     003220f7  _exit                           
0     0032211e  I$$DIV                          
0     0032212f  I$$MOD                          
0     00322140  _sqrt                           
0     00322161  _fnInitPieVectTable             
0     00322181  _fnSysPeripheralInit            
0     0032219f  _isqrt                          
0     003221bb  _ddcopy                         
0     003221bb  _dpcopy                         
0     003221bb  _pdcopy                         
0     003221bb  _ppcopy                         
0     003221d5  FS$$DIV                         
0     003221ee  __args_main                     
0     00322207  _fnExcur_reset                  
0     0032221e  _fnSlipset_Inti                 
0     00322235  _fnResInertia1order             
0     00322249  _MemCopy                        
0     0032225c  _fnResFilter1order              
0     0032226f  _fnSppiReset                    
0     0032227c  __register_unlock               
0     00322280  __register_lock                 
0     00322284  __nop                           
0     00322285  _fnDisDog                       
0     00322295  _fnClarkeReset                  
0     00322299  _fnClarkeInit                   
0     0032229d  _fnParkReset                    
0     003222a1  _fnParkInit                     
0     003222a5  __system_pre_init               
0     003222a7  __system_post_cinit             
0     003222a8  ___cinit__                      
0     003222a8  ___etext__                      
0     003222a8  cinit                           
0     003222a8  etext                           
0     00322a7e  _PieVectTableInit               
0     0033fff6  code_start                      
0     00380080  _ADC_cal                        
0     003febdc  _FPUsinTable                    
0     003fecdc  _FPUcosTable                    
0     003fefdc  _FPUsinTableEnd                 
0     003ff0de  _FPUatan2HalfPITable            
0     003ff0de  _FPUcosTableEnd                 
0     003ff0e2  _FPUatan2Table                  
0     003ff268  _FPUatan2TableEnd               
1     00000400  __stack                         
1     00000700  __STACK_END                     
1     00000880  _DevEmuRegs                     
1     00000a80  _FlashRegs                      
1     00000ae0  _CsmRegs                        
1     00000b00  _AdcMirror                      
1     00000b20  _XintfRegs                      
1     00000c00  _CpuTimer0Regs                  
1     00000c08  _CpuTimer1Regs                  
1     00000c10  _CpuTimer2Regs                  
1     00000ce0  _PieCtrlRegs                    
1     00000d00  _PieVectTable                   
1     00001000  _DmaRegs                        
1     00006800  _EPwm1Regs                      
1     00006840  _EPwm2Regs                      
1     00006880  _EPwm3Regs                      
1     000068c0  _EPwm4Regs                      
1     00006900  _EPwm5Regs                      
1     00006940  _EPwm6Regs                      
1     00006a00  _ECap1Regs                      
1     00006a20  _ECap2Regs                      
1     00006a40  _ECap3Regs                      
1     00006a60  _ECap4Regs                      
1     00006a80  _ECap5Regs                      
1     00006aa0  _ECap6Regs                      
1     00006b00  _EQep1Regs                      
1     00006b40  _EQep2Regs                      
1     00006f80  _GpioCtrlRegs                   
1     00006fc0  _GpioDataRegs                   
1     00006fe0  _GpioIntRegs                    
1     00007010  _SysCtrlRegs                    
1     00007070  _XIntruptRegs                   
1     00007100  _AdcRegs                        
1     0000c000  _DMABuf1                        
1     0000d000  _ARMFaultReg                    
1     0000d001  _uInterCount                    
1     0000d002  _SysCtlReg                      
1     0000d003  _DSPFaultCodeReg                
1     0000d004  _SysErrIndexReg                 
1     0000d005  _uDirCountMax                   
1     0000d006  _uDirCount                      
1     0000d007  _SysCtlParameter                
1     0000d008  _uSoftStartCount                
1     0000d00a  _ScopeDATAUpLoad                
1     0000d00c  _DMASource1                     
1     0000d00e  _pARMParamRdFlag                
1     0000d010  _uDMA_Addr                      
1     0000d012  _DMADest1                       
1     0000d014  _pOffsetRam                     
1     0000d016  _RdDSPtoARM                     
1     0000d018  _pWaveParamStart                
1     0000d01a  _SysEnviConfg                   
1     0000d01e  _SysProParamReg                 
1     0000d022  _SysMoore                       
1     0000d026  _DAOut                          
1     0000d02c  _Vol_iclarke                    
1     0000d040  _SysConTest                     
1     0000d04c  _Vol_ipark                      
1     0000d058  _Spd_LPF                        
1     0000d066  _VolPhr_clarke                  
1     0000d080  _Vol_clarke                     
1     0000d092  _Cur_park                       
1     0000d0a4  _Cur_clarke                     
1     0000d0c0  _SysVoltBase                    
1     0000d0d2  _SysSamDSPtoARM                 
1     0000d0e4  _CurPhr_clarke                  
1     0000d100  _Ratelimit                      
1     0000d114  _Slipspeed                      
1     0000d128  _Interg_phsAlpha                
1     0000d140  _SpeedKpKi                      
1     0000d156  _Interg_Deta                    
1     0000d180  _Interg_Vector                  
1     0000d196  _Interg_phsBeta                 
1     0000d1c0  _Interg_PhrVolAlpha             
1     0000d1d6  _Interg_PhrVolBeta              
1     0000d200  _LPF_W                          
1     0000d216  _Interg_CurVol                  
1     0000d240  _ErFilter3_Alpha                
1     0000d258  _ExcitingCurrent                
1     0000d280  _CurrentFilter_D                
1     0000d298  _ErFilter1_Alpha                
1     0000d2c0  _CurrentFilter_Q                
1     0000d2d8  _ErFilter2_Alpha                
1     0000d300  _ErFilter3_Beta                 
1     0000d318  _PhrCurFilter_Beta              
1     0000d340  _ErFilter2_Beta                 
1     0000d358  _PhrCurFilter_Alpha             
1     0000d380  _ErFilter1_Beta                 
1     0000d398  _Inertia_PhrVolAlpha            
1     0000d3c0  _Inertia_PhrVolBeta             
1     0000d3da  _SysRatedParameter              
1     0000d400  _SysBaseValue                   
1     0000d41e  _SysVVVFCtrl                    
1     0000d440  _SpeedTestPI                    
1     0000d480  _SpeedTestPI_CurVol             
1     0000d4c0  _CurrentControl_T               
1     0000d500  _PhrPI                          
1     0000d540  _SpeedControl                   
1     0000d580  _CurrentControl_M               
1     0000d5c0  _SysSamScaParameter             
1     0000d600  _SpeedTest                      
1     0000d680  _SysSampOffset                  
1     0000d700  _Vector_Control                 
1     0000d780  _AnalogInput                    
1     0000d800  _SpeedTest_CurVol               
1     0000d880  _VC_SLVC_PARAMETER              
1     0000d940  _sInComm                        
1     0000de80  _HMIBuffer                      
1     0000e650  _fnSpeedTest_Ki_temp1           
1     0000e652  _CNT_FR_VALUE                   
1     0000e654  _fnSpeedTest_Ki                 
1     0000e656  ___TI_enable_exit_profile_output
1     0000e658  ___TI_cleanup_ptr               
1     0000e65a  ___TI_dtors_ptr                 
1     0000e65c  _TRANS_FU                       
1     0000e65e  _fTimeCount                     
1     0000e660  _Sumcount                       
1     0000e662  __lock                          
1     0000e664  __unlock                        
1     0000e680  _vDSP_GPWM_ENABLE               
1     0000e682  _vARM_GPWM_IN_SET               
1     0000e684  _vDSP_FIBER_CHOP                
1     0000e686  _vFPGA_GPWM_ENABLE              
1     0000e688  _vARM_GPWM_ENABLE               
1     0000e68a  _vDSP_GPWM_INT                  
1     0000e68c  _vARM_GPWM_INT_SET              
1     0000e68e  _fDetatheta                     
1     0000e690  _vDSP_INT_MULTIPLE              
1     0000e692  _SysChoppedWave                 
1     0000e696  _vDSP_GPWM_COMP                 
1     0000e6a4  _vDSP_GPWM_CARRIER              
1     0033fff8  _CsmPwl                         
abs   00000300  __STACK_SIZE                    
abs   ffffffff  ___TI_pprof_out_hndl            
abs   ffffffff  ___TI_prof_data_size            
abs   ffffffff  ___TI_prof_data_start           
abs   ffffffff  ___binit__                      
abs   ffffffff  ___c_args__                     
abs   ffffffff  ___pinit__                      
abs   ffffffff  binit                           
abs   ffffffff  pinit                           

[409 symbols]
