******************************************************************************
             TMS320C2000 Linker PC v15.12.1                    
******************************************************************************
>> Linked Fri Aug 17 20:11:49 2018

OUTPUT FILE NAME:   <LVControl_YP20180123.out>
ENTRY POINT SYMBOL: "_c_int00"  address: 003229fb


MEMORY CONFIGURATION

         name            origin    length      used     unused   attr    fill
----------------------  --------  ---------  --------  --------  ----  --------
PAGE 0:
  RAMM0                 00000050   000003b0  00000000  000003b0  RWIX
  ZONE0                 00004000   00001000  00000000  00001000  RWIX
  RAML1                 00008000   00004000  0000182c  000027d4  RWIX
  ZONE6A                00100000   00010000  00000000  00010000  RWIX
  ZONE7A                00200000   0000fc00  00000000  0000fc00  RWIX
  FLASHG                00305000   00005000  00000000  00005000  RWIX
  FLASHF                0030a000   00005000  00000000  00005000  RWIX
  FLASHE                0030f000   00005000  00000000  00005000  RWIX
  FLASHD                00314000   00005000  00000000  00005000  RWIX
  FLASHA                0031e000   00021f80  00005923  0001c65d  RWIX
  CSM_RSVD              0033ff80   00000076  00000000  00000076  RWIX
  BEGIN                 0033fff6   00000002  00000002  00000000  RWIX
  CSM_PWL               0033fff8   00000008  00000000  00000008  RWIX
  ADC_CAL               00380080   00000009  00000007  00000002  RWIX
  OTP                   00380400   00000400  00000000  00000400  RWIX
  IQTABLES              003fe000   00000b50  00000000  00000b50  RWIX
  IQTABLES2             003feb50   0000008c  00000000  0000008c  RWIX
  FPUTABLES             003febdc   000006a0  000006a0  00000000  RWIX
  ROM                   003ff27c   00000d44  00000000  00000d44  RWIX
  RESET                 003fffc0   00000002  00000000  00000002  RWIX
  VECTORS               003fffc2   0000003e  00000000  0000003e  RWIX

PAGE 1:
  BOOT_RSVD             00000000   00000050  00000000  00000050  RWIX
  RAMM1                 00000400   00000400  00000300  00000100  RWIX
  DEV_EMU               00000880   00000180  000000d0  000000b0  RWIX
  FLASH_REGS            00000a80   00000060  00000008  00000058  RWIX
  CSM                   00000ae0   00000010  00000010  00000000  RWIX
  ADC_MIRROR            00000b00   00000010  00000010  00000000  RWIX
  XINTF                 00000b20   00000020  0000001e  00000002  RWIX
  CPU_TIMER0            00000c00   00000008  00000008  00000000  RWIX
  CPU_TIMER1            00000c08   00000008  00000008  00000000  RWIX
  CPU_TIMER2            00000c10   00000008  00000008  00000000  RWIX
  PIE_CTRL              00000ce0   00000020  0000001a  00000006  RWIX
  PIE_VECT              00000d00   00000100  00000100  00000000  RWIX
  DMA                   00001000   00000200  000000e0  00000120  RWIX
  MCBSPA                00005000   00000040  00000000  00000040  RWIX
  MCBSPB                00005040   00000040  00000000  00000040  RWIX
  ECANA                 00006000   00000040  00000000  00000040  RWIX
  ECANA_LAM             00006040   00000040  00000000  00000040  RWIX
  ECANA_MOTS            00006080   00000040  00000000  00000040  RWIX
  ECANA_MOTO            000060c0   00000040  00000000  00000040  RWIX
  ECANA_MBOX            00006100   00000100  00000000  00000100  RWIX
  ECANB                 00006200   00000040  00000000  00000040  RWIX
  ECANB_LAM             00006240   00000040  00000000  00000040  RWIX
  ECANB_MOTS            00006280   00000040  00000000  00000040  RWIX
  ECANB_MOTO            000062c0   00000040  00000000  00000040  RWIX
  ECANB_MBOX            00006300   00000100  00000000  00000100  RWIX
  EPWM1                 00006800   00000022  00000022  00000000  RWIX
  EPWM2                 00006840   00000022  00000022  00000000  RWIX
  EPWM3                 00006880   00000022  00000022  00000000  RWIX
  EPWM4                 000068c0   00000022  00000022  00000000  RWIX
  EPWM5                 00006900   00000022  00000022  00000000  RWIX
  EPWM6                 00006940   00000022  00000022  00000000  RWIX
  ECAP1                 00006a00   00000020  00000020  00000000  RWIX
  ECAP2                 00006a20   00000020  00000020  00000000  RWIX
  ECAP3                 00006a40   00000020  00000020  00000000  RWIX
  ECAP4                 00006a60   00000020  00000020  00000000  RWIX
  ECAP5                 00006a80   00000020  00000020  00000000  RWIX
  ECAP6                 00006aa0   00000020  00000020  00000000  RWIX
  EQEP1                 00006b00   00000040  00000040  00000000  RWIX
  EQEP2                 00006b40   00000040  00000040  00000000  RWIX
  GPIOCTRL              00006f80   00000040  0000002e  00000012  RWIX
  GPIODAT               00006fc0   00000020  00000020  00000000  RWIX
  GPIOINT               00006fe0   00000020  0000000a  00000016  RWIX
  SYSTEM                00007010   00000020  00000020  00000000  RWIX
  SPIA                  00007040   00000010  00000000  00000010  RWIX
  SCIA                  00007050   00000010  00000000  00000010  RWIX
  XINTRUPT              00007070   00000010  00000010  00000000  RWIX
  ADC                   00007100   00000020  0000001e  00000002  RWIX
  SCIB                  00007750   00000010  00000000  00000010  RWIX
  SCIC                  00007770   00000010  00000000  00000010  RWIX
  I2CA                  00007900   00000040  00000000  00000040  RWIX
  RAML4                 0000c000   00001000  00000080  00000f80  RWIX
  RAML6                 0000d000   00002de0  000017b2  0000162e  RWIX
  RAML7                 0000ff00   00000100  00000000  00000100  RWIX
  ZONE6HMI              00110000   00002000  00000000  00002000  RWIX
  ZONE6PLCRead          00112000   00001000  00000000  00001000  RWIX
  ZONE6PLCWrite         00113000   00001000  00000000  00001000  RWIX
  ZONE6FWBuffer         00114000   00005000  00000000  00005000  RWIX
  ZONE6B                00119000   00010000  00000000  00010000  RWIX
  ZONE7B                0020fc00   00000400  00000000  00000400  RWIX
  FLASHH                00300000   00005000  00000000  00005000  RWIX
  FLASHC                00319000   00005000  00000000  00005000  RWIX
  CSM_PWL               0033fff8   00000008  00000008  00000000  RWIX
  PARTID                00380090   00000001  00000000  00000001  RWIX


SECTION ALLOCATION MAP

 output                                  attributes/
section   page    origin      length       input sections
--------  ----  ----------  ----------   ----------------
DevEmuRegsFile 
*          1    00000880    000000d0     UNINITIALIZED
                  00000880    000000d0     DSP2833x_GlobalVariableDefs.obj (DevEmuRegsFile)

FlashRegsFile 
*          1    00000a80    00000008     UNINITIALIZED
                  00000a80    00000008     DSP2833x_GlobalVariableDefs.obj (FlashRegsFile)

CsmRegsFile 
*          1    00000ae0    00000010     UNINITIALIZED
                  00000ae0    00000010     DSP2833x_GlobalVariableDefs.obj (CsmRegsFile)

AdcMirrorFile 
*          1    00000b00    00000010     UNINITIALIZED
                  00000b00    00000010     DSP2833x_GlobalVariableDefs.obj (AdcMirrorFile)

XintfRegsFile 
*          1    00000b20    0000001e     UNINITIALIZED
                  00000b20    0000001e     DSP2833x_GlobalVariableDefs.obj (XintfRegsFile)

CpuTimer0RegsFile 
*          1    00000c00    00000008     UNINITIALIZED
                  00000c00    00000008     DSP2833x_GlobalVariableDefs.obj (CpuTimer0RegsFile)

CpuTimer1RegsFile 
*          1    00000c08    00000008     UNINITIALIZED
                  00000c08    00000008     DSP2833x_GlobalVariableDefs.obj (CpuTimer1RegsFile)

CpuTimer2RegsFile 
*          1    00000c10    00000008     UNINITIALIZED
                  00000c10    00000008     DSP2833x_GlobalVariableDefs.obj (CpuTimer2RegsFile)

PieCtrlRegsFile 
*          1    00000ce0    0000001a     UNINITIALIZED
                  00000ce0    0000001a     DSP2833x_GlobalVariableDefs.obj (PieCtrlRegsFile)

PieVectTableFile 
*          1    00000d00    00000100     UNINITIALIZED
                  00000d00    00000100     DSP2833x_GlobalVariableDefs.obj (PieVectTableFile)

DmaRegsFile 
*          1    00001000    000000e0     UNINITIALIZED
                  00001000    000000e0     DSP2833x_GlobalVariableDefs.obj (DmaRegsFile)

ramfuncs   0    0031e000    0000182c     RUN ADDR = 00008000
                  0031e000    0000058d     PMSM_Control.obj (ramfuncs)
                  0031e58d    00000449     Vectorcontrol.obj (ramfuncs)
                  0031e9d6    00000333     speedtest_vol.lib : Vector_SpeedTEST.obj (ramfuncs)
                  0031ed09    00000204     vc_slvc_parameter.obj (ramfuncs)
                  0031ef0d    000001bb     common_struct.obj (ramfuncs)
                  0031f0c8    00000136     SysCtl_AnalogProcess.obj (ramfuncs)
                  0031f1fe    00000131     VC_module.lib : Exciting_Current.obj (ramfuncs)
                  0031f32f    000000ee                   : speed_kpki.obj (ramfuncs)
                  0031f41d    000000a7     VC_understructure.lib : LPF.obj (ramfuncs)
                  0031f4c4    000000a3                           : DMC_PI.obj (ramfuncs)
                  0031f567    0000008e                           : filter.obj (ramfuncs)
                  0031f5f5    0000008b                           : Inertia1order.obj (ramfuncs)
                  0031f680    00000088                           : Interg.obj (ramfuncs)
                  0031f708    0000006e                           : Ratelimit.obj (ramfuncs)
                  0031f776    0000005b     VC_SLVC_PARA_inti.obj (ramfuncs)
                  0031f7d1    0000003c     VC_module.lib : Slip.obj (ramfuncs)
                  0031f80d    0000001b     DSP2833x_Flash.obj (ramfuncs)
                  0031f828    00000004     DSP2833x_usDelay.obj (ramfuncs)

.text      0    0031f82c    000036ca     
                  0031f82c    000007f0     SysCtl_SysMoore.obj (.text)
                  0032001c    0000067d     VC_module.lib : cur_vol_model.obj (.text)
                  00320699    0000050d     COMMInterface.obj (.text)
                  00320ba6    00000437     Svpwm.obj (.text)
                  00320fdd    000003e9     DSP2833x_DMA.obj (.text)
                  003213c6    0000031a     vc_slvc_parameter.obj (.text)
                  003216e0    00000305     DSP2833x_DefaultIsr.obj (.text:retain)
                  003219e5    000002b0     VVVF.obj (.text)
                  00321c95    0000029e     Sys_Isr_Controller.obj (.text:retain)
                  00321f33    00000221     SysCtl_AnalogProcess.obj (.text)
                  00322154    00000163     SysCtl_DA_ScopeAssing.obj (.text)
                  003222b7    000000fb     PMSM_Control.obj (.text)
                  003223b2    000000f5     Algorithm.obj (.text)
                  003224a7    000000e5     VC_SLVC_PARA_inti.obj (.text)
                  0032258c    000000e1     DSP2833x_Clock.obj (.text)
                  0032266d    000000ca     speedtest_vol.lib : Vector_SpeedTEST.obj (.text)
                  00322737    000000c0     DSP2833x_Xintf.obj (.text)
                  003227f7    000000b7     Sys_Main.obj (.text)
                  003228ae    0000007f     Vectorcontrol.obj (.text)
                  0032292d    00000072     DSP2833x_Adc.obj (.text)
                  0032299f    0000005c     Sys_Isr_Controller.obj (.text)
                  003229fb    00000056     rts2800_fpu32.lib : boot.obj (.text)
                  00322a51    00000054     DSP2833x_Gpio.obj (.text)
                  00322aa5    0000004f     atan2_f32.obj (.text)
                  00322af4    0000004e     FpgaInf.obj (.text)
                  00322b42    0000004d     DSP2833x_PieCtrl.obj (.text)
                  00322b8f    0000004a     atan_f32.obj (.text)
                  00322bd9    00000048     VC_understructure.lib : DMC_PI.obj (.text)
                  00322c21    00000046     rts2800_fpu32.lib : cpy_tbl.obj (.text)
                  00322c67    00000043     sincos_f32.obj (.text)
                  00322caa    00000041     VC_understructure.lib : LPF.obj (.text)
                  00322ceb    00000034     cos_f32.obj (.text)
                  00322d1f    00000034     sin_f32.obj (.text)
                  00322d53    00000029     rts2800_fpu32.lib : exit.obj (.text)
                  00322d7c    00000022                       : i_div.obj (.text)
                  00322d9e    00000021     sqrt_f32.obj (.text)
                  00322dbf    00000020     DSP2833x_PieVect.obj (.text)
                  00322ddf    0000001e     DSP2833x_SysPerInit.obj (.text)
                  00322dfd    0000001c     isqrt_f32.obj (.text)
                  00322e19    0000001a     rts2800_fpu32.lib : cpy_utils.obj (.text)
                  00322e33    00000019     div_f32.obj (.text)
                  00322e4c    00000019     rts2800_fpu32.lib : args_main.obj (.text)
                  00322e65    00000017     VC_module.lib : Exciting_Current.obj (.text)
                  00322e7c    00000017                   : Slip.obj (.text)
                  00322e93    00000014     VC_understructure.lib : Inertia1order.obj (.text)
                  00322ea7    00000013     DSP2833x_MemCopy.obj (.text)
                  00322eba    00000013     VC_understructure.lib : filter.obj (.text)
                  00322ecd    0000000d     VC_module.lib : speed_kpki.obj (.text)
                  00322eda    00000009     rts2800_fpu32.lib : _lock.obj (.text)
                  00322ee3    00000008     DSP2833x_WatchDog.obj (.text)
                  00322eeb    00000008     DSP28xxx_CodeStartBranch_flash.obj (.text)
                  00322ef3    00000002     rts2800_fpu32.lib : pre_init.obj (.text)
                  00322ef5    00000001                       : startup.obj (.text)

.cinit     0    00322ef6    00000895     
                  00322ef6    0000081d     SysCtl_GlobalVar.obj (.cinit)
                  00323713    0000004a     FpgaInf.obj (.cinit)
                  0032375d    0000000f     Vectorcontrol.obj (.cinit)
                  0032376c    0000000e     rts2800_fpu32.lib : exit.obj (.cinit)
                  0032377a    00000005     VC_understructure.lib : LPF.obj (.cinit)
                  0032377f    00000005     rts2800_fpu32.lib : _lock.obj (.cinit:__lock)
                  00323784    00000005                       : _lock.obj (.cinit:__unlock)
                  00323789    00000002     --HOLE-- [fill = 0]

.econst    0    0032378c    00000198     
                  0032378c    00000100     DSP2833x_PieVect.obj (.econst:_PieVectTableInit)
                  0032388c    00000020     PMSM_Control.obj (.econst:_$P$T3$4)
                  003238ac    00000020     PMSM_Control.obj (.econst:_$P$T7$8)
                  003238cc    00000010     PMSM_Control.obj (.econst:_$P$T0$1)
                  003238dc    00000010     PMSM_Control.obj (.econst:_$P$T2$3)
                  003238ec    00000010     PMSM_Control.obj (.econst:_$P$T4$5)
                  003238fc    00000010     PMSM_Control.obj (.econst:_$P$T6$7)
                  0032390c    0000000c     PMSM_Control.obj (.econst:_$P$T1$2)
                  00323918    0000000c     PMSM_Control.obj (.econst:_$P$T5$6)

codestart 
*          0    0033fff6    00000002     
                  0033fff6    00000002     DSP28xxx_CodeStartBranch_flash.obj (codestart)

.adc_cal   0    00380080    00000007     NOLOAD SECTION
                  00380080    00000007     DSP2833x_ADC_cal.obj (.adc_cal)

FPUmathTables 
*          0    003febdc    000006a0     NOLOAD SECTION
                  003febdc    000006a0     FPUmathTables.obj (FPUmathTables)

.stack     1    00000400    00000300     UNINITIALIZED
                  00000400    00000300     --HOLE--

EPwm1RegsFile 
*          1    00006800    00000022     UNINITIALIZED
                  00006800    00000022     DSP2833x_GlobalVariableDefs.obj (EPwm1RegsFile)

EPwm2RegsFile 
*          1    00006840    00000022     UNINITIALIZED
                  00006840    00000022     DSP2833x_GlobalVariableDefs.obj (EPwm2RegsFile)

EPwm3RegsFile 
*          1    00006880    00000022     UNINITIALIZED
                  00006880    00000022     DSP2833x_GlobalVariableDefs.obj (EPwm3RegsFile)

EPwm4RegsFile 
*          1    000068c0    00000022     UNINITIALIZED
                  000068c0    00000022     DSP2833x_GlobalVariableDefs.obj (EPwm4RegsFile)

EPwm5RegsFile 
*          1    00006900    00000022     UNINITIALIZED
                  00006900    00000022     DSP2833x_GlobalVariableDefs.obj (EPwm5RegsFile)

EPwm6RegsFile 
*          1    00006940    00000022     UNINITIALIZED
                  00006940    00000022     DSP2833x_GlobalVariableDefs.obj (EPwm6RegsFile)

ECap1RegsFile 
*          1    00006a00    00000020     UNINITIALIZED
                  00006a00    00000020     DSP2833x_GlobalVariableDefs.obj (ECap1RegsFile)

ECap2RegsFile 
*          1    00006a20    00000020     UNINITIALIZED
                  00006a20    00000020     DSP2833x_GlobalVariableDefs.obj (ECap2RegsFile)

ECap3RegsFile 
*          1    00006a40    00000020     UNINITIALIZED
                  00006a40    00000020     DSP2833x_GlobalVariableDefs.obj (ECap3RegsFile)

ECap4RegsFile 
*          1    00006a60    00000020     UNINITIALIZED
                  00006a60    00000020     DSP2833x_GlobalVariableDefs.obj (ECap4RegsFile)

ECap5RegsFile 
*          1    00006a80    00000020     UNINITIALIZED
                  00006a80    00000020     DSP2833x_GlobalVariableDefs.obj (ECap5RegsFile)

ECap6RegsFile 
*          1    00006aa0    00000020     UNINITIALIZED
                  00006aa0    00000020     DSP2833x_GlobalVariableDefs.obj (ECap6RegsFile)

EQep1RegsFile 
*          1    00006b00    00000040     UNINITIALIZED
                  00006b00    00000040     DSP2833x_GlobalVariableDefs.obj (EQep1RegsFile)

EQep2RegsFile 
*          1    00006b40    00000040     UNINITIALIZED
                  00006b40    00000040     DSP2833x_GlobalVariableDefs.obj (EQep2RegsFile)

GpioCtrlRegsFile 
*          1    00006f80    0000002e     UNINITIALIZED
                  00006f80    0000002e     DSP2833x_GlobalVariableDefs.obj (GpioCtrlRegsFile)

GpioDataRegsFile 
*          1    00006fc0    00000020     UNINITIALIZED
                  00006fc0    00000020     DSP2833x_GlobalVariableDefs.obj (GpioDataRegsFile)

GpioIntRegsFile 
*          1    00006fe0    0000000a     UNINITIALIZED
                  00006fe0    0000000a     DSP2833x_GlobalVariableDefs.obj (GpioIntRegsFile)

SysCtrlRegsFile 
*          1    00007010    00000020     UNINITIALIZED
                  00007010    00000020     DSP2833x_GlobalVariableDefs.obj (SysCtrlRegsFile)

XIntruptRegsFile 
*          1    00007070    00000010     UNINITIALIZED
                  00007070    00000010     DSP2833x_GlobalVariableDefs.obj (XIntruptRegsFile)

AdcRegsFile 
*          1    00007100    0000001e     UNINITIALIZED
                  00007100    0000001e     DSP2833x_GlobalVariableDefs.obj (AdcRegsFile)

CsmPwlFile 
*          1    0033fff8    00000008     UNINITIALIZED
                  0033fff8    00000008     DSP2833x_GlobalVariableDefs.obj (CsmPwlFile)

.pinit     0    0031e000    00000000     UNINITIALIZED

.ebss      1    0000d000    000017b2     UNINITIALIZED
                  0000d000    00001750     SysCtl_GlobalVar.obj (.ebss)
                  0000e750    00000006     Vectorcontrol.obj (.ebss)
                  0000e756    00000006     rts2800_fpu32.lib : exit.obj (.ebss)
                  0000e75c    00000002     COMMInterface.obj (.ebss)
                  0000e75e    00000002     VC_understructure.lib : LPF.obj (.ebss)
                  0000e760    00000002     rts2800_fpu32.lib : _lock.obj (.ebss:__lock)
                  0000e762    00000002                       : _lock.obj (.ebss:__unlock)
                  0000e764    0000001c     --HOLE--
                  0000e780    00000032     FpgaInf.obj (.ebss)

DMARAML4   1    0000c000    00000080     UNINITIALIZED
                  0000c000    00000080     SysCtl_GlobalVar.obj (DMARAML4)

.reset     0    003fffc0    00000002     DSECT
                  003fffc0    00000002     rts2800_fpu32.lib : boot.obj (.reset)

vectors    0    003fffc2    00000000     DSECT

MODULE SUMMARY

       Module                               code    ro data   rw data
       ------                               ----    -------   -------
    .\DSP2833x_common\source\
       DSP2833x_GlobalVariableDefs.obj      0       0         1506   
       DSP2833x_DMA.obj                     1001    0         0      
       DSP2833x_DefaultIsr.obj              773     0         0      
       DSP2833x_PieVect.obj                 32      0         256    
       DSP2833x_Clock.obj                   225     0         0      
       DSP2833x_Xintf.obj                   192     0         0      
       DSP2833x_Adc.obj                     114     0         0      
       DSP2833x_Gpio.obj                    84      0         0      
       DSP2833x_PieCtrl.obj                 77      0         0      
       DSP2833x_Flash.obj                   54      0         0      
       DSP2833x_SysPerInit.obj              30      0         0      
       DSP2833x_MemCopy.obj                 19      0         0      
       DSP28xxx_CodeStartBranch_flash.obj   10      0         0      
       DSP2833x_WatchDog.obj                8       0         0      
       DSP2833x_usDelay.obj                 8       0         0      
       DSP2833x_ADC_cal.obj                 7       0         0      
    +--+------------------------------------+-------+---------+---------+
       Total:                               2634    0         1762   
                                                                     
    .\algorithm\source\
       PMSM_Control.obj                     3093    0         152    
       Vectorcontrol.obj                    2321    0         21     
       vc_slvc_parameter.obj                1826    0         0      
       Svpwm.obj                            1079    0         0      
       common_struct.obj                    886     0         0      
       VVVF.obj                             688     0         0      
       VC_SLVC_PARA_inti.obj                411     0         0      
       Algorithm.obj                        245     0         0      
    +--+------------------------------------+-------+---------+---------+
       Total:                               10549   0         173    
                                                                     
    .\libs\FPUfastRTS\V100\source\
       FPUmathTables.obj                    0       0         1696   
       atan2_f32.obj                        79      0         0      
       atan_f32.obj                         74      0         0      
       sincos_f32.obj                       67      0         0      
       cos_f32.obj                          52      0         0      
       sin_f32.obj                          52      0         0      
       sqrt_f32.obj                         33      0         0      
       isqrt_f32.obj                        28      0         0      
       div_f32.obj                          25      0         0      
    +--+------------------------------------+-------+---------+---------+
       Total:                               410     0         1696   
                                                                     
    .\source\
       SysCtl_GlobalVar.obj                 0       0         8173   
       SysCtl_SysMoore.obj                  2032    0         0      
       COMMInterface.obj                    1293    0         2      
       SysCtl_AnalogProcess.obj             1165    0         0      
       Sys_Isr_Controller.obj               762     0         0      
       SysCtl_DA_ScopeAssing.obj            355     0         0      
       FpgaInf.obj                          78      0         124    
       Sys_Main.obj                         183     0         0      
    +--+------------------------------------+-------+---------+---------+
       Total:                               5868    0         8299   
                                                                     
    ../libs/VC_module.lib
       cur_vol_model.obj                    1661    0         0      
       Exciting_Current.obj                 633     0         0      
       speed_kpki.obj                       489     0         0      
       Slip.obj                             143     0         0      
    +--+------------------------------------+-------+---------+---------+
       Total:                               2926    0         0      
                                                                     
    ../libs/VC_understructure.lib
       LPF.obj                              399     0         7      
       DMC_PI.obj                           398     0         0      
       filter.obj                           303     0         0      
       Inertia1order.obj                    298     0         0      
       Interg.obj                           272     0         0      
       Ratelimit.obj                        220     0         0      
    +--+------------------------------------+-------+---------+---------+
       Total:                               1890    0         7      
                                                                     
    ../libs/speedtest_vol.lib
       Vector_SpeedTEST.obj                 1840    0         0      
    +--+------------------------------------+-------+---------+---------+
       Total:                               1840    0         0      
                                                                     
    D:\ti\ccsv6\tools\compiler\ti-cgt-c2000_15.12.1.LTS\lib\rts2800_fpu32.lib
       boot.obj                             86      0         0      
       cpy_tbl.obj                          70      0         0      
       exit.obj                             41      0         20     
       i_div.obj                            34      0         0      
       cpy_utils.obj                        26      0         0      
       args_main.obj                        25      0         0      
       _lock.obj                            9       0         14     
       pre_init.obj                         2       0         0      
       startup.obj                          1       0         0      
    +--+------------------------------------+-------+---------+---------+
       Total:                               294     0         34     
                                                                     
       Stack:                               0       0         768    
    +--+------------------------------------+-------+---------+---------+
       Grand Total:                         26411   0         12739  


GLOBAL DATA SYMBOLS: SORTED BY DATA PAGE

address     data page           name
--------    ----------------    ----
00000400      10 (00000400)     __stack

00000880      22 (00000880)     _DevEmuRegs

00000a80      2a (00000a80)     _FlashRegs

00000ae0      2b (00000ac0)     _CsmRegs

00000b00      2c (00000b00)     _AdcMirror
00000b20      2c (00000b00)     _XintfRegs

00000c00      30 (00000c00)     _CpuTimer0Regs
00000c08      30 (00000c00)     _CpuTimer1Regs
00000c10      30 (00000c00)     _CpuTimer2Regs

00000ce0      33 (00000cc0)     _PieCtrlRegs

00000d00      34 (00000d00)     _PieVectTable

00001000      40 (00001000)     _DmaRegs

00006800     1a0 (00006800)     _EPwm1Regs

00006840     1a1 (00006840)     _EPwm2Regs

00006880     1a2 (00006880)     _EPwm3Regs

000068c0     1a3 (000068c0)     _EPwm4Regs

00006900     1a4 (00006900)     _EPwm5Regs

00006940     1a5 (00006940)     _EPwm6Regs

00006a00     1a8 (00006a00)     _ECap1Regs
00006a20     1a8 (00006a00)     _ECap2Regs

00006a40     1a9 (00006a40)     _ECap3Regs
00006a60     1a9 (00006a40)     _ECap4Regs

00006a80     1aa (00006a80)     _ECap5Regs
00006aa0     1aa (00006a80)     _ECap6Regs

00006b00     1ac (00006b00)     _EQep1Regs

00006b40     1ad (00006b40)     _EQep2Regs

00006f80     1be (00006f80)     _GpioCtrlRegs

00006fc0     1bf (00006fc0)     _GpioDataRegs
00006fe0     1bf (00006fc0)     _GpioIntRegs

00007010     1c0 (00007000)     _SysCtrlRegs

00007070     1c1 (00007040)     _XIntruptRegs

00007100     1c4 (00007100)     _AdcRegs

0000c000     300 (0000c000)     _DMABuf1

0000d000     340 (0000d000)     _ARMFaultReg
0000d001     340 (0000d000)     _SysCtlParameter
0000d002     340 (0000d000)     _SysCtlReg
0000d003     340 (0000d000)     _DSPFaultCodeReg
0000d004     340 (0000d000)     _uDirCountMax
0000d005     340 (0000d000)     _SquareCount
0000d006     340 (0000d000)     _uInterCount
0000d007     340 (0000d000)     _uDirCount
0000d008     340 (0000d000)     _SysErrIndexReg
0000d00a     340 (0000d000)     _iq_load
0000d00c     340 (0000d000)     _ScopeDATAUpLoad
0000d00e     340 (0000d000)     _uDMA_Addr
0000d010     340 (0000d000)     _DMADest1
0000d012     340 (0000d000)     _fTimeCount
0000d014     340 (0000d000)     _uSoftStartCount
0000d016     340 (0000d000)     _pOffsetRam
0000d018     340 (0000d000)     _pWaveParamStart
0000d01a     340 (0000d000)     _pARMParamRdFlag
0000d01c     340 (0000d000)     _RdDSPtoARM
0000d01e     340 (0000d000)     _DMASource1
0000d020     340 (0000d000)     _SysEnviConfg
0000d024     340 (0000d000)     _SysMoore
0000d028     340 (0000d000)     _SysProParamReg
0000d02c     340 (0000d000)     _DAOut
0000d032     340 (0000d000)     _SysConTest

0000d040     341 (0000d040)     _Cur_clarke
0000d04c     341 (0000d040)     _Vol_clarke
0000d058     341 (0000d040)     _CurPhr_clarke
0000d064     341 (0000d040)     _Vol_iclarke
0000d070     341 (0000d040)     _VolPhr_clarke

0000d080     342 (0000d080)     _Spd_LPF
0000d08e     342 (0000d080)     _Cur_park
0000d09e     342 (0000d080)     _Vol_ipark
0000d0ae     342 (0000d080)     _SysVoltBase

0000d0c0     343 (0000d0c0)     _SysSamDSPtoARM
0000d0d2     343 (0000d0c0)     _Slipspeed
0000d0e6     343 (0000d0c0)     _Ratelimit

0000d100     344 (0000d100)     _Interg_CurVol
0000d116     344 (0000d100)     _Interg_Vector

0000d140     345 (0000d140)     _SpeedKpKi
0000d156     345 (0000d140)     _Interg_PhrVolBeta

0000d180     346 (0000d180)     _Interg_PhrVolAlpha
0000d196     346 (0000d180)     _Interg_phsBeta

0000d1c0     347 (0000d1c0)     _Interg_phsAlpha
0000d1d6     347 (0000d1c0)     _Interg_Deta

0000d200     348 (0000d200)     _LPF_W
0000d216     348 (0000d200)     _ErFilter2_Alpha

0000d240     349 (0000d240)     _ErFilter3_Alpha
0000d258     349 (0000d240)     _ErFilter1_Alpha

0000d280     34a (0000d280)     _PhrCurFilter_Alpha
0000d298     34a (0000d280)     _ErFilter3_Beta

0000d2c0     34b (0000d2c0)     _PhrCurFilter_Beta
0000d2d8     34b (0000d2c0)     _ErFilter1_Beta

0000d300     34c (0000d300)     _ErFilter2_Beta
0000d318     34c (0000d300)     _CurrentFilter_D

0000d340     34d (0000d340)     _ExcitingCurrent
0000d358     34d (0000d340)     _CurrentFilter_Q

0000d380     34e (0000d380)     _Inertia_PhrVolBeta
0000d39a     34e (0000d380)     _SysRatedParameter

0000d3c0     34f (0000d3c0)     _Inertia_PhrVolAlpha
0000d3da     34f (0000d3c0)     _SysVVVFCtrl

0000d400     350 (0000d400)     _SysBaseValue

0000d440     351 (0000d440)     _SpeedTestPI_CurVol

0000d480     352 (0000d480)     _SpeedControl

0000d4c0     353 (0000d4c0)     _SpeedTestPI

0000d500     354 (0000d500)     _CurrentControl_M

0000d540     355 (0000d540)     _CurrentControl_T

0000d580     356 (0000d580)     _PhrPI

0000d5c0     357 (0000d5c0)     _SysSamScaParameter

0000d600     358 (0000d600)     _SpeedTest

0000d680     35a (0000d680)     _SysSampOffset

0000d700     35c (0000d700)     _Vector_Control

0000d780     35e (0000d780)     _AnalogInput

0000d800     360 (0000d800)     _SpeedTest_CurVol

0000d880     362 (0000d880)     _VC_SLVC_PARAMETER

0000d940     365 (0000d940)     _PMSM

0000da40     369 (0000da40)     _sInComm

0000df80     37e (0000df80)     _HMIBuffer

0000e750     39d (0000e740)     _fnSpeedTest_Ki_temp1
0000e752     39d (0000e740)     _CNT_FR_VALUE
0000e754     39d (0000e740)     _fnSpeedTest_Ki
0000e756     39d (0000e740)     ___TI_enable_exit_profile_output
0000e758     39d (0000e740)     ___TI_cleanup_ptr
0000e75a     39d (0000e740)     ___TI_dtors_ptr
0000e75c     39d (0000e740)     _TRANS_FU
0000e75e     39d (0000e740)     _Sumcount
0000e760     39d (0000e740)     __lock
0000e762     39d (0000e740)     __unlock

0000e780     39e (0000e780)     _vDSP_GPWM_ENABLE
0000e782     39e (0000e780)     _vARM_GPWM_IN_SET
0000e784     39e (0000e780)     _vDSP_FIBER_CHOP
0000e786     39e (0000e780)     _vFPGA_GPWM_ENABLE
0000e788     39e (0000e780)     _vARM_GPWM_ENABLE
0000e78a     39e (0000e780)     _vDSP_GPWM_INT
0000e78c     39e (0000e780)     _vARM_GPWM_INT_SET
0000e78e     39e (0000e780)     _fDetatheta
0000e790     39e (0000e780)     _vDSP_INT_MULTIPLE
0000e792     39e (0000e780)     _SysChoppedWave
0000e796     39e (0000e780)     _vDSP_GPWM_COMP
0000e7a4     39e (0000e780)     _vDSP_GPWM_CARRIER

0032378c    c8de (00323780)     _PieVectTableInit

0033fff8    cfff (0033ffc0)     _CsmPwl

003febdc    ffaf (003febc0)     _FPUsinTable

003fecdc    ffb3 (003fecc0)     _FPUcosTable

003fefdc    ffbf (003fefc0)     _FPUsinTableEnd

003ff0de    ffc3 (003ff0c0)     _FPUatan2HalfPITable
003ff0de    ffc3 (003ff0c0)     _FPUcosTableEnd
003ff0e2    ffc3 (003ff0c0)     _FPUatan2Table

003ff268    ffc9 (003ff240)     _FPUatan2TableEnd


GLOBAL SYMBOLS: SORTED ALPHABETICALLY BY Name 

page  address   name                            
----  -------   ----                            
0     0031f82c  .text                           
0     00322d53  C$$EXIT                         
0     00322e33  FS$$DIV                         
0     00322d7c  I$$DIV                          
0     00322d8d  I$$MOD                          
0     003217b2  _ADCINT_ISR                     
0     00380080  _ADC_cal                        
1     0000d000  _ARMFaultReg                    
1     00000b00  _AdcMirror                      
1     00007100  _AdcRegs                        
1     0000d780  _AnalogInput                    
1     0000e752  _CNT_FR_VALUE                   
0     00322b04  _ChopWave                       
1     00000c00  _CpuTimer0Regs                  
1     00000c08  _CpuTimer1Regs                  
1     00000c10  _CpuTimer2Regs                  
1     0033fff8  _CsmPwl                         
1     00000ae0  _CsmRegs                        
0     00322635  _CsmUnlock                      
1     0000d058  _CurPhr_clarke                  
1     0000d040  _Cur_clarke                     
1     0000d08e  _Cur_park                       
1     0000d500  _CurrentControl_M               
1     0000d540  _CurrentControl_T               
1     0000d318  _CurrentFilter_D                
1     0000d358  _CurrentFilter_Q                
1     0000d02c  _DAOut                          
0     003216f4  _DATALOG_ISR                    
0     003229c7  _DATAPeriodARMtoDSP             
0     0032299f  _DATAPeriodDSPtoARM             
0     003218d4  _DINTCH2_ISR                    
0     003218de  _DINTCH3_ISR                    
0     003218e8  _DINTCH4_ISR                    
0     003218f2  _DINTCH5_ISR                    
0     003218fc  _DINTCH6_ISR                    
0     003227f7  _DISABLE_PWM                    
1     0000c000  _DMABuf1                        
0     00320fe8  _DMACH1AddrConfig               
0     00320ff8  _DMACH1BurstConfig              
0     0032102b  _DMACH1ModeConfig               
0     00321008  _DMACH1TransferConfig           
0     00321018  _DMACH1WrapConfig               
0     0032108d  _DMACH2AddrConfig               
0     0032109d  _DMACH2BurstConfig              
0     003210d0  _DMACH2ModeConfig               
0     003210ad  _DMACH2TransferConfig           
0     003210bd  _DMACH2WrapConfig               
0     00321132  _DMACH3AddrConfig               
0     00321142  _DMACH3BurstConfig              
0     00321175  _DMACH3ModeConfig               
0     00321152  _DMACH3TransferConfig           
0     00321162  _DMACH3WrapConfig               
0     003211d7  _DMACH4AddrConfig               
0     003211e7  _DMACH4BurstConfig              
0     0032121a  _DMACH4ModeConfig               
0     003211f7  _DMACH4TransferConfig           
0     00321207  _DMACH4WrapConfig               
0     0032127c  _DMACH5AddrConfig               
0     0032128c  _DMACH5BurstConfig              
0     003212bf  _DMACH5ModeConfig               
0     0032129c  _DMACH5TransferConfig           
0     003212ac  _DMACH5WrapConfig               
0     00321321  _DMACH6AddrConfig               
0     00321331  _DMACH6BurstConfig              
0     00321364  _DMACH6ModeConfig               
0     00321341  _DMACH6TransferConfig           
0     00321351  _DMACH6WrapConfig               
1     0000d010  _DMADest1                       
0     00320fdd  _DMAInitialize                  
1     0000d01e  _DMASource1                     
0     00009828  _DSP28x_usDelay                 
1     0000d003  _DSPFaultCodeReg                
1     00000880  _DevEmuRegs                     
0     003206b1  _DisplayWave                    
1     00001000  _DmaRegs                        
0     00321956  _ECAN0INTA_ISR                  
0     0032196a  _ECAN0INTB_ISR                  
0     00321960  _ECAN1INTA_ISR                  
0     00321974  _ECAN1INTB_ISR                  
0     00321848  _ECAP1_INT_ISR                  
0     00321852  _ECAP2_INT_ISR                  
0     0032185c  _ECAP3_INT_ISR                  
0     00321866  _ECAP4_INT_ISR                  
0     00321870  _ECAP5_INT_ISR                  
0     0032187a  _ECAP6_INT_ISR                  
1     00006a00  _ECap1Regs                      
1     00006a20  _ECap2Regs                      
1     00006a40  _ECap3Regs                      
1     00006a60  _ECap4Regs                      
1     00006a80  _ECap5Regs                      
1     00006aa0  _ECap6Regs                      
0     00321708  _EMUINT_ISR                     
0     0032281f  _ENABLE_PWM                     
0     0032180c  _EPWM1_INT_ISR                  
0     003217d0  _EPWM1_TZINT_ISR                
0     00321816  _EPWM2_INT_ISR                  
0     003217da  _EPWM2_TZINT_ISR                
0     00321820  _EPWM3_INT_ISR                  
0     003217e4  _EPWM3_TZINT_ISR                
0     0032182a  _EPWM4_INT_ISR                  
0     003217ee  _EPWM4_TZINT_ISR                
0     00321834  _EPWM5_INT_ISR                  
0     003217f8  _EPWM5_TZINT_ISR                
0     0032183e  _EPWM6_INT_ISR                  
0     00321802  _EPWM6_TZINT_ISR                
1     00006800  _EPwm1Regs                      
1     00006840  _EPwm2Regs                      
1     00006880  _EPwm3Regs                      
1     000068c0  _EPwm4Regs                      
1     00006900  _EPwm5Regs                      
1     00006940  _EPwm6Regs                      
0     00321884  _EQEP1_INT_ISR                  
0     0032188e  _EQEP2_INT_ISR                  
1     00006b00  _EQep1Regs                      
1     00006b40  _EQep2Regs                      
1     0000d258  _ErFilter1_Alpha                
1     0000d2d8  _ErFilter1_Beta                 
1     0000d216  _ErFilter2_Alpha                
1     0000d300  _ErFilter2_Beta                 
1     0000d240  _ErFilter3_Alpha                
1     0000d298  _ErFilter3_Beta                 
1     0000d340  _ExcitingCurrent                
0     003ff0de  _FPUatan2HalfPITable            
0     003ff0e2  _FPUatan2Table                  
0     003ff268  _FPUatan2TableEnd               
0     003fecdc  _FPUcosTable                    
0     003ff0de  _FPUcosTableEnd                 
0     003febdc  _FPUsinTable                    
0     003fefdc  _FPUsinTableEnd                 
0     003219d8  _FaultProcess_ISR               
0     00320779  _FaultWaveMemory                
1     00000a80  _FlashRegs                      
0     00320699  _GetFirstChar                   
0     003206a4  _GetFuncIDByte                  
0     0032069e  _GetLastChar                    
1     00006f80  _GpioCtrlRegs                   
1     00006fc0  _GpioDataRegs                   
1     00006fe0  _GpioIntRegs                    
1     0000df80  _HMIBuffer                      
0     00321906  _I2CINT1A_ISR                   
0     00321910  _I2CINT2A_ISR                   
0     0032171c  _ILLEGAL_ISR                    
0     003216e0  _INT13_ISR                      
0     003216ea  _INT14_ISR                      
1     0000d3c0  _Inertia_PhrVolAlpha            
1     0000d380  _Inertia_PhrVolBeta             
0     0032292d  _InitAdc                        
0     00320874  _InitCommun                     
0     00320b79  _InitWrFlash                    
0     00320b86  _InitWrFlashF32                 
1     0000d100  _Interg_CurVol                  
1     0000d1d6  _Interg_Deta                    
1     0000d180  _Interg_PhrVolAlpha             
1     0000d156  _Interg_PhrVolBeta              
1     0000d116  _Interg_Vector                  
1     0000d1c0  _Interg_phsAlpha                
1     0000d196  _Interg_phsBeta                 
0     00322af4  _InvModuWave                    
1     0000d200  _LPF_W                          
0     003219ba  _LUF_ISR                        
0     003219b0  _LVF_ISR                        
0     003218c0  _MRINTA_ISR                     
0     003218ac  _MRINTB_ISR                     
0     003218ca  _MXINTA_ISR                     
0     003218b6  _MXINTB_ISR                     
0     00322ea7  _MemCopy                        
0     00321712  _NMI_ISR                        
0     003219c4  _PIE_RESERVED                   
0     00008fdd  _PI_calc                        
1     0000d940  _PMSM                           
0     003222b7  _PMSM_Control_Init_Ready        
0     0032232b  _PMSM_Control_Init_Run          
0     00322393  _PMSM_IF_SLVC_Switch            
0     00008208  _PMSM_I_f_Control_Calc          
0     000083f7  _PMSM_Observer                  
0     00008000  _PMSM_SLVC_Control_Calc         
1     0000d280  _PhrCurFilter_Alpha             
1     0000d2c0  _PhrCurFilter_Beta              
1     0000d580  _PhrPI                          
1     00000ce0  _PieCtrlRegs                    
1     00000d00  _PieVectTable                   
0     0032378c  _PieVectTableInit               
0     003216fe  _RTOSINT_ISR                    
0     0031f82c  _RamfuncsLoadEnd                
0     0031e000  _RamfuncsLoadStart              
0     00008000  _RamfuncsRunStart               
1     0000d0e6  _Ratelimit                      
1     0000d01c  _RdDSPtoARM                     
0     003208a6  _ReadFromFPGA                   
0     003206a9  _RetFuncID                      
0     0032192e  _SCIRXINTA_ISR                  
0     00321942  _SCIRXINTB_ISR                  
0     0032191a  _SCIRXINTC_ISR                  
0     00321938  _SCITXINTA_ISR                  
0     0032194c  _SCITXINTB_ISR                  
0     00321924  _SCITXINTC_ISR                  
0     0032179e  _SEQ1INT_ISR                    
0     003217a8  _SEQ2INT_ISR                    
0     00321898  _SPIRXINTA_ISR                  
0     003218a2  _SPITXINTA_ISR                  
0     00320ba6  _SVPWM_calc                     
1     0000d00c  _ScopeDATAUpLoad                
1     0000d0d2  _Slipspeed                      
1     0000d080  _Spd_LPF                        
1     0000d480  _SpeedControl                   
1     0000d140  _SpeedKpKi                      
1     0000d600  _SpeedTest                      
1     0000d4c0  _SpeedTestPI                    
1     0000d440  _SpeedTestPI_CurVol             
1     0000d800  _SpeedTest_CurVol               
1     0000d005  _SquareCount                    
0     00321085  _StartDMACH1                    
0     0032112a  _StartDMACH2                    
0     003211cf  _StartDMACH3                    
0     00321274  _StartDMACH4                    
0     00321319  _StartDMACH5                    
0     003213be  _StartDMACH6                    
1     0000e75e  _Sumcount                       
1     0000d400  _SysBaseValue                   
1     0000e792  _SysChoppedWave                 
1     0000d032  _SysConTest                     
1     0000d001  _SysCtlParameter                
1     0000d002  _SysCtlReg                      
0     00321c95  _SysCtl_ISR                     
1     00007010  _SysCtrlRegs                    
0     003229d4  _SysCurProtect                  
1     0000d020  _SysEnviConfg                   
1     0000d008  _SysErrIndexReg                 
1     0000d024  _SysMoore                       
1     0000d028  _SysProParamReg                 
1     0000d39a  _SysRatedParameter              
1     0000d0c0  _SysSamDSPtoARM                 
1     0000d5c0  _SysSamScaParameter             
1     0000d680  _SysSampOffset                  
1     0000d3da  _SysVVVFCtrl                    
1     0000d0ae  _SysVoltBase                    
0     003217bc  _TINT0_ISR                      
1     0000e75c  _TRANS_FU                       
0     00321780  _USER10_ISR                     
0     0032178a  _USER11_ISR                     
0     00321794  _USER12_ISR                     
0     00321726  _USER1_ISR                      
0     00321730  _USER2_ISR                      
0     0032173a  _USER3_ISR                      
0     00321744  _USER4_ISR                      
0     0032174e  _USER5_ISR                      
0     00321758  _USER6_ISR                      
0     00321762  _USER7_ISR                      
0     0032176c  _USER8_ISR                      
0     00321776  _USER9_ISR                      
1     0000d880  _VC_SLVC_PARAMETER              
1     0000d700  _Vector_Control                 
1     0000d070  _VolPhr_clarke                  
1     0000d04c  _Vol_clarke                     
1     0000d064  _Vol_iclarke                    
1     0000d09e  _Vol_ipark                      
0     003217c6  _WAKEINT_ISR                    
0     00320a1a  _WriteToFPGA                    
0     0032197e  _XINT3_ISR                      
0     00321988  _XINT4_ISR                      
0     00321992  _XINT5_ISR                      
0     0032199c  _XINT6_ISR                      
0     003219a6  _XINT7_ISR                      
1     00007070  _XIntruptRegs                   
1     00000b20  _XintfRegs                      
1     00000700  __STACK_END                     
abs   00000300  __STACK_SIZE                    
1     0000e758  ___TI_cleanup_ptr               
1     0000e75a  ___TI_dtors_ptr                 
1     0000e756  ___TI_enable_exit_profile_output
abs   ffffffff  ___TI_pprof_out_hndl            
abs   ffffffff  ___TI_prof_data_size            
abs   ffffffff  ___TI_prof_data_start           
abs   ffffffff  ___binit__                      
abs   ffffffff  ___c_args__                     
0     00322ef6  ___cinit__                      
0     00322ef6  ___etext__                      
abs   ffffffff  ___pinit__                      
0     0031f82c  ___text__                       
0     00322e4c  __args_main                     
1     0000e760  __lock                          
0     00322ee2  __nop                           
0     00322ede  __register_lock                 
0     00322eda  __register_unlock               
1     00000400  __stack                         
0     00322ef5  __system_post_cinit             
0     00322ef3  __system_pre_init               
1     0000e762  __unlock                        
0     00322d53  _abort                          
0     00322b8f  _atan                           
0     00322aa5  _atan2                          
0     003229fb  _c_int00                        
0     00008f7a  _clarke_calc                    
0     00322c21  _copy_in                        
0     00322ceb  _cos                            
0     00322e19  _ddcopy                         
0     00322e19  _dpcopy                         
0     00321edf  _epwm1_isr                      
0     00321ef4  _epwm2_isr                      
0     00321f09  _epwm3_isr                      
0     00321f1e  _epwm4_isr                      
0     00322d55  _exit                           
1     0000e78e  _fDetatheta                     
1     0000d012  _fTimeCount                     
0     000090c8  _fnAISample                     
0     000095c2  _fnCalFilter1order              
0     0000964c  _fnCalInertia1order             
0     00322ee3  _fnDisDog                       
0     00322b61  _fnEnableInterrupts             
0     000091fe  _fnExcur_calc                   
0     00322e65  _fnExcur_reset                  
0     00009567  _fnIniFilter1order              
0     000095f5  _fnIniInertia1order             
0     00322939  _fnInitAdc                      
0     00322666  _fnInitClock                    
0     0000980d  _fnInitFlash                    
0     00322a51  _fnInitGpio                     
0     00322560  _fnInitInterg_Encode            
0     003225da  _fnInitPeripheralClocks         
0     00322b42  _fnInitPieCtrl                  
0     00322dbf  _fnInitPieVectTable             
0     0032258c  _fnInitPll                      
0     00009776  _fnInitVCinput_inter            
0     003224a7  _fnInitVCinput_off              
0     00322791  _fnInitXintf                    
0     00322737  _fnInitXintf16Gpio              
0     00009680  _fnInterg_Calc                  
0     0000941d  _fnLpf_Pll_Calc                 
0     0000945c  _fnLpf_Pll_Calc2                
0     00009498  _fnLpf_Pll_Calc3                
0     00322caa  _fnLpf_Pll_Init                 
0     00322cc1  _fnLpf_Pll_Init2                
0     00322cdd  _fnLpf_Pll_Init3                
0     00321f33  _fnParaUpdateSysSamScaParameter 
0     000094c4  _fnPiCalc                       
0     00322bef  _fnPiInit                       
0     00322bd9  _fnPiReset                      
0     00009708  _fnRatelimit_Calc               
0     00322eba  _fnResFilter1order              
0     00322e93  _fnResInertia1order             
0     000097d1  _fnSlipset_Calc                 
0     00322e7c  _fnSlipset_Inti                 
0     0032001c  _fnSpdest_calc                  
0     00320413  _fnSpdest_init                  
1     0000e754  _fnSpeedTest_Ki                 
1     0000e750  _fnSpeedTest_Ki_temp1           
0     0000932f  _fnSppiCalc                     
0     00322ecd  _fnSppiReset                    
0     00321f9e  _fnSysBaseValueCal              
0     0031f82c  _fnSysFaultReset                
0     0031ffff  _fnSysHMICommInit               
0     0031f836  _fnSysMooreCal                  
0     00322082  _fnSysOffsetInit                
0     003220a4  _fnSysOffsetParameterCal        
0     0031ff57  _fnSysParamterRef               
0     00322ddf  _fnSysPeripheralInit            
0     0031ffb0  _fnSysRatedParameter            
0     003223f6  _fnSysVoltBaseCalc              
0     003223b2  _fnSysVoltBaseInit              
0     003223d4  _fnSysVoltBaseReset             
0     0031fe3f  _fnSystemInitParam              
0     0031ff10  _fnSystemRUNParam               
0     0031fe7d  _fnSystemReadyParam             
0     0031fe70  _fnSystemResetParam             
0     00321b81  _fnUnitTestingInterface         
0     003219e5  _fnVVVFCtrlInterface            
0     00321c76  _fnVVVFVarInit                  
0     00321c72  _fnVVVFVarReset                 
0     0031ff99  _fnVarCopyToRam                 
0     00322154  _fnVarScopeAssign               
0     00008f0a  _fnVectorCtrlInterface          
0     0000858d  _fnVector_calc                  
0     003228ae  _fnVector_init                  
0     000089d6  _fnVector_st_Calc               
0     0032266d  _fnVector_st_Init               
0     0032160b  _fninterservice_vc              
0     00008faa  _iclarke_calc                   
0     00008f42  _ipark_calc                     
1     0000d00a  _iq_load                        
0     00322dfd  _isqrt                          
0     00321ece  _local_DINTCH1_ISR              
0     00009082  _lpf_calc                       
0     000090a5  _lpfi_calc                      
0     00322847  _main                           
1     0000d01a  _pARMParamRdFlag                
1     0000d016  _pOffsetRam                     
1     0000d018  _pWaveParamStart                
0     00008f0d  _park_calc                      
0     00322e19  _pdcopy                         
0     00008d09  _pfnVccontrolcalc               
0     003215ff  _pfnVccontrolclear              
0     003213c6  _pfnVccontrolinit               
0     00322e19  _ppcopy                         
0     003219ce  _rsvd_ISR                       
1     0000da40  _sInComm                        
0     00322d1f  _sin                            
0     00322c67  _sincos                         
0     00322d9e  _sqrt                           
1     0000d00e  _uDMA_Addr                      
1     0000d007  _uDirCount                      
1     0000d004  _uDirCountMax                   
1     0000d006  _uInterCount                    
1     0000d014  _uSoftStartCount                
1     0000e788  _vARM_GPWM_ENABLE               
1     0000e78c  _vARM_GPWM_INT_SET              
1     0000e782  _vARM_GPWM_IN_SET               
1     0000e784  _vDSP_FIBER_CHOP                
1     0000e7a4  _vDSP_GPWM_CARRIER              
1     0000e796  _vDSP_GPWM_COMP                 
1     0000e780  _vDSP_GPWM_ENABLE               
1     0000e78a  _vDSP_GPWM_INT                  
1     0000e790  _vDSP_INT_MULTIPLE              
1     0000e786  _vFPGA_GPWM_ENABLE              
abs   ffffffff  binit                           
0     00322ef6  cinit                           
0     0033fff6  code_start                      
0     00322ef6  etext                           
abs   ffffffff  pinit                           


GLOBAL SYMBOLS: SORTED BY Symbol Address 

page  address   name                            
----  -------   ----                            
0     00008000  _PMSM_SLVC_Control_Calc         
0     00008000  _RamfuncsRunStart               
0     00008208  _PMSM_I_f_Control_Calc          
0     000083f7  _PMSM_Observer                  
0     0000858d  _fnVector_calc                  
0     000089d6  _fnVector_st_Calc               
0     00008d09  _pfnVccontrolcalc               
0     00008f0a  _fnVectorCtrlInterface          
0     00008f0d  _park_calc                      
0     00008f42  _ipark_calc                     
0     00008f7a  _clarke_calc                    
0     00008faa  _iclarke_calc                   
0     00008fdd  _PI_calc                        
0     00009082  _lpf_calc                       
0     000090a5  _lpfi_calc                      
0     000090c8  _fnAISample                     
0     000091fe  _fnExcur_calc                   
0     0000932f  _fnSppiCalc                     
0     0000941d  _fnLpf_Pll_Calc                 
0     0000945c  _fnLpf_Pll_Calc2                
0     00009498  _fnLpf_Pll_Calc3                
0     000094c4  _fnPiCalc                       
0     00009567  _fnIniFilter1order              
0     000095c2  _fnCalFilter1order              
0     000095f5  _fnIniInertia1order             
0     0000964c  _fnCalInertia1order             
0     00009680  _fnInterg_Calc                  
0     00009708  _fnRatelimit_Calc               
0     00009776  _fnInitVCinput_inter            
0     000097d1  _fnSlipset_Calc                 
0     0000980d  _fnInitFlash                    
0     00009828  _DSP28x_usDelay                 
0     0031e000  _RamfuncsLoadStart              
0     0031f82c  .text                           
0     0031f82c  _RamfuncsLoadEnd                
0     0031f82c  ___text__                       
0     0031f82c  _fnSysFaultReset                
0     0031f836  _fnSysMooreCal                  
0     0031fe3f  _fnSystemInitParam              
0     0031fe70  _fnSystemResetParam             
0     0031fe7d  _fnSystemReadyParam             
0     0031ff10  _fnSystemRUNParam               
0     0031ff57  _fnSysParamterRef               
0     0031ff99  _fnVarCopyToRam                 
0     0031ffb0  _fnSysRatedParameter            
0     0031ffff  _fnSysHMICommInit               
0     0032001c  _fnSpdest_calc                  
0     00320413  _fnSpdest_init                  
0     00320699  _GetFirstChar                   
0     0032069e  _GetLastChar                    
0     003206a4  _GetFuncIDByte                  
0     003206a9  _RetFuncID                      
0     003206b1  _DisplayWave                    
0     00320779  _FaultWaveMemory                
0     00320874  _InitCommun                     
0     003208a6  _ReadFromFPGA                   
0     00320a1a  _WriteToFPGA                    
0     00320b79  _InitWrFlash                    
0     00320b86  _InitWrFlashF32                 
0     00320ba6  _SVPWM_calc                     
0     00320fdd  _DMAInitialize                  
0     00320fe8  _DMACH1AddrConfig               
0     00320ff8  _DMACH1BurstConfig              
0     00321008  _DMACH1TransferConfig           
0     00321018  _DMACH1WrapConfig               
0     0032102b  _DMACH1ModeConfig               
0     00321085  _StartDMACH1                    
0     0032108d  _DMACH2AddrConfig               
0     0032109d  _DMACH2BurstConfig              
0     003210ad  _DMACH2TransferConfig           
0     003210bd  _DMACH2WrapConfig               
0     003210d0  _DMACH2ModeConfig               
0     0032112a  _StartDMACH2                    
0     00321132  _DMACH3AddrConfig               
0     00321142  _DMACH3BurstConfig              
0     00321152  _DMACH3TransferConfig           
0     00321162  _DMACH3WrapConfig               
0     00321175  _DMACH3ModeConfig               
0     003211cf  _StartDMACH3                    
0     003211d7  _DMACH4AddrConfig               
0     003211e7  _DMACH4BurstConfig              
0     003211f7  _DMACH4TransferConfig           
0     00321207  _DMACH4WrapConfig               
0     0032121a  _DMACH4ModeConfig               
0     00321274  _StartDMACH4                    
0     0032127c  _DMACH5AddrConfig               
0     0032128c  _DMACH5BurstConfig              
0     0032129c  _DMACH5TransferConfig           
0     003212ac  _DMACH5WrapConfig               
0     003212bf  _DMACH5ModeConfig               
0     00321319  _StartDMACH5                    
0     00321321  _DMACH6AddrConfig               
0     00321331  _DMACH6BurstConfig              
0     00321341  _DMACH6TransferConfig           
0     00321351  _DMACH6WrapConfig               
0     00321364  _DMACH6ModeConfig               
0     003213be  _StartDMACH6                    
0     003213c6  _pfnVccontrolinit               
0     003215ff  _pfnVccontrolclear              
0     0032160b  _fninterservice_vc              
0     003216e0  _INT13_ISR                      
0     003216ea  _INT14_ISR                      
0     003216f4  _DATALOG_ISR                    
0     003216fe  _RTOSINT_ISR                    
0     00321708  _EMUINT_ISR                     
0     00321712  _NMI_ISR                        
0     0032171c  _ILLEGAL_ISR                    
0     00321726  _USER1_ISR                      
0     00321730  _USER2_ISR                      
0     0032173a  _USER3_ISR                      
0     00321744  _USER4_ISR                      
0     0032174e  _USER5_ISR                      
0     00321758  _USER6_ISR                      
0     00321762  _USER7_ISR                      
0     0032176c  _USER8_ISR                      
0     00321776  _USER9_ISR                      
0     00321780  _USER10_ISR                     
0     0032178a  _USER11_ISR                     
0     00321794  _USER12_ISR                     
0     0032179e  _SEQ1INT_ISR                    
0     003217a8  _SEQ2INT_ISR                    
0     003217b2  _ADCINT_ISR                     
0     003217bc  _TINT0_ISR                      
0     003217c6  _WAKEINT_ISR                    
0     003217d0  _EPWM1_TZINT_ISR                
0     003217da  _EPWM2_TZINT_ISR                
0     003217e4  _EPWM3_TZINT_ISR                
0     003217ee  _EPWM4_TZINT_ISR                
0     003217f8  _EPWM5_TZINT_ISR                
0     00321802  _EPWM6_TZINT_ISR                
0     0032180c  _EPWM1_INT_ISR                  
0     00321816  _EPWM2_INT_ISR                  
0     00321820  _EPWM3_INT_ISR                  
0     0032182a  _EPWM4_INT_ISR                  
0     00321834  _EPWM5_INT_ISR                  
0     0032183e  _EPWM6_INT_ISR                  
0     00321848  _ECAP1_INT_ISR                  
0     00321852  _ECAP2_INT_ISR                  
0     0032185c  _ECAP3_INT_ISR                  
0     00321866  _ECAP4_INT_ISR                  
0     00321870  _ECAP5_INT_ISR                  
0     0032187a  _ECAP6_INT_ISR                  
0     00321884  _EQEP1_INT_ISR                  
0     0032188e  _EQEP2_INT_ISR                  
0     00321898  _SPIRXINTA_ISR                  
0     003218a2  _SPITXINTA_ISR                  
0     003218ac  _MRINTB_ISR                     
0     003218b6  _MXINTB_ISR                     
0     003218c0  _MRINTA_ISR                     
0     003218ca  _MXINTA_ISR                     
0     003218d4  _DINTCH2_ISR                    
0     003218de  _DINTCH3_ISR                    
0     003218e8  _DINTCH4_ISR                    
0     003218f2  _DINTCH5_ISR                    
0     003218fc  _DINTCH6_ISR                    
0     00321906  _I2CINT1A_ISR                   
0     00321910  _I2CINT2A_ISR                   
0     0032191a  _SCIRXINTC_ISR                  
0     00321924  _SCITXINTC_ISR                  
0     0032192e  _SCIRXINTA_ISR                  
0     00321938  _SCITXINTA_ISR                  
0     00321942  _SCIRXINTB_ISR                  
0     0032194c  _SCITXINTB_ISR                  
0     00321956  _ECAN0INTA_ISR                  
0     00321960  _ECAN1INTA_ISR                  
0     0032196a  _ECAN0INTB_ISR                  
0     00321974  _ECAN1INTB_ISR                  
0     0032197e  _XINT3_ISR                      
0     00321988  _XINT4_ISR                      
0     00321992  _XINT5_ISR                      
0     0032199c  _XINT6_ISR                      
0     003219a6  _XINT7_ISR                      
0     003219b0  _LVF_ISR                        
0     003219ba  _LUF_ISR                        
0     003219c4  _PIE_RESERVED                   
0     003219ce  _rsvd_ISR                       
0     003219d8  _FaultProcess_ISR               
0     003219e5  _fnVVVFCtrlInterface            
0     00321b81  _fnUnitTestingInterface         
0     00321c72  _fnVVVFVarReset                 
0     00321c76  _fnVVVFVarInit                  
0     00321c95  _SysCtl_ISR                     
0     00321ece  _local_DINTCH1_ISR              
0     00321edf  _epwm1_isr                      
0     00321ef4  _epwm2_isr                      
0     00321f09  _epwm3_isr                      
0     00321f1e  _epwm4_isr                      
0     00321f33  _fnParaUpdateSysSamScaParameter 
0     00321f9e  _fnSysBaseValueCal              
0     00322082  _fnSysOffsetInit                
0     003220a4  _fnSysOffsetParameterCal        
0     00322154  _fnVarScopeAssign               
0     003222b7  _PMSM_Control_Init_Ready        
0     0032232b  _PMSM_Control_Init_Run          
0     00322393  _PMSM_IF_SLVC_Switch            
0     003223b2  _fnSysVoltBaseInit              
0     003223d4  _fnSysVoltBaseReset             
0     003223f6  _fnSysVoltBaseCalc              
0     003224a7  _fnInitVCinput_off              
0     00322560  _fnInitInterg_Encode            
0     0032258c  _fnInitPll                      
0     003225da  _fnInitPeripheralClocks         
0     00322635  _CsmUnlock                      
0     00322666  _fnInitClock                    
0     0032266d  _fnVector_st_Init               
0     00322737  _fnInitXintf16Gpio              
0     00322791  _fnInitXintf                    
0     003227f7  _DISABLE_PWM                    
0     0032281f  _ENABLE_PWM                     
0     00322847  _main                           
0     003228ae  _fnVector_init                  
0     0032292d  _InitAdc                        
0     00322939  _fnInitAdc                      
0     0032299f  _DATAPeriodDSPtoARM             
0     003229c7  _DATAPeriodARMtoDSP             
0     003229d4  _SysCurProtect                  
0     003229fb  _c_int00                        
0     00322a51  _fnInitGpio                     
0     00322aa5  _atan2                          
0     00322af4  _InvModuWave                    
0     00322b04  _ChopWave                       
0     00322b42  _fnInitPieCtrl                  
0     00322b61  _fnEnableInterrupts             
0     00322b8f  _atan                           
0     00322bd9  _fnPiReset                      
0     00322bef  _fnPiInit                       
0     00322c21  _copy_in                        
0     00322c67  _sincos                         
0     00322caa  _fnLpf_Pll_Init                 
0     00322cc1  _fnLpf_Pll_Init2                
0     00322cdd  _fnLpf_Pll_Init3                
0     00322ceb  _cos                            
0     00322d1f  _sin                            
0     00322d53  C$$EXIT                         
0     00322d53  _abort                          
0     00322d55  _exit                           
0     00322d7c  I$$DIV                          
0     00322d8d  I$$MOD                          
0     00322d9e  _sqrt                           
0     00322dbf  _fnInitPieVectTable             
0     00322ddf  _fnSysPeripheralInit            
0     00322dfd  _isqrt                          
0     00322e19  _ddcopy                         
0     00322e19  _dpcopy                         
0     00322e19  _pdcopy                         
0     00322e19  _ppcopy                         
0     00322e33  FS$$DIV                         
0     00322e4c  __args_main                     
0     00322e65  _fnExcur_reset                  
0     00322e7c  _fnSlipset_Inti                 
0     00322e93  _fnResInertia1order             
0     00322ea7  _MemCopy                        
0     00322eba  _fnResFilter1order              
0     00322ecd  _fnSppiReset                    
0     00322eda  __register_unlock               
0     00322ede  __register_lock                 
0     00322ee2  __nop                           
0     00322ee3  _fnDisDog                       
0     00322ef3  __system_pre_init               
0     00322ef5  __system_post_cinit             
0     00322ef6  ___cinit__                      
0     00322ef6  ___etext__                      
0     00322ef6  cinit                           
0     00322ef6  etext                           
0     0032378c  _PieVectTableInit               
0     0033fff6  code_start                      
0     00380080  _ADC_cal                        
0     003febdc  _FPUsinTable                    
0     003fecdc  _FPUcosTable                    
0     003fefdc  _FPUsinTableEnd                 
0     003ff0de  _FPUatan2HalfPITable            
0     003ff0de  _FPUcosTableEnd                 
0     003ff0e2  _FPUatan2Table                  
0     003ff268  _FPUatan2TableEnd               
1     00000400  __stack                         
1     00000700  __STACK_END                     
1     00000880  _DevEmuRegs                     
1     00000a80  _FlashRegs                      
1     00000ae0  _CsmRegs                        
1     00000b00  _AdcMirror                      
1     00000b20  _XintfRegs                      
1     00000c00  _CpuTimer0Regs                  
1     00000c08  _CpuTimer1Regs                  
1     00000c10  _CpuTimer2Regs                  
1     00000ce0  _PieCtrlRegs                    
1     00000d00  _PieVectTable                   
1     00001000  _DmaRegs                        
1     00006800  _EPwm1Regs                      
1     00006840  _EPwm2Regs                      
1     00006880  _EPwm3Regs                      
1     000068c0  _EPwm4Regs                      
1     00006900  _EPwm5Regs                      
1     00006940  _EPwm6Regs                      
1     00006a00  _ECap1Regs                      
1     00006a20  _ECap2Regs                      
1     00006a40  _ECap3Regs                      
1     00006a60  _ECap4Regs                      
1     00006a80  _ECap5Regs                      
1     00006aa0  _ECap6Regs                      
1     00006b00  _EQep1Regs                      
1     00006b40  _EQep2Regs                      
1     00006f80  _GpioCtrlRegs                   
1     00006fc0  _GpioDataRegs                   
1     00006fe0  _GpioIntRegs                    
1     00007010  _SysCtrlRegs                    
1     00007070  _XIntruptRegs                   
1     00007100  _AdcRegs                        
1     0000c000  _DMABuf1                        
1     0000d000  _ARMFaultReg                    
1     0000d001  _SysCtlParameter                
1     0000d002  _SysCtlReg                      
1     0000d003  _DSPFaultCodeReg                
1     0000d004  _uDirCountMax                   
1     0000d005  _SquareCount                    
1     0000d006  _uInterCount                    
1     0000d007  _uDirCount                      
1     0000d008  _SysErrIndexReg                 
1     0000d00a  _iq_load                        
1     0000d00c  _ScopeDATAUpLoad                
1     0000d00e  _uDMA_Addr                      
1     0000d010  _DMADest1                       
1     0000d012  _fTimeCount                     
1     0000d014  _uSoftStartCount                
1     0000d016  _pOffsetRam                     
1     0000d018  _pWaveParamStart                
1     0000d01a  _pARMParamRdFlag                
1     0000d01c  _RdDSPtoARM                     
1     0000d01e  _DMASource1                     
1     0000d020  _SysEnviConfg                   
1     0000d024  _SysMoore                       
1     0000d028  _SysProParamReg                 
1     0000d02c  _DAOut                          
1     0000d032  _SysConTest                     
1     0000d040  _Cur_clarke                     
1     0000d04c  _Vol_clarke                     
1     0000d058  _CurPhr_clarke                  
1     0000d064  _Vol_iclarke                    
1     0000d070  _VolPhr_clarke                  
1     0000d080  _Spd_LPF                        
1     0000d08e  _Cur_park                       
1     0000d09e  _Vol_ipark                      
1     0000d0ae  _SysVoltBase                    
1     0000d0c0  _SysSamDSPtoARM                 
1     0000d0d2  _Slipspeed                      
1     0000d0e6  _Ratelimit                      
1     0000d100  _Interg_CurVol                  
1     0000d116  _Interg_Vector                  
1     0000d140  _SpeedKpKi                      
1     0000d156  _Interg_PhrVolBeta              
1     0000d180  _Interg_PhrVolAlpha             
1     0000d196  _Interg_phsBeta                 
1     0000d1c0  _Interg_phsAlpha                
1     0000d1d6  _Interg_Deta                    
1     0000d200  _LPF_W                          
1     0000d216  _ErFilter2_Alpha                
1     0000d240  _ErFilter3_Alpha                
1     0000d258  _ErFilter1_Alpha                
1     0000d280  _PhrCurFilter_Alpha             
1     0000d298  _ErFilter3_Beta                 
1     0000d2c0  _PhrCurFilter_Beta              
1     0000d2d8  _ErFilter1_Beta                 
1     0000d300  _ErFilter2_Beta                 
1     0000d318  _CurrentFilter_D                
1     0000d340  _ExcitingCurrent                
1     0000d358  _CurrentFilter_Q                
1     0000d380  _Inertia_PhrVolBeta             
1     0000d39a  _SysRatedParameter              
1     0000d3c0  _Inertia_PhrVolAlpha            
1     0000d3da  _SysVVVFCtrl                    
1     0000d400  _SysBaseValue                   
1     0000d440  _SpeedTestPI_CurVol             
1     0000d480  _SpeedControl                   
1     0000d4c0  _SpeedTestPI                    
1     0000d500  _CurrentControl_M               
1     0000d540  _CurrentControl_T               
1     0000d580  _PhrPI                          
1     0000d5c0  _SysSamScaParameter             
1     0000d600  _SpeedTest                      
1     0000d680  _SysSampOffset                  
1     0000d700  _Vector_Control                 
1     0000d780  _AnalogInput                    
1     0000d800  _SpeedTest_CurVol               
1     0000d880  _VC_SLVC_PARAMETER              
1     0000d940  _PMSM                           
1     0000da40  _sInComm                        
1     0000df80  _HMIBuffer                      
1     0000e750  _fnSpeedTest_Ki_temp1           
1     0000e752  _CNT_FR_VALUE                   
1     0000e754  _fnSpeedTest_Ki                 
1     0000e756  ___TI_enable_exit_profile_output
1     0000e758  ___TI_cleanup_ptr               
1     0000e75a  ___TI_dtors_ptr                 
1     0000e75c  _TRANS_FU                       
1     0000e75e  _Sumcount                       
1     0000e760  __lock                          
1     0000e762  __unlock                        
1     0000e780  _vDSP_GPWM_ENABLE               
1     0000e782  _vARM_GPWM_IN_SET               
1     0000e784  _vDSP_FIBER_CHOP                
1     0000e786  _vFPGA_GPWM_ENABLE              
1     0000e788  _vARM_GPWM_ENABLE               
1     0000e78a  _vDSP_GPWM_INT                  
1     0000e78c  _vARM_GPWM_INT_SET              
1     0000e78e  _fDetatheta                     
1     0000e790  _vDSP_INT_MULTIPLE              
1     0000e792  _SysChoppedWave                 
1     0000e796  _vDSP_GPWM_COMP                 
1     0000e7a4  _vDSP_GPWM_CARRIER              
1     0033fff8  _CsmPwl                         
abs   00000300  __STACK_SIZE                    
abs   ffffffff  ___TI_pprof_out_hndl            
abs   ffffffff  ___TI_prof_data_size            
abs   ffffffff  ___TI_prof_data_start           
abs   ffffffff  ___binit__                      
abs   ffffffff  ___c_args__                     
abs   ffffffff  ___pinit__                      
abs   ffffffff  binit                           
abs   ffffffff  pinit                           

[418 symbols]
