<?xml version="1.0"?>
<link_info>
   <banner>TMS320C2000 Linker PC v15.12.1.LTS</banner>
   <copyright>Copyright (c) 1996-2015 Texas Instruments Incorporated</copyright>
   <link_time>0x58f74e87</link_time>
   <link_errors>0x0</link_errors>
   <output_file>new_projection.out</output_file>
   <entry_point>
      <name>_c_int00</name>
      <address>0x32161a</address>
   </entry_point>
   <input_file_list>
      <input_file id="fl-2">
         <path>.\source\</path>
         <kind>object</kind>
         <file>COMMInterface.obj</file>
         <name>COMMInterface.obj</name>
      </input_file>
      <input_file id="fl-3">
         <path>.\source\</path>
         <kind>object</kind>
         <file>DMC_Filter1Order.obj</file>
         <name>DMC_Filter1Order.obj</name>
      </input_file>
      <input_file id="fl-4">
         <path>.\source\</path>
         <kind>object</kind>
         <file>DSP2833x_ADC_cal.obj</file>
         <name>DSP2833x_ADC_cal.obj</name>
      </input_file>
      <input_file id="fl-5">
         <path>.\source\</path>
         <kind>object</kind>
         <file>DSP2833x_Adc.obj</file>
         <name>DSP2833x_Adc.obj</name>
      </input_file>
      <input_file id="fl-6">
         <path>.\source\</path>
         <kind>object</kind>
         <file>DSP2833x_Clock.obj</file>
         <name>DSP2833x_Clock.obj</name>
      </input_file>
      <input_file id="fl-7">
         <path>.\source\</path>
         <kind>object</kind>
         <file>DSP2833x_DefaultIsr.obj</file>
         <name>DSP2833x_DefaultIsr.obj</name>
      </input_file>
      <input_file id="fl-8">
         <path>.\source\</path>
         <kind>object</kind>
         <file>DSP2833x_EQep.obj</file>
         <name>DSP2833x_EQep.obj</name>
      </input_file>
      <input_file id="fl-9">
         <path>.\source\</path>
         <kind>object</kind>
         <file>DSP2833x_Flash.obj</file>
         <name>DSP2833x_Flash.obj</name>
      </input_file>
      <input_file id="fl-a">
         <path>.\source\</path>
         <kind>object</kind>
         <file>DSP2833x_GlobalVariableDefs.obj</file>
         <name>DSP2833x_GlobalVariableDefs.obj</name>
      </input_file>
      <input_file id="fl-b">
         <path>.\source\</path>
         <kind>object</kind>
         <file>DSP2833x_Gpio.obj</file>
         <name>DSP2833x_Gpio.obj</name>
      </input_file>
      <input_file id="fl-c">
         <path>.\source\</path>
         <kind>object</kind>
         <file>DSP2833x_MemCopy.obj</file>
         <name>DSP2833x_MemCopy.obj</name>
      </input_file>
      <input_file id="fl-d">
         <path>.\source\</path>
         <kind>object</kind>
         <file>DSP2833x_PieCtrl.obj</file>
         <name>DSP2833x_PieCtrl.obj</name>
      </input_file>
      <input_file id="fl-e">
         <path>.\source\</path>
         <kind>object</kind>
         <file>DSP2833x_PieVect.obj</file>
         <name>DSP2833x_PieVect.obj</name>
      </input_file>
      <input_file id="fl-f">
         <path>.\source\</path>
         <kind>object</kind>
         <file>DSP2833x_Spi.obj</file>
         <name>DSP2833x_Spi.obj</name>
      </input_file>
      <input_file id="fl-10">
         <path>.\source\</path>
         <kind>object</kind>
         <file>DSP2833x_SysPerInit.obj</file>
         <name>DSP2833x_SysPerInit.obj</name>
      </input_file>
      <input_file id="fl-11">
         <path>.\source\</path>
         <kind>object</kind>
         <file>DSP2833x_WatchDog.obj</file>
         <name>DSP2833x_WatchDog.obj</name>
      </input_file>
      <input_file id="fl-12">
         <path>.\source\</path>
         <kind>object</kind>
         <file>DSP2833x_Xintf.obj</file>
         <name>DSP2833x_Xintf.obj</name>
      </input_file>
      <input_file id="fl-13">
         <path>.\source\</path>
         <kind>object</kind>
         <file>DSP2833x_usDelay.obj</file>
         <name>DSP2833x_usDelay.obj</name>
      </input_file>
      <input_file id="fl-14">
         <path>.\source\</path>
         <kind>object</kind>
         <file>DSP28xxx_CodeStartBranch_flash.obj</file>
         <name>DSP28xxx_CodeStartBranch_flash.obj</name>
      </input_file>
      <input_file id="fl-15">
         <path>..\source\</path>
         <kind>object</kind>
         <file>MRAS.obj</file>
         <name>MRAS.obj</name>
      </input_file>
      <input_file id="fl-16">
         <path>.\source\</path>
         <kind>object</kind>
         <file>MathBasic.obj</file>
         <name>MathBasic.obj</name>
      </input_file>
      <input_file id="fl-17">
         <path>.\source\</path>
         <kind>object</kind>
         <file>SysCtl_AnalogProcess.obj</file>
         <name>SysCtl_AnalogProcess.obj</name>
      </input_file>
      <input_file id="fl-18">
         <path>.\source\</path>
         <kind>object</kind>
         <file>SysCtl_CommonStructures.obj</file>
         <name>SysCtl_CommonStructures.obj</name>
      </input_file>
      <input_file id="fl-19">
         <path>.\source\</path>
         <kind>object</kind>
         <file>SysCtl_FreRefCal.obj</file>
         <name>SysCtl_FreRefCal.obj</name>
      </input_file>
      <input_file id="fl-1a">
         <path>.\source\</path>
         <kind>object</kind>
         <file>SysCtl_LvDebug.obj</file>
         <name>SysCtl_LvDebug.obj</name>
      </input_file>
      <input_file id="fl-1b">
         <path>.\source\</path>
         <kind>object</kind>
         <file>SysCtl_Protection.obj</file>
         <name>SysCtl_Protection.obj</name>
      </input_file>
      <input_file id="fl-1c">
         <path>.\source\</path>
         <kind>object</kind>
         <file>SysCtl_SysMoore.obj</file>
         <name>SysCtl_SysMoore.obj</name>
      </input_file>
      <input_file id="fl-1d">
         <path>.\source\</path>
         <kind>object</kind>
         <file>Sys_Isr_Controller.obj</file>
         <name>Sys_Isr_Controller.obj</name>
      </input_file>
      <input_file id="fl-1e">
         <path>.\source\</path>
         <kind>object</kind>
         <file>Sys_Main.obj</file>
         <name>Sys_Main.obj</name>
      </input_file>
      <input_file id="fl-1f">
         <path>.\source\</path>
         <kind>object</kind>
         <file>Vector_control_for_fly_rotation.obj</file>
         <name>Vector_control_for_fly_rotation.obj</name>
      </input_file>
      <input_file id="fl-20">
         <path>.\source\</path>
         <kind>object</kind>
         <file>YDmulti_encoder_RotorSpeedGet.obj</file>
         <name>YDmulti_encoder_RotorSpeedGet.obj</name>
      </input_file>
      <input_file id="fl-21">
         <path>..\source\</path>
         <kind>object</kind>
         <file>flux_UI.obj</file>
         <name>flux_UI.obj</name>
      </input_file>
      <input_file id="fl-2c">
         <path>C:\ti\ccsv6\tools\compiler\ti-cgt-c2000_15.12.1.LTS\lib\</path>
         <kind>archive</kind>
         <file>rts2800_fpu32.lib</file>
         <name>boot.obj</name>
      </input_file>
      <input_file id="fl-2d">
         <path>C:\ti\ccsv6\tools\compiler\ti-cgt-c2000_15.12.1.LTS\lib\</path>
         <kind>archive</kind>
         <file>rts2800_fpu32.lib</file>
         <name>cpy_tbl.obj</name>
      </input_file>
      <input_file id="fl-2e">
         <path>C:\ti\ccsv6\tools\compiler\ti-cgt-c2000_15.12.1.LTS\lib\</path>
         <kind>archive</kind>
         <file>rts2800_fpu32.lib</file>
         <name>cpy_utils.obj</name>
      </input_file>
      <input_file id="fl-2f">
         <path>C:\ti\ccsv6\tools\compiler\ti-cgt-c2000_15.12.1.LTS\lib\</path>
         <kind>archive</kind>
         <file>rts2800_fpu32.lib</file>
         <name>e_atan2f.obj</name>
      </input_file>
      <input_file id="fl-30">
         <path>C:\ti\ccsv6\tools\compiler\ti-cgt-c2000_15.12.1.LTS\lib\</path>
         <kind>archive</kind>
         <file>rts2800_fpu32.lib</file>
         <name>e_sqrtf.obj</name>
      </input_file>
      <input_file id="fl-31">
         <path>C:\ti\ccsv6\tools\compiler\ti-cgt-c2000_15.12.1.LTS\lib\</path>
         <kind>archive</kind>
         <file>rts2800_fpu32.lib</file>
         <name>errno.obj</name>
      </input_file>
      <input_file id="fl-32">
         <path>C:\ti\ccsv6\tools\compiler\ti-cgt-c2000_15.12.1.LTS\lib\</path>
         <kind>archive</kind>
         <file>rts2800_fpu32.lib</file>
         <name>exit.obj</name>
      </input_file>
      <input_file id="fl-33">
         <path>C:\ti\ccsv6\tools\compiler\ti-cgt-c2000_15.12.1.LTS\lib\</path>
         <kind>archive</kind>
         <file>rts2800_fpu32.lib</file>
         <name>fs_div.obj</name>
      </input_file>
      <input_file id="fl-34">
         <path>C:\ti\ccsv6\tools\compiler\ti-cgt-c2000_15.12.1.LTS\lib\</path>
         <kind>archive</kind>
         <file>rts2800_fpu32.lib</file>
         <name>pre_init.obj</name>
      </input_file>
      <input_file id="fl-35">
         <path>C:\ti\ccsv6\tools\compiler\ti-cgt-c2000_15.12.1.LTS\lib\</path>
         <kind>archive</kind>
         <file>rts2800_fpu32.lib</file>
         <name>s_atanf.obj</name>
      </input_file>
      <input_file id="fl-36">
         <path>C:\ti\ccsv6\tools\compiler\ti-cgt-c2000_15.12.1.LTS\lib\</path>
         <kind>archive</kind>
         <file>rts2800_fpu32.lib</file>
         <name>s_cosf.obj</name>
      </input_file>
      <input_file id="fl-37">
         <path>C:\ti\ccsv6\tools\compiler\ti-cgt-c2000_15.12.1.LTS\lib\</path>
         <kind>archive</kind>
         <file>rts2800_fpu32.lib</file>
         <name>s_sinf.obj</name>
      </input_file>
      <input_file id="fl-38">
         <path>C:\ti\ccsv6\tools\compiler\ti-cgt-c2000_15.12.1.LTS\lib\</path>
         <kind>archive</kind>
         <file>rts2800_fpu32.lib</file>
         <name>startup.obj</name>
      </input_file>
      <input_file id="fl-39">
         <path>C:\ti\ccsv6\tools\compiler\ti-cgt-c2000_15.12.1.LTS\lib\</path>
         <kind>archive</kind>
         <file>rts2800_fpu32.lib</file>
         <name>u_div.obj</name>
      </input_file>
      <input_file id="fl-3a">
         <path>C:\ti\ccsv6\tools\compiler\ti-cgt-c2000_15.12.1.LTS\lib\</path>
         <kind>archive</kind>
         <file>rts2800_fpu32.lib</file>
         <name>_lock.obj</name>
      </input_file>
      <input_file id="fl-3b">
         <path>C:\ti\ccsv6\tools\compiler\ti-cgt-c2000_15.12.1.LTS\lib\</path>
         <kind>archive</kind>
         <file>rts2800_fpu32.lib</file>
         <name>args_main.obj</name>
      </input_file>
   </input_file_list>
   <object_component_list>
      <object_component id="oc-a1">
         <name>PieVectTableFile</name>
         <uninitialized>true</uninitialized>
         <run_address>0xd00</run_address>
         <size>0x100</size>
         <input_file_ref idref="fl-a"/>
      </object_component>
      <object_component id="oc-81">
         <name>FlashRegsFile</name>
         <uninitialized>true</uninitialized>
         <run_address>0xa80</run_address>
         <size>0x8</size>
         <input_file_ref idref="fl-a"/>
      </object_component>
      <object_component id="oc-89">
         <name>CsmRegsFile</name>
         <uninitialized>true</uninitialized>
         <run_address>0xae0</run_address>
         <size>0x10</size>
         <input_file_ref idref="fl-a"/>
      </object_component>
      <object_component id="oc-88">
         <name>AdcMirrorFile</name>
         <uninitialized>true</uninitialized>
         <run_address>0xb00</run_address>
         <size>0x10</size>
         <input_file_ref idref="fl-a"/>
      </object_component>
      <object_component id="oc-8d">
         <name>XintfRegsFile</name>
         <uninitialized>true</uninitialized>
         <run_address>0xb20</run_address>
         <size>0x1e</size>
         <input_file_ref idref="fl-a"/>
      </object_component>
      <object_component id="oc-82">
         <name>CpuTimer0RegsFile</name>
         <uninitialized>true</uninitialized>
         <run_address>0xc00</run_address>
         <size>0x8</size>
         <input_file_ref idref="fl-a"/>
      </object_component>
      <object_component id="oc-80">
         <name>CpuTimer1RegsFile</name>
         <uninitialized>true</uninitialized>
         <run_address>0xc08</run_address>
         <size>0x8</size>
         <input_file_ref idref="fl-a"/>
      </object_component>
      <object_component id="oc-7f">
         <name>CpuTimer2RegsFile</name>
         <uninitialized>true</uninitialized>
         <run_address>0xc10</run_address>
         <size>0x8</size>
         <input_file_ref idref="fl-a"/>
      </object_component>
      <object_component id="oc-8c">
         <name>PieCtrlRegsFile</name>
         <uninitialized>true</uninitialized>
         <run_address>0xce0</run_address>
         <size>0x1a</size>
         <input_file_ref idref="fl-a"/>
      </object_component>
      <object_component id="oc-9d">
         <name>EPwm1RegsFile</name>
         <uninitialized>true</uninitialized>
         <run_address>0x6800</run_address>
         <size>0x22</size>
         <input_file_ref idref="fl-a"/>
      </object_component>
      <object_component id="oc-9a">
         <name>EPwm2RegsFile</name>
         <uninitialized>true</uninitialized>
         <run_address>0x6840</run_address>
         <size>0x22</size>
         <input_file_ref idref="fl-a"/>
      </object_component>
      <object_component id="oc-9b">
         <name>EPwm3RegsFile</name>
         <uninitialized>true</uninitialized>
         <run_address>0x6880</run_address>
         <size>0x22</size>
         <input_file_ref idref="fl-a"/>
      </object_component>
      <object_component id="oc-99">
         <name>EPwm4RegsFile</name>
         <uninitialized>true</uninitialized>
         <run_address>0x68c0</run_address>
         <size>0x22</size>
         <input_file_ref idref="fl-a"/>
      </object_component>
      <object_component id="oc-97">
         <name>EPwm5RegsFile</name>
         <uninitialized>true</uninitialized>
         <run_address>0x6900</run_address>
         <size>0x22</size>
         <input_file_ref idref="fl-a"/>
      </object_component>
      <object_component id="oc-98">
         <name>EPwm6RegsFile</name>
         <uninitialized>true</uninitialized>
         <run_address>0x6940</run_address>
         <size>0x22</size>
         <input_file_ref idref="fl-a"/>
      </object_component>
      <object_component id="oc-94">
         <name>ECap1RegsFile</name>
         <uninitialized>true</uninitialized>
         <run_address>0x6a00</run_address>
         <size>0x20</size>
         <input_file_ref idref="fl-a"/>
      </object_component>
      <object_component id="oc-95">
         <name>ECap2RegsFile</name>
         <uninitialized>true</uninitialized>
         <run_address>0x6a20</run_address>
         <size>0x20</size>
         <input_file_ref idref="fl-a"/>
      </object_component>
      <object_component id="oc-92">
         <name>ECap3RegsFile</name>
         <uninitialized>true</uninitialized>
         <run_address>0x6a40</run_address>
         <size>0x20</size>
         <input_file_ref idref="fl-a"/>
      </object_component>
      <object_component id="oc-93">
         <name>ECap4RegsFile</name>
         <uninitialized>true</uninitialized>
         <run_address>0x6a60</run_address>
         <size>0x20</size>
         <input_file_ref idref="fl-a"/>
      </object_component>
      <object_component id="oc-96">
         <name>ECap5RegsFile</name>
         <uninitialized>true</uninitialized>
         <run_address>0x6a80</run_address>
         <size>0x20</size>
         <input_file_ref idref="fl-a"/>
      </object_component>
      <object_component id="oc-91">
         <name>ECap6RegsFile</name>
         <uninitialized>true</uninitialized>
         <run_address>0x6aa0</run_address>
         <size>0x20</size>
         <input_file_ref idref="fl-a"/>
      </object_component>
      <object_component id="oc-9f">
         <name>EQep1RegsFile</name>
         <uninitialized>true</uninitialized>
         <run_address>0x6b00</run_address>
         <size>0x40</size>
         <input_file_ref idref="fl-a"/>
      </object_component>
      <object_component id="oc-a0">
         <name>EQep2RegsFile</name>
         <uninitialized>true</uninitialized>
         <run_address>0x6b40</run_address>
         <size>0x40</size>
         <input_file_ref idref="fl-a"/>
      </object_component>
      <object_component id="oc-9e">
         <name>GpioCtrlRegsFile</name>
         <uninitialized>true</uninitialized>
         <run_address>0x6f80</run_address>
         <size>0x2e</size>
         <input_file_ref idref="fl-a"/>
      </object_component>
      <object_component id="oc-8f">
         <name>GpioDataRegsFile</name>
         <uninitialized>true</uninitialized>
         <run_address>0x6fc0</run_address>
         <size>0x20</size>
         <input_file_ref idref="fl-a"/>
      </object_component>
      <object_component id="oc-84">
         <name>GpioIntRegsFile</name>
         <uninitialized>true</uninitialized>
         <run_address>0x6fe0</run_address>
         <size>0xa</size>
         <input_file_ref idref="fl-a"/>
      </object_component>
      <object_component id="oc-90">
         <name>SysCtrlRegsFile</name>
         <uninitialized>true</uninitialized>
         <run_address>0x7010</run_address>
         <size>0x20</size>
         <input_file_ref idref="fl-a"/>
      </object_component>
      <object_component id="oc-87">
         <name>SpiaRegsFile</name>
         <uninitialized>true</uninitialized>
         <run_address>0x7040</run_address>
         <size>0x10</size>
         <input_file_ref idref="fl-a"/>
      </object_component>
      <object_component id="oc-85">
         <name>SciaRegsFile</name>
         <uninitialized>true</uninitialized>
         <run_address>0x7050</run_address>
         <size>0x10</size>
         <input_file_ref idref="fl-a"/>
      </object_component>
      <object_component id="oc-8b">
         <name>XIntruptRegsFile</name>
         <uninitialized>true</uninitialized>
         <run_address>0x7070</run_address>
         <size>0x10</size>
         <input_file_ref idref="fl-a"/>
      </object_component>
      <object_component id="oc-8e">
         <name>AdcRegsFile</name>
         <uninitialized>true</uninitialized>
         <run_address>0x7100</run_address>
         <size>0x1e</size>
         <input_file_ref idref="fl-a"/>
      </object_component>
      <object_component id="oc-8a">
         <name>ScibRegsFile</name>
         <uninitialized>true</uninitialized>
         <run_address>0x7750</run_address>
         <size>0x10</size>
         <input_file_ref idref="fl-a"/>
      </object_component>
      <object_component id="oc-86">
         <name>ScicRegsFile</name>
         <uninitialized>true</uninitialized>
         <run_address>0x7770</run_address>
         <size>0x10</size>
         <input_file_ref idref="fl-a"/>
      </object_component>
      <object_component id="oc-9c">
         <name>I2caRegsFile</name>
         <uninitialized>true</uninitialized>
         <run_address>0x7900</run_address>
         <size>0x22</size>
         <input_file_ref idref="fl-a"/>
      </object_component>
      <object_component id="oc-83">
         <name>CsmPwlFile</name>
         <uninitialized>true</uninitialized>
         <run_address>0x33fff8</run_address>
         <size>0x8</size>
         <input_file_ref idref="fl-a"/>
      </object_component>
      <object_component id="oc-116">
         <name>.cinit</name>
         <load_address>0x3218a7</load_address>
         <run_address>0x3218a7</run_address>
         <size>0x2fd</size>
         <input_file_ref idref="fl-1f"/>
      </object_component>
      <object_component id="oc-10f">
         <name>.cinit</name>
         <load_address>0x321ba4</load_address>
         <run_address>0x321ba4</run_address>
         <size>0x18c</size>
         <input_file_ref idref="fl-1e"/>
      </object_component>
      <object_component id="oc-107">
         <name>.cinit</name>
         <load_address>0x321d30</load_address>
         <run_address>0x321d30</run_address>
         <size>0x106</size>
         <input_file_ref idref="fl-1d"/>
      </object_component>
      <object_component id="oc-124">
         <name>.cinit</name>
         <load_address>0x321e36</load_address>
         <run_address>0x321e36</run_address>
         <size>0x96</size>
         <input_file_ref idref="fl-21"/>
      </object_component>
      <object_component id="oc-ff">
         <name>.cinit</name>
         <load_address>0x321ecc</load_address>
         <run_address>0x321ecc</run_address>
         <size>0x42</size>
         <input_file_ref idref="fl-1c"/>
      </object_component>
      <object_component id="oc-e1">
         <name>.cinit</name>
         <load_address>0x321f0e</load_address>
         <run_address>0x321f0e</run_address>
         <size>0x34</size>
         <input_file_ref idref="fl-17"/>
      </object_component>
      <object_component id="oc-14a">
         <name>.cinit</name>
         <load_address>0x321f42</load_address>
         <run_address>0x321f42</run_address>
         <size>0xe</size>
         <input_file_ref idref="fl-32"/>
      </object_component>
      <object_component id="oc-f2">
         <name>.cinit</name>
         <load_address>0x321f50</load_address>
         <run_address>0x321f50</run_address>
         <size>0xa</size>
         <input_file_ref idref="fl-1a"/>
      </object_component>
      <object_component id="oc-11d">
         <name>.cinit</name>
         <load_address>0x321f5a</load_address>
         <run_address>0x321f5a</run_address>
         <size>0x8</size>
         <input_file_ref idref="fl-20"/>
      </object_component>
      <object_component id="oc-193">
         <name>.cinit:__lock</name>
         <load_address>0x321f62</load_address>
         <run_address>0x321f62</run_address>
         <size>0x5</size>
         <input_file_ref idref="fl-3a"/>
      </object_component>
      <object_component id="oc-19e">
         <name>.cinit:__unlock</name>
         <load_address>0x321f67</load_address>
         <run_address>0x321f67</run_address>
         <size>0x5</size>
         <input_file_ref idref="fl-3a"/>
      </object_component>
      <object_component id="oc-54">
         <name>.cinit</name>
         <load_address>0x321f6c</load_address>
         <run_address>0x321f6c</run_address>
         <size>0x4</size>
         <input_file_ref idref="fl-2"/>
      </object_component>
      <object_component id="oc-146">
         <name>.cinit</name>
         <load_address>0x321f70</load_address>
         <run_address>0x321f70</run_address>
         <size>0x4</size>
         <input_file_ref idref="fl-31"/>
      </object_component>
      <object_component id="oc-18d">
         <name>.text</name>
         <load_address>0x31f8d0</load_address>
         <run_address>0x31f8d0</run_address>
         <size>0x87a</size>
         <input_file_ref idref="fl-2"/>
      </object_component>
      <object_component id="oc-184">
         <name>.text</name>
         <load_address>0x32014a</load_address>
         <run_address>0x32014a</run_address>
         <size>0x473</size>
         <input_file_ref idref="fl-1f"/>
      </object_component>
      <object_component id="oc-6f">
         <name>.text:retain</name>
         <load_address>0x3205bd</load_address>
         <run_address>0x3205bd</run_address>
         <size>0x30c</size>
         <input_file_ref idref="fl-7"/>
      </object_component>
      <object_component id="oc-18e">
         <name>.text</name>
         <load_address>0x3208c9</load_address>
         <run_address>0x3208c9</run_address>
         <size>0x1c1</size>
         <input_file_ref idref="fl-15"/>
      </object_component>
      <object_component id="oc-188">
         <name>.text</name>
         <load_address>0x320a8a</load_address>
         <run_address>0x320a8a</run_address>
         <size>0x199</size>
         <input_file_ref idref="fl-1c"/>
      </object_component>
      <object_component id="oc-187">
         <name>.text</name>
         <load_address>0x320c23</load_address>
         <run_address>0x320c23</run_address>
         <size>0x18a</size>
         <input_file_ref idref="fl-19"/>
      </object_component>
      <object_component id="oc-189">
         <name>.text</name>
         <load_address>0x320dad</load_address>
         <run_address>0x320dad</run_address>
         <size>0x101</size>
         <input_file_ref idref="fl-18"/>
      </object_component>
      <object_component id="oc-1a1">
         <name>.text</name>
         <load_address>0x320eae</load_address>
         <run_address>0x320eae</run_address>
         <size>0xd5</size>
         <input_file_ref idref="fl-6"/>
      </object_component>
      <object_component id="oc-19a">
         <name>.text</name>
         <load_address>0x320f83</load_address>
         <run_address>0x320f83</run_address>
         <size>0xd4</size>
         <input_file_ref idref="fl-2f"/>
      </object_component>
      <object_component id="oc-18c">
         <name>.text</name>
         <load_address>0x321057</load_address>
         <run_address>0x321057</run_address>
         <size>0xd3</size>
         <input_file_ref idref="fl-17"/>
      </object_component>
      <object_component id="oc-19f">
         <name>.text</name>
         <load_address>0x32112a</load_address>
         <run_address>0x32112a</run_address>
         <size>0xc9</size>
         <input_file_ref idref="fl-35"/>
      </object_component>
      <object_component id="oc-1a3">
         <name>.text</name>
         <load_address>0x3211f3</load_address>
         <run_address>0x3211f3</run_address>
         <size>0xc2</size>
         <input_file_ref idref="fl-12"/>
      </object_component>
      <object_component id="oc-18f">
         <name>.text</name>
         <load_address>0x3212b5</load_address>
         <run_address>0x3212b5</run_address>
         <size>0x9f</size>
         <input_file_ref idref="fl-21"/>
      </object_component>
      <object_component id="oc-197">
         <name>.text</name>
         <load_address>0x321354</load_address>
         <run_address>0x321354</run_address>
         <size>0x8d</size>
         <input_file_ref idref="fl-1b"/>
      </object_component>
      <object_component id="oc-1a5">
         <name>.text</name>
         <load_address>0x3213e1</load_address>
         <run_address>0x3213e1</run_address>
         <size>0x88</size>
         <input_file_ref idref="fl-b"/>
      </object_component>
      <object_component id="oc-150">
         <name>.text</name>
         <load_address>0x321469</load_address>
         <run_address>0x321469</run_address>
         <size>0x88</size>
         <input_file_ref idref="fl-33"/>
      </object_component>
      <object_component id="oc-1a6">
         <name>.text</name>
         <load_address>0x3214f1</load_address>
         <run_address>0x3214f1</run_address>
         <size>0x70</size>
         <input_file_ref idref="fl-5"/>
      </object_component>
      <object_component id="oc-195">
         <name>.text</name>
         <load_address>0x321561</load_address>
         <run_address>0x321561</run_address>
         <size>0x61</size>
         <input_file_ref idref="fl-36"/>
      </object_component>
      <object_component id="oc-194">
         <name>.text</name>
         <load_address>0x3215c2</load_address>
         <run_address>0x3215c2</run_address>
         <size>0x58</size>
         <input_file_ref idref="fl-37"/>
      </object_component>
      <object_component id="oc-52">
         <name>.text</name>
         <load_address>0x32161a</load_address>
         <run_address>0x32161a</run_address>
         <size>0x56</size>
         <input_file_ref idref="fl-2c"/>
      </object_component>
      <object_component id="oc-191">
         <name>.text</name>
         <load_address>0x321670</load_address>
         <run_address>0x321670</run_address>
         <size>0x4c</size>
         <input_file_ref idref="fl-1e"/>
      </object_component>
      <object_component id="oc-109">
         <name>.text:retain</name>
         <load_address>0x3216bc</load_address>
         <run_address>0x3216bc</run_address>
         <size>0x46</size>
         <input_file_ref idref="fl-1d"/>
      </object_component>
      <object_component id="oc-17f">
         <name>.text</name>
         <load_address>0x321702</load_address>
         <run_address>0x321702</run_address>
         <size>0x46</size>
         <input_file_ref idref="fl-2d"/>
      </object_component>
      <object_component id="oc-19c">
         <name>.text</name>
         <load_address>0x321748</load_address>
         <run_address>0x321748</run_address>
         <size>0x45</size>
         <input_file_ref idref="fl-d"/>
      </object_component>
      <object_component id="oc-182">
         <name>.text</name>
         <load_address>0x32178d</load_address>
         <run_address>0x32178d</run_address>
         <size>0x29</size>
         <input_file_ref idref="fl-32"/>
      </object_component>
      <object_component id="oc-199">
         <name>.text</name>
         <load_address>0x3217b6</load_address>
         <run_address>0x3217b6</run_address>
         <size>0x25</size>
         <input_file_ref idref="fl-30"/>
      </object_component>
      <object_component id="oc-1a0">
         <name>.text</name>
         <load_address>0x3217db</load_address>
         <run_address>0x3217db</run_address>
         <size>0x22</size>
         <input_file_ref idref="fl-11"/>
      </object_component>
      <object_component id="oc-19b">
         <name>.text</name>
         <load_address>0x3217fd</load_address>
         <run_address>0x3217fd</run_address>
         <size>0x1e</size>
         <input_file_ref idref="fl-10"/>
      </object_component>
      <object_component id="oc-1a4">
         <name>.text</name>
         <load_address>0x32181b</load_address>
         <run_address>0x32181b</run_address>
         <size>0x1c</size>
         <input_file_ref idref="fl-e"/>
      </object_component>
      <object_component id="oc-135">
         <name>.text</name>
         <load_address>0x321837</load_address>
         <run_address>0x321837</run_address>
         <size>0x1a</size>
         <input_file_ref idref="fl-2e"/>
      </object_component>
      <object_component id="oc-181">
         <name>.text</name>
         <load_address>0x321851</load_address>
         <run_address>0x321851</run_address>
         <size>0x19</size>
         <input_file_ref idref="fl-3b"/>
      </object_component>
      <object_component id="oc-198">
         <name>.text</name>
         <load_address>0x32186a</load_address>
         <run_address>0x32186a</run_address>
         <size>0x13</size>
         <input_file_ref idref="fl-c"/>
      </object_component>
      <object_component id="oc-18b">
         <name>.text</name>
         <load_address>0x32187d</load_address>
         <run_address>0x32187d</run_address>
         <size>0xb</size>
         <input_file_ref idref="fl-20"/>
      </object_component>
      <object_component id="oc-16f">
         <name>.text</name>
         <load_address>0x321888</load_address>
         <run_address>0x321888</run_address>
         <size>0xb</size>
         <input_file_ref idref="fl-39"/>
      </object_component>
      <object_component id="oc-19d">
         <name>.text</name>
         <load_address>0x321893</load_address>
         <run_address>0x321893</run_address>
         <size>0x9</size>
         <input_file_ref idref="fl-3a"/>
      </object_component>
      <object_component id="oc-d0">
         <name>.text</name>
         <load_address>0x32189c</load_address>
         <run_address>0x32189c</run_address>
         <size>0x8</size>
         <input_file_ref idref="fl-14"/>
      </object_component>
      <object_component id="oc-17e">
         <name>.text</name>
         <load_address>0x3218a4</load_address>
         <run_address>0x3218a4</run_address>
         <size>0x2</size>
         <input_file_ref idref="fl-34"/>
      </object_component>
      <object_component id="oc-180">
         <name>.text</name>
         <load_address>0x3218a6</load_address>
         <run_address>0x3218a6</run_address>
         <size>0x1</size>
         <input_file_ref idref="fl-38"/>
      </object_component>
      <object_component id="oc-d1">
         <name>codestart</name>
         <load_address>0x33fff6</load_address>
         <run_address>0x33fff6</run_address>
         <size>0x2</size>
         <input_file_ref idref="fl-14"/>
      </object_component>
      <object_component id="oc-185">
         <name>ramfuncs</name>
         <load_address>0x31e000</load_address>
         <run_address>0x8000</run_address>
         <size>0xdb7</size>
         <input_file_ref idref="fl-1f"/>
      </object_component>
      <object_component id="oc-190">
         <name>ramfuncs</name>
         <load_address>0x31edb7</load_address>
         <run_address>0x8db7</run_address>
         <size>0x4cd</size>
         <input_file_ref idref="fl-21"/>
      </object_component>
      <object_component id="oc-186">
         <name>ramfuncs</name>
         <load_address>0x31f284</load_address>
         <run_address>0x9284</run_address>
         <size>0x347</size>
         <input_file_ref idref="fl-19"/>
      </object_component>
      <object_component id="oc-183">
         <name>ramfuncs</name>
         <load_address>0x31f5cb</load_address>
         <run_address>0x95cb</run_address>
         <size>0x13e</size>
         <input_file_ref idref="fl-17"/>
      </object_component>
      <object_component id="oc-196">
         <name>ramfuncs</name>
         <load_address>0x31f709</load_address>
         <run_address>0x9709</run_address>
         <size>0x106</size>
         <input_file_ref idref="fl-16"/>
      </object_component>
      <object_component id="oc-18a">
         <name>ramfuncs</name>
         <load_address>0x31f80f</load_address>
         <run_address>0x980f</run_address>
         <size>0xa2</size>
         <input_file_ref idref="fl-20"/>
      </object_component>
      <object_component id="oc-1a2">
         <name>ramfuncs</name>
         <load_address>0x31f8b1</load_address>
         <run_address>0x98b1</run_address>
         <size>0x1b</size>
         <input_file_ref idref="fl-9"/>
      </object_component>
      <object_component id="oc-cb">
         <name>ramfuncs</name>
         <load_address>0x31f8cc</load_address>
         <run_address>0x98cc</run_address>
         <size>0x4</size>
         <input_file_ref idref="fl-13"/>
      </object_component>
      <object_component id="oc-12a">
         <name>.stack</name>
         <uninitialized>true</uninitialized>
         <run_address>0x400</run_address>
         <size>0x0</size>
         <input_file_ref idref="fl-2c"/>
      </object_component>
      <object_component id="oc-208">
         <name>.stack</name>
         <uninitialized>true</uninitialized>
         <run_address>0x400</run_address>
         <size>0x0</size>
      </object_component>
      <object_component id="oc-55">
         <name>.ebss</name>
         <uninitialized>true</uninitialized>
         <run_address>0xeebc</run_address>
         <size>0x4</size>
         <input_file_ref idref="fl-2"/>
      </object_component>
      <object_component id="oc-e2">
         <name>.ebss</name>
         <uninitialized>true</uninitialized>
         <run_address>0xf380</run_address>
         <size>0xa6</size>
         <input_file_ref idref="fl-17"/>
      </object_component>
      <object_component id="oc-f3">
         <name>.ebss</name>
         <uninitialized>true</uninitialized>
         <run_address>0xf22e</run_address>
         <size>0x4</size>
         <input_file_ref idref="fl-1a"/>
      </object_component>
      <object_component id="oc-f9">
         <name>.ebss</name>
         <uninitialized>true</uninitialized>
         <run_address>0xf236</run_address>
         <size>0x1</size>
         <input_file_ref idref="fl-1b"/>
      </object_component>
      <object_component id="oc-100">
         <name>.ebss</name>
         <uninitialized>true</uninitialized>
         <run_address>0xee84</run_address>
         <size>0x38</size>
         <input_file_ref idref="fl-1c"/>
      </object_component>
      <object_component id="oc-108">
         <name>.ebss</name>
         <uninitialized>true</uninitialized>
         <run_address>0xf240</run_address>
         <size>0x13e</size>
         <input_file_ref idref="fl-1d"/>
      </object_component>
      <object_component id="oc-110">
         <name>.ebss</name>
         <uninitialized>true</uninitialized>
         <run_address>0xd000</run_address>
         <size>0x1e84</size>
         <input_file_ref idref="fl-1e"/>
      </object_component>
      <object_component id="oc-117">
         <name>.ebss</name>
         <uninitialized>true</uninitialized>
         <run_address>0xeec0</run_address>
         <size>0x360</size>
         <input_file_ref idref="fl-1f"/>
      </object_component>
      <object_component id="oc-11e">
         <name>.ebss</name>
         <uninitialized>true</uninitialized>
         <run_address>0xf220</run_address>
         <size>0x8</size>
         <input_file_ref idref="fl-20"/>
      </object_component>
      <object_component id="oc-125">
         <name>.ebss</name>
         <uninitialized>true</uninitialized>
         <run_address>0xf440</run_address>
         <size>0x7c</size>
         <input_file_ref idref="fl-21"/>
      </object_component>
      <object_component id="oc-147">
         <name>.ebss</name>
         <uninitialized>true</uninitialized>
         <run_address>0xf237</run_address>
         <size>0x1</size>
         <input_file_ref idref="fl-31"/>
      </object_component>
      <object_component id="oc-14b">
         <name>.ebss</name>
         <uninitialized>true</uninitialized>
         <run_address>0xf228</run_address>
         <size>0x6</size>
         <input_file_ref idref="fl-32"/>
      </object_component>
      <object_component id="oc-1a7">
         <name>.ebss:__unlock</name>
         <uninitialized>true</uninitialized>
         <run_address>0xf234</run_address>
         <size>0x2</size>
         <input_file_ref idref="fl-3a"/>
      </object_component>
      <object_component id="oc-192">
         <name>.ebss:__lock</name>
         <uninitialized>true</uninitialized>
         <run_address>0xf232</run_address>
         <size>0x2</size>
         <input_file_ref idref="fl-3a"/>
      </object_component>
      <object_component id="oc-101">
         <name>XDATARAM</name>
         <uninitialized>true</uninitialized>
         <run_address>0x119000</run_address>
         <size>0x7d0</size>
         <input_file_ref idref="fl-1c"/>
      </object_component>
      <object_component id="oc-1ab">
         <name>.econst:_PieVectTableInit</name>
         <load_address>0x321f76</load_address>
         <run_address>0x321f76</run_address>
         <size>0x100</size>
         <input_file_ref idref="fl-e"/>
      </object_component>
      <object_component id="oc-13b">
         <name>.econst</name>
         <load_address>0x322076</load_address>
         <run_address>0x322076</run_address>
         <size>0xc</size>
         <input_file_ref idref="fl-2f"/>
      </object_component>
      <object_component id="oc-1aa">
         <name>.econst:_aT</name>
         <load_address>0x322082</load_address>
         <run_address>0x322082</run_address>
         <size>0xa</size>
         <input_file_ref idref="fl-35"/>
      </object_component>
      <object_component id="oc-1a8">
         <name>.econst:_atanhi</name>
         <load_address>0x32208c</load_address>
         <run_address>0x32208c</run_address>
         <size>0x8</size>
         <input_file_ref idref="fl-35"/>
      </object_component>
      <object_component id="oc-1a9">
         <name>.econst:_atanlo</name>
         <load_address>0x322094</load_address>
         <run_address>0x322094</run_address>
         <size>0x8</size>
         <input_file_ref idref="fl-35"/>
      </object_component>
      <object_component id="oc-15b">
         <name>.econst</name>
         <load_address>0x32209c</load_address>
         <run_address>0x32209c</run_address>
         <size>0x4</size>
         <input_file_ref idref="fl-35"/>
      </object_component>
      <object_component id="oc-12b">
         <name>.reset</name>
         <load_address>0x3fffc0</load_address>
         <run_address>0x3fffc0</run_address>
         <size>0x2</size>
         <input_file_ref idref="fl-2c"/>
      </object_component>
      <object_component id="oc-5f">
         <name>.adc_cal</name>
         <load_address>0x380080</load_address>
         <run_address>0x380080</run_address>
         <size>0x7</size>
         <input_file_ref idref="fl-4"/>
      </object_component>
      <object_component id="oc-53">
         <name>.debug_info</name>
         <load_address>0x0</load_address>
         <run_address>0x0</run_address>
         <size>0x1625</size>
         <input_file_ref idref="fl-2"/>
      </object_component>
      <object_component id="oc-5a">
         <name>.debug_info</name>
         <load_address>0x1625</load_address>
         <run_address>0x1625</run_address>
         <size>0x4cb</size>
         <input_file_ref idref="fl-3"/>
      </object_component>
      <object_component id="oc-60">
         <name>.debug_info</name>
         <load_address>0x1af0</load_address>
         <run_address>0x1af0</run_address>
         <size>0xe5</size>
         <input_file_ref idref="fl-4"/>
      </object_component>
      <object_component id="oc-64">
         <name>.debug_info</name>
         <load_address>0x1bd5</load_address>
         <run_address>0x1bd5</run_address>
         <size>0x1ef6</size>
         <input_file_ref idref="fl-5"/>
      </object_component>
      <object_component id="oc-69">
         <name>.debug_info</name>
         <load_address>0x3acb</load_address>
         <run_address>0x3acb</run_address>
         <size>0x149f</size>
         <input_file_ref idref="fl-6"/>
      </object_component>
      <object_component id="oc-6e">
         <name>.debug_info</name>
         <load_address>0x4f6a</load_address>
         <run_address>0x4f6a</run_address>
         <size>0x23f7</size>
         <input_file_ref idref="fl-7"/>
      </object_component>
      <object_component id="oc-74">
         <name>.debug_info</name>
         <load_address>0x7361</load_address>
         <run_address>0x7361</run_address>
         <size>0x271e</size>
         <input_file_ref idref="fl-8"/>
      </object_component>
      <object_component id="oc-79">
         <name>.debug_info</name>
         <load_address>0x9a7f</load_address>
         <run_address>0x9a7f</run_address>
         <size>0x8f0</size>
         <input_file_ref idref="fl-9"/>
      </object_component>
      <object_component id="oc-7e">
         <name>.debug_info</name>
         <load_address>0xa36f</load_address>
         <run_address>0xa36f</run_address>
         <size>0xa88a</size>
         <input_file_ref idref="fl-a"/>
      </object_component>
      <object_component id="oc-a3">
         <name>.debug_info</name>
         <load_address>0x14bf9</load_address>
         <run_address>0x14bf9</run_address>
         <size>0x1f90</size>
         <input_file_ref idref="fl-b"/>
      </object_component>
      <object_component id="oc-a8">
         <name>.debug_info</name>
         <load_address>0x16b89</load_address>
         <run_address>0x16b89</run_address>
         <size>0x468</size>
         <input_file_ref idref="fl-c"/>
      </object_component>
      <object_component id="oc-ad">
         <name>.debug_info</name>
         <load_address>0x16ff1</load_address>
         <run_address>0x16ff1</run_address>
         <size>0x19f0</size>
         <input_file_ref idref="fl-d"/>
      </object_component>
      <object_component id="oc-b2">
         <name>.debug_info</name>
         <load_address>0x189e1</load_address>
         <run_address>0x189e1</run_address>
         <size>0x1bab</size>
         <input_file_ref idref="fl-e"/>
      </object_component>
      <object_component id="oc-b7">
         <name>.debug_info</name>
         <load_address>0x1a58c</load_address>
         <run_address>0x1a58c</run_address>
         <size>0x23c7</size>
         <input_file_ref idref="fl-f"/>
      </object_component>
      <object_component id="oc-bc">
         <name>.debug_info</name>
         <load_address>0x1c953</load_address>
         <run_address>0x1c953</run_address>
         <size>0x641</size>
         <input_file_ref idref="fl-10"/>
      </object_component>
      <object_component id="oc-c1">
         <name>.debug_info</name>
         <load_address>0x1cf94</load_address>
         <run_address>0x1cf94</run_address>
         <size>0x10ab</size>
         <input_file_ref idref="fl-11"/>
      </object_component>
      <object_component id="oc-c6">
         <name>.debug_info</name>
         <load_address>0x1e03f</load_address>
         <run_address>0x1e03f</run_address>
         <size>0x21f8</size>
         <input_file_ref idref="fl-12"/>
      </object_component>
      <object_component id="oc-cc">
         <name>.debug_info</name>
         <load_address>0x20237</load_address>
         <run_address>0x20237</run_address>
         <size>0xe5</size>
         <input_file_ref idref="fl-13"/>
      </object_component>
      <object_component id="oc-d2">
         <name>.debug_info</name>
         <load_address>0x2031c</load_address>
         <run_address>0x2031c</run_address>
         <size>0x135</size>
         <input_file_ref idref="fl-14"/>
      </object_component>
      <object_component id="oc-d6">
         <name>.debug_info</name>
         <load_address>0x20451</load_address>
         <run_address>0x20451</run_address>
         <size>0x898</size>
         <input_file_ref idref="fl-15"/>
      </object_component>
      <object_component id="oc-db">
         <name>.debug_info</name>
         <load_address>0x20ce9</load_address>
         <run_address>0x20ce9</run_address>
         <size>0xb28</size>
         <input_file_ref idref="fl-16"/>
      </object_component>
      <object_component id="oc-e0">
         <name>.debug_info</name>
         <load_address>0x21811</load_address>
         <run_address>0x21811</run_address>
         <size>0x286b</size>
         <input_file_ref idref="fl-17"/>
      </object_component>
      <object_component id="oc-e7">
         <name>.debug_info</name>
         <load_address>0x2407c</load_address>
         <run_address>0x2407c</run_address>
         <size>0xcbd</size>
         <input_file_ref idref="fl-18"/>
      </object_component>
      <object_component id="oc-ec">
         <name>.debug_info</name>
         <load_address>0x24d39</load_address>
         <run_address>0x24d39</run_address>
         <size>0x1738</size>
         <input_file_ref idref="fl-19"/>
      </object_component>
      <object_component id="oc-f1">
         <name>.debug_info</name>
         <load_address>0x26471</load_address>
         <run_address>0x26471</run_address>
         <size>0x1e72</size>
         <input_file_ref idref="fl-1a"/>
      </object_component>
      <object_component id="oc-f8">
         <name>.debug_info</name>
         <load_address>0x282e3</load_address>
         <run_address>0x282e3</run_address>
         <size>0xcc5</size>
         <input_file_ref idref="fl-1b"/>
      </object_component>
      <object_component id="oc-fe">
         <name>.debug_info</name>
         <load_address>0x28fa8</load_address>
         <run_address>0x28fa8</run_address>
         <size>0x38ff</size>
         <input_file_ref idref="fl-1c"/>
      </object_component>
      <object_component id="oc-106">
         <name>.debug_info</name>
         <load_address>0x2c8a7</load_address>
         <run_address>0x2c8a7</run_address>
         <size>0x1ea8</size>
         <input_file_ref idref="fl-1d"/>
      </object_component>
      <object_component id="oc-10e">
         <name>.debug_info</name>
         <load_address>0x2e74f</load_address>
         <run_address>0x2e74f</run_address>
         <size>0x40b1</size>
         <input_file_ref idref="fl-1e"/>
      </object_component>
      <object_component id="oc-115">
         <name>.debug_info</name>
         <load_address>0x32800</load_address>
         <run_address>0x32800</run_address>
         <size>0x48a9</size>
         <input_file_ref idref="fl-1f"/>
      </object_component>
      <object_component id="oc-11c">
         <name>.debug_info</name>
         <load_address>0x370a9</load_address>
         <run_address>0x370a9</run_address>
         <size>0xbe5</size>
         <input_file_ref idref="fl-20"/>
      </object_component>
      <object_component id="oc-123">
         <name>.debug_info</name>
         <load_address>0x37c8e</load_address>
         <run_address>0x37c8e</run_address>
         <size>0xf8c</size>
         <input_file_ref idref="fl-21"/>
      </object_component>
      <object_component id="oc-12c">
         <name>.debug_info</name>
         <load_address>0x38c1a</load_address>
         <run_address>0x38c1a</run_address>
         <size>0x187</size>
         <input_file_ref idref="fl-2c"/>
      </object_component>
      <object_component id="oc-130">
         <name>.debug_info</name>
         <load_address>0x38da1</load_address>
         <run_address>0x38da1</run_address>
         <size>0x643</size>
         <input_file_ref idref="fl-2d"/>
      </object_component>
      <object_component id="oc-136">
         <name>.debug_info</name>
         <load_address>0x393e4</load_address>
         <run_address>0x393e4</run_address>
         <size>0x12e</size>
         <input_file_ref idref="fl-2e"/>
      </object_component>
      <object_component id="oc-13a">
         <name>.debug_info</name>
         <load_address>0x39512</load_address>
         <run_address>0x39512</run_address>
         <size>0x5ac</size>
         <input_file_ref idref="fl-2f"/>
      </object_component>
      <object_component id="oc-140">
         <name>.debug_info</name>
         <load_address>0x39abe</load_address>
         <run_address>0x39abe</run_address>
         <size>0x456</size>
         <input_file_ref idref="fl-30"/>
      </object_component>
      <object_component id="oc-145">
         <name>.debug_info</name>
         <load_address>0x39f14</load_address>
         <run_address>0x39f14</run_address>
         <size>0x1d7</size>
         <input_file_ref idref="fl-31"/>
      </object_component>
      <object_component id="oc-149">
         <name>.debug_info</name>
         <load_address>0x3a0eb</load_address>
         <run_address>0x3a0eb</run_address>
         <size>0x5c7</size>
         <input_file_ref idref="fl-32"/>
      </object_component>
      <object_component id="oc-151">
         <name>.debug_info</name>
         <load_address>0x3a6b2</load_address>
         <run_address>0x3a6b2</run_address>
         <size>0x128</size>
         <input_file_ref idref="fl-33"/>
      </object_component>
      <object_component id="oc-155">
         <name>.debug_info</name>
         <load_address>0x3a7da</load_address>
         <run_address>0x3a7da</run_address>
         <size>0x3fe</size>
         <input_file_ref idref="fl-34"/>
      </object_component>
      <object_component id="oc-15a">
         <name>.debug_info</name>
         <load_address>0x3abd8</load_address>
         <run_address>0x3abd8</run_address>
         <size>0x584</size>
         <input_file_ref idref="fl-35"/>
      </object_component>
      <object_component id="oc-160">
         <name>.debug_info</name>
         <load_address>0x3b15c</load_address>
         <run_address>0x3b15c</run_address>
         <size>0x43e</size>
         <input_file_ref idref="fl-36"/>
      </object_component>
      <object_component id="oc-165">
         <name>.debug_info</name>
         <load_address>0x3b59a</load_address>
         <run_address>0x3b59a</run_address>
         <size>0x450</size>
         <input_file_ref idref="fl-37"/>
      </object_component>
      <object_component id="oc-16a">
         <name>.debug_info</name>
         <load_address>0x3b9ea</load_address>
         <run_address>0x3b9ea</run_address>
         <size>0x3fb</size>
         <input_file_ref idref="fl-38"/>
      </object_component>
      <object_component id="oc-170">
         <name>.debug_info</name>
         <load_address>0x3bde5</load_address>
         <run_address>0x3bde5</run_address>
         <size>0x155</size>
         <input_file_ref idref="fl-39"/>
      </object_component>
      <object_component id="oc-174">
         <name>.debug_info</name>
         <load_address>0x3bf3a</load_address>
         <run_address>0x3bf3a</run_address>
         <size>0x51d</size>
         <input_file_ref idref="fl-3a"/>
      </object_component>
      <object_component id="oc-179">
         <name>.debug_info</name>
         <load_address>0x3c457</load_address>
         <run_address>0x3c457</run_address>
         <size>0x4ea</size>
         <input_file_ref idref="fl-3b"/>
      </object_component>
      <object_component id="oc-209">
         <name>.debug_info</name>
         <load_address>0x3c941</load_address>
         <run_address>0x3c941</run_address>
         <size>0x90</size>
      </object_component>
      <object_component id="oc-56">
         <name>.debug_frame</name>
         <load_address>0x0</load_address>
         <run_address>0x0</run_address>
         <size>0x1c6</size>
         <input_file_ref idref="fl-2"/>
      </object_component>
      <object_component id="oc-5b">
         <name>.debug_frame</name>
         <load_address>0x1c6</load_address>
         <run_address>0x1c6</run_address>
         <size>0x8c</size>
         <input_file_ref idref="fl-3"/>
      </object_component>
      <object_component id="oc-65">
         <name>.debug_frame</name>
         <load_address>0x252</load_address>
         <run_address>0x252</run_address>
         <size>0xb6</size>
         <input_file_ref idref="fl-5"/>
      </object_component>
      <object_component id="oc-6a">
         <name>.debug_frame</name>
         <load_address>0x308</load_address>
         <run_address>0x308</run_address>
         <size>0xee</size>
         <input_file_ref idref="fl-6"/>
      </object_component>
      <object_component id="oc-70">
         <name>.debug_frame</name>
         <load_address>0x3f6</load_address>
         <run_address>0x3f6</run_address>
         <size>0xbd2</size>
         <input_file_ref idref="fl-7"/>
      </object_component>
      <object_component id="oc-75">
         <name>.debug_frame</name>
         <load_address>0xfc8</load_address>
         <run_address>0xfc8</run_address>
         <size>0x8c</size>
         <input_file_ref idref="fl-8"/>
      </object_component>
      <object_component id="oc-7a">
         <name>.debug_frame</name>
         <load_address>0x1054</load_address>
         <run_address>0x1054</run_address>
         <size>0xa1</size>
         <input_file_ref idref="fl-9"/>
      </object_component>
      <object_component id="oc-a4">
         <name>.debug_frame</name>
         <load_address>0x10f5</load_address>
         <run_address>0x10f5</run_address>
         <size>0xa2</size>
         <input_file_ref idref="fl-b"/>
      </object_component>
      <object_component id="oc-a9">
         <name>.debug_frame</name>
         <load_address>0x1197</load_address>
         <run_address>0x1197</run_address>
         <size>0xa7</size>
         <input_file_ref idref="fl-c"/>
      </object_component>
      <object_component id="oc-ae">
         <name>.debug_frame</name>
         <load_address>0x123e</load_address>
         <run_address>0x123e</run_address>
         <size>0xb6</size>
         <input_file_ref idref="fl-d"/>
      </object_component>
      <object_component id="oc-b3">
         <name>.debug_frame</name>
         <load_address>0x12f4</load_address>
         <run_address>0x12f4</run_address>
         <size>0xa7</size>
         <input_file_ref idref="fl-e"/>
      </object_component>
      <object_component id="oc-b8">
         <name>.debug_frame</name>
         <load_address>0x139b</load_address>
         <run_address>0x139b</run_address>
         <size>0x8c</size>
         <input_file_ref idref="fl-f"/>
      </object_component>
      <object_component id="oc-bd">
         <name>.debug_frame</name>
         <load_address>0x1427</load_address>
         <run_address>0x1427</run_address>
         <size>0xa7</size>
         <input_file_ref idref="fl-10"/>
      </object_component>
      <object_component id="oc-c2">
         <name>.debug_frame</name>
         <load_address>0x14ce</load_address>
         <run_address>0x14ce</run_address>
         <size>0xe0</size>
         <input_file_ref idref="fl-11"/>
      </object_component>
      <object_component id="oc-c7">
         <name>.debug_frame</name>
         <load_address>0x15ae</load_address>
         <run_address>0x15ae</run_address>
         <size>0xb6</size>
         <input_file_ref idref="fl-12"/>
      </object_component>
      <object_component id="oc-d7">
         <name>.debug_frame</name>
         <load_address>0x1664</load_address>
         <run_address>0x1664</run_address>
         <size>0xa9</size>
         <input_file_ref idref="fl-15"/>
      </object_component>
      <object_component id="oc-dc">
         <name>.debug_frame</name>
         <load_address>0x170d</load_address>
         <run_address>0x170d</run_address>
         <size>0x165</size>
         <input_file_ref idref="fl-16"/>
      </object_component>
      <object_component id="oc-e3">
         <name>.debug_frame</name>
         <load_address>0x1872</load_address>
         <run_address>0x1872</run_address>
         <size>0xf5</size>
         <input_file_ref idref="fl-17"/>
      </object_component>
      <object_component id="oc-e8">
         <name>.debug_frame</name>
         <load_address>0x1967</load_address>
         <run_address>0x1967</run_address>
         <size>0xde</size>
         <input_file_ref idref="fl-18"/>
      </object_component>
      <object_component id="oc-ed">
         <name>.debug_frame</name>
         <load_address>0x1a45</load_address>
         <run_address>0x1a45</run_address>
         <size>0x1a7</size>
         <input_file_ref idref="fl-19"/>
      </object_component>
      <object_component id="oc-f4">
         <name>.debug_frame</name>
         <load_address>0x1bec</load_address>
         <run_address>0x1bec</run_address>
         <size>0x8c</size>
         <input_file_ref idref="fl-1a"/>
      </object_component>
      <object_component id="oc-fa">
         <name>.debug_frame</name>
         <load_address>0x1c78</load_address>
         <run_address>0x1c78</run_address>
         <size>0xe6</size>
         <input_file_ref idref="fl-1b"/>
      </object_component>
      <object_component id="oc-102">
         <name>.debug_frame</name>
         <load_address>0x1d5e</load_address>
         <run_address>0x1d5e</run_address>
         <size>0x164</size>
         <input_file_ref idref="fl-1c"/>
      </object_component>
      <object_component id="oc-10a">
         <name>.debug_frame</name>
         <load_address>0x1ec2</load_address>
         <run_address>0x1ec2</run_address>
         <size>0xea</size>
         <input_file_ref idref="fl-1d"/>
      </object_component>
      <object_component id="oc-111">
         <name>.debug_frame</name>
         <load_address>0x1fac</load_address>
         <run_address>0x1fac</run_address>
         <size>0xa5</size>
         <input_file_ref idref="fl-1e"/>
      </object_component>
      <object_component id="oc-118">
         <name>.debug_frame</name>
         <load_address>0x2051</load_address>
         <run_address>0x2051</run_address>
         <size>0x262</size>
         <input_file_ref idref="fl-1f"/>
      </object_component>
      <object_component id="oc-11f">
         <name>.debug_frame</name>
         <load_address>0x22b3</load_address>
         <run_address>0x22b3</run_address>
         <size>0xc3</size>
         <input_file_ref idref="fl-20"/>
      </object_component>
      <object_component id="oc-126">
         <name>.debug_frame</name>
         <load_address>0x2376</load_address>
         <run_address>0x2376</run_address>
         <size>0x116</size>
         <input_file_ref idref="fl-21"/>
      </object_component>
      <object_component id="oc-131">
         <name>.debug_frame</name>
         <load_address>0x248c</load_address>
         <run_address>0x248c</run_address>
         <size>0xba</size>
         <input_file_ref idref="fl-2d"/>
      </object_component>
      <object_component id="oc-13c">
         <name>.debug_frame</name>
         <load_address>0x2546</load_address>
         <run_address>0x2546</run_address>
         <size>0xa8</size>
         <input_file_ref idref="fl-2f"/>
      </object_component>
      <object_component id="oc-141">
         <name>.debug_frame</name>
         <load_address>0x25ee</load_address>
         <run_address>0x25ee</run_address>
         <size>0xa7</size>
         <input_file_ref idref="fl-30"/>
      </object_component>
      <object_component id="oc-14c">
         <name>.debug_frame</name>
         <load_address>0x2695</load_address>
         <run_address>0x2695</run_address>
         <size>0xbf</size>
         <input_file_ref idref="fl-32"/>
      </object_component>
      <object_component id="oc-156">
         <name>.debug_frame</name>
         <load_address>0x2754</load_address>
         <run_address>0x2754</run_address>
         <size>0xa1</size>
         <input_file_ref idref="fl-34"/>
      </object_component>
      <object_component id="oc-15c">
         <name>.debug_frame</name>
         <load_address>0x27f5</load_address>
         <run_address>0x27f5</run_address>
         <size>0xb1</size>
         <input_file_ref idref="fl-35"/>
      </object_component>
      <object_component id="oc-161">
         <name>.debug_frame</name>
         <load_address>0x28a6</load_address>
         <run_address>0x28a6</run_address>
         <size>0xa8</size>
         <input_file_ref idref="fl-36"/>
      </object_component>
      <object_component id="oc-166">
         <name>.debug_frame</name>
         <load_address>0x294e</load_address>
         <run_address>0x294e</run_address>
         <size>0xa8</size>
         <input_file_ref idref="fl-37"/>
      </object_component>
      <object_component id="oc-16b">
         <name>.debug_frame</name>
         <load_address>0x29f6</load_address>
         <run_address>0x29f6</run_address>
         <size>0xa1</size>
         <input_file_ref idref="fl-38"/>
      </object_component>
      <object_component id="oc-175">
         <name>.debug_frame</name>
         <load_address>0x2a97</load_address>
         <run_address>0x2a97</run_address>
         <size>0xcb</size>
         <input_file_ref idref="fl-3a"/>
      </object_component>
      <object_component id="oc-17a">
         <name>.debug_frame</name>
         <load_address>0x2b62</load_address>
         <run_address>0x2b62</run_address>
         <size>0xa1</size>
         <input_file_ref idref="fl-3b"/>
      </object_component>
      <object_component id="oc-57">
         <name>.debug_line</name>
         <load_address>0x0</load_address>
         <run_address>0x0</run_address>
         <size>0x5ba</size>
         <input_file_ref idref="fl-2"/>
      </object_component>
      <object_component id="oc-5c">
         <name>.debug_line</name>
         <load_address>0x5ba</load_address>
         <run_address>0x5ba</run_address>
         <size>0x3d</size>
         <input_file_ref idref="fl-3"/>
      </object_component>
      <object_component id="oc-61">
         <name>.debug_line</name>
         <load_address>0x5f7</load_address>
         <run_address>0x5f7</run_address>
         <size>0x50</size>
         <input_file_ref idref="fl-4"/>
      </object_component>
      <object_component id="oc-66">
         <name>.debug_line</name>
         <load_address>0x647</load_address>
         <run_address>0x647</run_address>
         <size>0x82</size>
         <input_file_ref idref="fl-5"/>
      </object_component>
      <object_component id="oc-6b">
         <name>.debug_line</name>
         <load_address>0x6c9</load_address>
         <run_address>0x6c9</run_address>
         <size>0x112</size>
         <input_file_ref idref="fl-6"/>
      </object_component>
      <object_component id="oc-71">
         <name>.debug_line</name>
         <load_address>0x7db</load_address>
         <run_address>0x7db</run_address>
         <size>0x73e</size>
         <input_file_ref idref="fl-7"/>
      </object_component>
      <object_component id="oc-76">
         <name>.debug_line</name>
         <load_address>0xf19</load_address>
         <run_address>0xf19</run_address>
         <size>0x3a</size>
         <input_file_ref idref="fl-8"/>
      </object_component>
      <object_component id="oc-7b">
         <name>.debug_line</name>
         <load_address>0xf53</load_address>
         <run_address>0xf53</run_address>
         <size>0x59</size>
         <input_file_ref idref="fl-9"/>
      </object_component>
      <object_component id="oc-a5">
         <name>.debug_line</name>
         <load_address>0xfac</load_address>
         <run_address>0xfac</run_address>
         <size>0x94</size>
         <input_file_ref idref="fl-b"/>
      </object_component>
      <object_component id="oc-aa">
         <name>.debug_line</name>
         <load_address>0x1040</load_address>
         <run_address>0x1040</run_address>
         <size>0x5e</size>
         <input_file_ref idref="fl-c"/>
      </object_component>
      <object_component id="oc-af">
         <name>.debug_line</name>
         <load_address>0x109e</load_address>
         <run_address>0x109e</run_address>
         <size>0x9c</size>
         <input_file_ref idref="fl-d"/>
      </object_component>
      <object_component id="oc-b4">
         <name>.debug_line</name>
         <load_address>0x113a</load_address>
         <run_address>0x113a</run_address>
         <size>0x6e</size>
         <input_file_ref idref="fl-e"/>
      </object_component>
      <object_component id="oc-b9">
         <name>.debug_line</name>
         <load_address>0x11a8</load_address>
         <run_address>0x11a8</run_address>
         <size>0x39</size>
         <input_file_ref idref="fl-f"/>
      </object_component>
      <object_component id="oc-be">
         <name>.debug_line</name>
         <load_address>0x11e1</load_address>
         <run_address>0x11e1</run_address>
         <size>0x65</size>
         <input_file_ref idref="fl-10"/>
      </object_component>
      <object_component id="oc-c3">
         <name>.debug_line</name>
         <load_address>0x1246</load_address>
         <run_address>0x1246</run_address>
         <size>0xa2</size>
         <input_file_ref idref="fl-11"/>
      </object_component>
      <object_component id="oc-c8">
         <name>.debug_line</name>
         <load_address>0x12e8</load_address>
         <run_address>0x12e8</run_address>
         <size>0xb8</size>
         <input_file_ref idref="fl-12"/>
      </object_component>
      <object_component id="oc-cd">
         <name>.debug_line</name>
         <load_address>0x13a0</load_address>
         <run_address>0x13a0</run_address>
         <size>0x4f</size>
         <input_file_ref idref="fl-13"/>
      </object_component>
      <object_component id="oc-d3">
         <name>.debug_line</name>
         <load_address>0x13ef</load_address>
         <run_address>0x13ef</run_address>
         <size>0x6e</size>
         <input_file_ref idref="fl-14"/>
      </object_component>
      <object_component id="oc-d8">
         <name>.debug_line</name>
         <load_address>0x145d</load_address>
         <run_address>0x145d</run_address>
         <size>0x8d</size>
         <input_file_ref idref="fl-15"/>
      </object_component>
      <object_component id="oc-dd">
         <name>.debug_line</name>
         <load_address>0x14ea</load_address>
         <run_address>0x14ea</run_address>
         <size>0x14a</size>
         <input_file_ref idref="fl-16"/>
      </object_component>
      <object_component id="oc-e4">
         <name>.debug_line</name>
         <load_address>0x1634</load_address>
         <run_address>0x1634</run_address>
         <size>0x16b</size>
         <input_file_ref idref="fl-17"/>
      </object_component>
      <object_component id="oc-e9">
         <name>.debug_line</name>
         <load_address>0x179f</load_address>
         <run_address>0x179f</run_address>
         <size>0x9e</size>
         <input_file_ref idref="fl-18"/>
      </object_component>
      <object_component id="oc-ee">
         <name>.debug_line</name>
         <load_address>0x183d</load_address>
         <run_address>0x183d</run_address>
         <size>0x266</size>
         <input_file_ref idref="fl-19"/>
      </object_component>
      <object_component id="oc-f5">
         <name>.debug_line</name>
         <load_address>0x1aa3</load_address>
         <run_address>0x1aa3</run_address>
         <size>0x3b</size>
         <input_file_ref idref="fl-1a"/>
      </object_component>
      <object_component id="oc-fb">
         <name>.debug_line</name>
         <load_address>0x1ade</load_address>
         <run_address>0x1ade</run_address>
         <size>0xb9</size>
         <input_file_ref idref="fl-1b"/>
      </object_component>
      <object_component id="oc-103">
         <name>.debug_line</name>
         <load_address>0x1b97</load_address>
         <run_address>0x1b97</run_address>
         <size>0x17e</size>
         <input_file_ref idref="fl-1c"/>
      </object_component>
      <object_component id="oc-10b">
         <name>.debug_line</name>
         <load_address>0x1d15</load_address>
         <run_address>0x1d15</run_address>
         <size>0x65</size>
         <input_file_ref idref="fl-1d"/>
      </object_component>
      <object_component id="oc-112">
         <name>.debug_line</name>
         <load_address>0x1d7a</load_address>
         <run_address>0x1d7a</run_address>
         <size>0x5f</size>
         <input_file_ref idref="fl-1e"/>
      </object_component>
      <object_component id="oc-119">
         <name>.debug_line</name>
         <load_address>0x1dd9</load_address>
         <run_address>0x1dd9</run_address>
         <size>0x61b</size>
         <input_file_ref idref="fl-1f"/>
      </object_component>
      <object_component id="oc-120">
         <name>.debug_line</name>
         <load_address>0x23f4</load_address>
         <run_address>0x23f4</run_address>
         <size>0xa9</size>
         <input_file_ref idref="fl-20"/>
      </object_component>
      <object_component id="oc-127">
         <name>.debug_line</name>
         <load_address>0x249d</load_address>
         <run_address>0x249d</run_address>
         <size>0x158</size>
         <input_file_ref idref="fl-21"/>
      </object_component>
      <object_component id="oc-12d">
         <name>.debug_line</name>
         <load_address>0x25f5</load_address>
         <run_address>0x25f5</run_address>
         <size>0x7e</size>
         <input_file_ref idref="fl-2c"/>
      </object_component>
      <object_component id="oc-132">
         <name>.debug_line</name>
         <load_address>0x2673</load_address>
         <run_address>0x2673</run_address>
         <size>0x6a</size>
         <input_file_ref idref="fl-2d"/>
      </object_component>
      <object_component id="oc-137">
         <name>.debug_line</name>
         <load_address>0x26dd</load_address>
         <run_address>0x26dd</run_address>
         <size>0x50</size>
         <input_file_ref idref="fl-2e"/>
      </object_component>
      <object_component id="oc-13d">
         <name>.debug_line</name>
         <load_address>0x272d</load_address>
         <run_address>0x272d</run_address>
         <size>0xa0</size>
         <input_file_ref idref="fl-2f"/>
      </object_component>
      <object_component id="oc-142">
         <name>.debug_line</name>
         <load_address>0x27cd</load_address>
         <run_address>0x27cd</run_address>
         <size>0x57</size>
         <input_file_ref idref="fl-30"/>
      </object_component>
      <object_component id="oc-14d">
         <name>.debug_line</name>
         <load_address>0x2824</load_address>
         <run_address>0x2824</run_address>
         <size>0x65</size>
         <input_file_ref idref="fl-32"/>
      </object_component>
      <object_component id="oc-152">
         <name>.debug_line</name>
         <load_address>0x2889</load_address>
         <run_address>0x2889</run_address>
         <size>0xad</size>
         <input_file_ref idref="fl-33"/>
      </object_component>
      <object_component id="oc-157">
         <name>.debug_line</name>
         <load_address>0x2936</load_address>
         <run_address>0x2936</run_address>
         <size>0x3e</size>
         <input_file_ref idref="fl-34"/>
      </object_component>
      <object_component id="oc-15d">
         <name>.debug_line</name>
         <load_address>0x2974</load_address>
         <run_address>0x2974</run_address>
         <size>0xa0</size>
         <input_file_ref idref="fl-35"/>
      </object_component>
      <object_component id="oc-162">
         <name>.debug_line</name>
         <load_address>0x2a14</load_address>
         <run_address>0x2a14</run_address>
         <size>0x50</size>
         <input_file_ref idref="fl-36"/>
      </object_component>
      <object_component id="oc-167">
         <name>.debug_line</name>
         <load_address>0x2a64</load_address>
         <run_address>0x2a64</run_address>
         <size>0x63</size>
         <input_file_ref idref="fl-37"/>
      </object_component>
      <object_component id="oc-16c">
         <name>.debug_line</name>
         <load_address>0x2ac7</load_address>
         <run_address>0x2ac7</run_address>
         <size>0x3a</size>
         <input_file_ref idref="fl-38"/>
      </object_component>
      <object_component id="oc-171">
         <name>.debug_line</name>
         <load_address>0x2b01</load_address>
         <run_address>0x2b01</run_address>
         <size>0x4f</size>
         <input_file_ref idref="fl-39"/>
      </object_component>
      <object_component id="oc-176">
         <name>.debug_line</name>
         <load_address>0x2b50</load_address>
         <run_address>0x2b50</run_address>
         <size>0x5e</size>
         <input_file_ref idref="fl-3a"/>
      </object_component>
      <object_component id="oc-17b">
         <name>.debug_line</name>
         <load_address>0x2bae</load_address>
         <run_address>0x2bae</run_address>
         <size>0x55</size>
         <input_file_ref idref="fl-3b"/>
      </object_component>
      <object_component id="oc-58">
         <name>.debug_abbrev</name>
         <load_address>0x0</load_address>
         <run_address>0x0</run_address>
         <size>0x17b</size>
         <input_file_ref idref="fl-2"/>
      </object_component>
      <object_component id="oc-5d">
         <name>.debug_abbrev</name>
         <load_address>0x17b</load_address>
         <run_address>0x17b</run_address>
         <size>0xc1</size>
         <input_file_ref idref="fl-3"/>
      </object_component>
      <object_component id="oc-62">
         <name>.debug_abbrev</name>
         <load_address>0x23c</load_address>
         <run_address>0x23c</run_address>
         <size>0x2f</size>
         <input_file_ref idref="fl-4"/>
      </object_component>
      <object_component id="oc-67">
         <name>.debug_abbrev</name>
         <load_address>0x26b</load_address>
         <run_address>0x26b</run_address>
         <size>0xdc</size>
         <input_file_ref idref="fl-5"/>
      </object_component>
      <object_component id="oc-6c">
         <name>.debug_abbrev</name>
         <load_address>0x347</load_address>
         <run_address>0x347</run_address>
         <size>0x146</size>
         <input_file_ref idref="fl-6"/>
      </object_component>
      <object_component id="oc-72">
         <name>.debug_abbrev</name>
         <load_address>0x48d</load_address>
         <run_address>0x48d</run_address>
         <size>0xa8</size>
         <input_file_ref idref="fl-7"/>
      </object_component>
      <object_component id="oc-77">
         <name>.debug_abbrev</name>
         <load_address>0x535</load_address>
         <run_address>0x535</run_address>
         <size>0xea</size>
         <input_file_ref idref="fl-8"/>
      </object_component>
      <object_component id="oc-7c">
         <name>.debug_abbrev</name>
         <load_address>0x61f</load_address>
         <run_address>0x61f</run_address>
         <size>0xc8</size>
         <input_file_ref idref="fl-9"/>
      </object_component>
      <object_component id="oc-a2">
         <name>.debug_abbrev</name>
         <load_address>0x6e7</load_address>
         <run_address>0x6e7</run_address>
         <size>0xb7</size>
         <input_file_ref idref="fl-a"/>
      </object_component>
      <object_component id="oc-a6">
         <name>.debug_abbrev</name>
         <load_address>0x79e</load_address>
         <run_address>0x79e</run_address>
         <size>0xdc</size>
         <input_file_ref idref="fl-b"/>
      </object_component>
      <object_component id="oc-ab">
         <name>.debug_abbrev</name>
         <load_address>0x87a</load_address>
         <run_address>0x87a</run_address>
         <size>0x93</size>
         <input_file_ref idref="fl-c"/>
      </object_component>
      <object_component id="oc-b0">
         <name>.debug_abbrev</name>
         <load_address>0x90d</load_address>
         <run_address>0x90d</run_address>
         <size>0xdc</size>
         <input_file_ref idref="fl-d"/>
      </object_component>
      <object_component id="oc-b5">
         <name>.debug_abbrev</name>
         <load_address>0x9e9</load_address>
         <run_address>0x9e9</run_address>
         <size>0xe5</size>
         <input_file_ref idref="fl-e"/>
[...]
      </symbol>
      <symbol id="sm-41a">
         <name>_fnSysFaultReset</name>
         <value>0x320a8a</value>
         <object_component_ref idref="oc-188"/>
      </symbol>
      <symbol id="sm-42c">
         <name>_Vc1</name>
         <value>0xf280</value>
         <object_component_ref idref="oc-108"/>
      </symbol>
      <symbol id="sm-42d">
         <name>_fTimeCount</name>
         <value>0xf240</value>
         <object_component_ref idref="oc-108"/>
      </symbol>
      <symbol id="sm-42e">
         <name>_SysCtl_ISR</name>
         <value>0x3216bc</value>
         <object_component_ref idref="oc-109"/>
      </symbol>
      <symbol id="sm-452">
         <name>_main</name>
         <value>0x321670</value>
         <object_component_ref idref="oc-191"/>
      </symbol>
      <symbol id="sm-453">
         <name>_SysProParamReg</name>
         <value>0xd004</value>
         <object_component_ref idref="oc-110"/>
      </symbol>
      <symbol id="sm-454">
         <name>_EncoderSpeed</name>
         <value>0xd140</value>
         <object_component_ref idref="oc-110"/>
      </symbol>
      <symbol id="sm-455">
         <name>_FreRefLimit</name>
         <value>0xd008</value>
         <object_component_ref idref="oc-110"/>
      </symbol>
      <symbol id="sm-456">
         <name>_SysRatedParameter</name>
         <value>0xd054</value>
         <object_component_ref idref="oc-110"/>
      </symbol>
      <symbol id="sm-457">
         <name>_SysBaseValue</name>
         <value>0xd080</value>
         <object_component_ref idref="oc-110"/>
      </symbol>
      <symbol id="sm-458">
         <name>_data</name>
         <value>0xd002</value>
         <object_component_ref idref="oc-110"/>
      </symbol>
      <symbol id="sm-459">
         <name>_data_t</name>
         <value>0xd09e</value>
         <object_component_ref idref="oc-110"/>
      </symbol>
      <symbol id="sm-45a">
         <name>_DSPFaultCodeReg</name>
         <value>0xd003</value>
         <object_component_ref idref="oc-110"/>
      </symbol>
      <symbol id="sm-45b">
         <name>_SysSamScaParameter</name>
         <value>0xd014</value>
         <object_component_ref idref="oc-110"/>
      </symbol>
      <symbol id="sm-45c">
         <name>_SysMoore</name>
         <value>0xd00e</value>
         <object_component_ref idref="oc-110"/>
      </symbol>
      <symbol id="sm-45d">
         <name>_SysCtlReg</name>
         <value>0xd000</value>
         <object_component_ref idref="oc-110"/>
      </symbol>
      <symbol id="sm-45e">
         <name>_VFDCurrClark</name>
         <value>0xd040</value>
         <object_component_ref idref="oc-110"/>
      </symbol>
      <symbol id="sm-45f">
         <name>_FreRefCurveOut</name>
         <value>0xd01c</value>
         <object_component_ref idref="oc-110"/>
      </symbol>
      <symbol id="sm-460">
         <name>_SysLVDebug</name>
         <value>0xd026</value>
         <object_component_ref idref="oc-110"/>
      </symbol>
      <symbol id="sm-461">
         <name>_FreLampCurve</name>
         <value>0xd0c0</value>
         <object_component_ref idref="oc-110"/>
      </symbol>
      <symbol id="sm-462">
         <name>_ScopeDATAUpdate</name>
         <value>0xd1c0</value>
         <object_component_ref idref="oc-110"/>
      </symbol>
      <symbol id="sm-463">
         <name>_SysSampOffset</name>
         <value>0xd180</value>
         <object_component_ref idref="oc-110"/>
      </symbol>
      <symbol id="sm-464">
         <name>_SysErrIndexReg</name>
         <value>0xd001</value>
         <object_component_ref idref="oc-110"/>
      </symbol>
      <symbol id="sm-465">
         <name>_sInComm</name>
         <value>0xd200</value>
         <object_component_ref idref="oc-110"/>
      </symbol>
      <symbol id="sm-466">
         <name>_FreRefCurve</name>
         <value>0xd100</value>
         <object_component_ref idref="oc-110"/>
      </symbol>
      <symbol id="sm-4ba">
         <name>_lpf_isq</name>
         <value>0xeec0</value>
         <object_component_ref idref="oc-117"/>
      </symbol>
      <symbol id="sm-4bb">
         <name>_lpf_isd</name>
         <value>0xeee4</value>
         <object_component_ref idref="oc-117"/>
      </symbol>
      <symbol id="sm-4bc">
         <name>_clarke_calc</name>
         <value>0x8ba3</value>
         <object_component_ref idref="oc-185"/>
      </symbol>
      <symbol id="sm-4bd">
         <name>_pi_speed</name>
         <value>0xf01a</value>
         <object_component_ref idref="oc-117"/>
      </symbol>
      <symbol id="sm-4be">
         <name>_Vector_ctrl_Para_Set</name>
         <value>0x320195</value>
         <object_component_ref idref="oc-184"/>
      </symbol>
      <symbol id="sm-4bf">
         <name>_para2</name>
         <value>0xf040</value>
         <object_component_ref idref="oc-117"/>
      </symbol>
      <symbol id="sm-4c0">
         <name>_lpf_isq_ref</name>
         <value>0xeecc</value>
         <object_component_ref idref="oc-117"/>
      </symbol>
      <symbol id="sm-4c1">
         <name>_lpfi_calc</name>
         <value>0x8c45</value>
         <object_component_ref idref="oc-185"/>
      </symbol>
      <symbol id="sm-4c2">
         <name>_Vector_ctrl_ResetTs</name>
         <value>0x32014a</value>
         <object_component_ref idref="oc-184"/>
      </symbol>
      <symbol id="sm-4c3">
         <name>_lpf_w</name>
         <value>0xef0c</value>
         <object_component_ref idref="oc-117"/>
      </symbol>
      <symbol id="sm-4c4">
         <name>_clarke1</name>
         <value>0xef32</value>
         <object_component_ref idref="oc-117"/>
      </symbol>
      <symbol id="sm-4c5">
         <name>_para</name>
         <value>0xf180</value>
         <object_component_ref idref="oc-117"/>
      </symbol>
      <symbol id="sm-4c6">
         <name>_Vector_ctrl_calc</name>
         <value>0x802f</value>
         <object_component_ref idref="oc-185"/>
      </symbol>
      <symbol id="sm-4c7">
         <name>_pi_isq</name>
         <value>0xefc0</value>
         <object_component_ref idref="oc-117"/>
      </symbol>
      <symbol id="sm-4c8">
         <name>_pi_isd</name>
         <value>0xf000</value>
         <object_component_ref idref="oc-117"/>
      </symbol>
      <symbol id="sm-4c9">
         <name>_iclarke1</name>
         <value>0xef40</value>
         <object_component_ref idref="oc-117"/>
      </symbol>
      <symbol id="sm-4ca">
         <name>_iclarke2</name>
         <value>0xef24</value>
         <object_component_ref idref="oc-117"/>
      </symbol>
      <symbol id="sm-4cb">
         <name>_lpf_w_ref</name>
         <value>0xef18</value>
         <object_component_ref idref="oc-117"/>
      </symbol>
      <symbol id="sm-4cc">
         <name>_Para_derive</name>
         <value>0x87cc</value>
         <object_component_ref idref="oc-185"/>
      </symbol>
      <symbol id="sm-4cd">
         <name>_Vector_ctrl_init</name>
         <value>0x320199</value>
         <object_component_ref idref="oc-184"/>
      </symbol>
      <symbol id="sm-4ce">
         <name>_mras</name>
         <value>0xf080</value>
         <object_component_ref idref="oc-117"/>
      </symbol>
      <symbol id="sm-4cf">
         <name>_pi_posi</name>
         <value>0xef92</value>
         <object_component_ref idref="oc-117"/>
      </symbol>
      <symbol id="sm-4d0">
         <name>_lpf_isd_ref</name>
         <value>0xeed8</value>
         <object_component_ref idref="oc-117"/>
      </symbol>
      <symbol id="sm-4d1">
         <name>_pi_fun_calc</name>
         <value>0x8d11</value>
         <object_component_ref idref="oc-185"/>
      </symbol>
      <symbol id="sm-4d2">
         <name>_pi_flux_w</name>
         <value>0xefda</value>
         <object_component_ref idref="oc-117"/>
      </symbol>
      <symbol id="sm-4d3">
         <name>_pi_speed_const</name>
         <value>0xeef0</value>
         <object_component_ref idref="oc-117"/>
      </symbol>
      <symbol id="sm-4d4">
         <name>_pi_speed_calc</name>
         <value>0x8c6b</value>
         <object_component_ref idref="oc-185"/>
      </symbol>
      <symbol id="sm-4d5">
         <name>_fe1</name>
         <value>0xf100</value>
         <object_component_ref idref="oc-117"/>
      </symbol>
      <symbol id="sm-4d6">
         <name>_ipark1</name>
         <value>0xef4e</value>
         <object_component_ref idref="oc-117"/>
      </symbol>
      <symbol id="sm-4d7">
         <name>_ipark2</name>
         <value>0xef5e</value>
         <object_component_ref idref="oc-117"/>
      </symbol>
      <symbol id="sm-4d8">
         <name>_iclarke_calc</name>
         <value>0x8bdd</value>
         <object_component_ref idref="oc-185"/>
      </symbol>
      <symbol id="sm-4d9">
         <name>_pi_speed_const_calc</name>
         <value>0x3204d1</value>
         <object_component_ref idref="oc-184"/>
      </symbol>
      <symbol id="sm-4da">
         <name>_lpf_calc</name>
         <value>0x8c22</value>
         <object_component_ref idref="oc-185"/>
      </symbol>
      <symbol id="sm-4db">
         <name>_lpf_mras_w</name>
         <value>0xef00</value>
         <object_component_ref idref="oc-117"/>
      </symbol>
      <symbol id="sm-4dc">
         <name>_park1</name>
         <value>0xef6e</value>
         <object_component_ref idref="oc-117"/>
      </symbol>
      <symbol id="sm-4dd">
         <name>_ipark_calc</name>
         <value>0x8b6b</value>
         <object_component_ref idref="oc-185"/>
      </symbol>
      <symbol id="sm-4de">
         <name>_pi_current_const_calc</name>
         <value>0x3204fd</value>
         <object_component_ref idref="oc-184"/>
      </symbol>
      <symbol id="sm-4df">
         <name>_Vector_ctrl_reset</name>
         <value>0x8000</value>
         <object_component_ref idref="oc-185"/>
      </symbol>
      <symbol id="sm-4e0">
         <name>_park_calc</name>
         <value>0x8b36</value>
         <object_component_ref idref="oc-185"/>
      </symbol>
      <symbol id="sm-4e1">
         <name>_pi_flux_calc</name>
         <value>0x32051d</value>
         <object_component_ref idref="oc-184"/>
      </symbol>
      <symbol id="sm-4e2">
         <name>_pi_current_const</name>
         <value>0xef80</value>
         <object_component_ref idref="oc-117"/>
      </symbol>
      <symbol id="sm-4f9">
         <name>_pfnEncoderSpeedcalc</name>
         <value>0x980f</value>
         <object_component_ref idref="oc-18a"/>
      </symbol>
      <symbol id="sm-4fa">
         <name>_pfnEncoderSpeedinit</name>
         <value>0x32187d</value>
         <object_component_ref idref="oc-18b"/>
      </symbol>
      <symbol id="sm-4fb">
         <name>_uSpdCun</name>
         <value>0xf220</value>
         <object_component_ref idref="oc-11e"/>
      </symbol>
      <symbol id="sm-4fc">
         <name>_YDmulti_Aencoder</name>
         <value>0xf224</value>
         <object_component_ref idref="oc-11e"/>
      </symbol>
      <symbol id="sm-4fd">
         <name>_YDmulti_Zencoder</name>
         <value>0xf222</value>
         <object_component_ref idref="oc-11e"/>
      </symbol>
      <symbol id="sm-4fe">
         <name>_uRodCun</name>
         <value>0xf221</value>
         <object_component_ref idref="oc-11e"/>
      </symbol>
      <symbol id="sm-4ff">
         <name>_YDmulti_Bencoder</name>
         <value>0xf226</value>
         <object_component_ref idref="oc-11e"/>
      </symbol>
      <symbol id="sm-524">
         <name>_lpf_al_fe_i</name>
         <value>0xf458</value>
         <object_component_ref idref="oc-125"/>
      </symbol>
      <symbol id="sm-525">
         <name>_lpfpf_al_er</name>
         <value>0xf4a4</value>
         <object_component_ref idref="oc-125"/>
      </symbol>
      <symbol id="sm-526">
         <name>_lpf_al_er</name>
         <value>0xf48c</value>
         <object_component_ref idref="oc-125"/>
      </symbol>
      <symbol id="sm-527">
         <name>_lpfi_al</name>
         <value>0xf440</value>
         <object_component_ref idref="oc-125"/>
      </symbol>
      <symbol id="sm-528">
         <name>_flux_estimate</name>
         <value>0x8db7</value>
         <object_component_ref idref="oc-190"/>
      </symbol>
      <symbol id="sm-529">
         <name>_lpfi_be</name>
         <value>0xf464</value>
         <object_component_ref idref="oc-125"/>
      </symbol>
      <symbol id="sm-52a">
         <name>_fe_lpf_calc</name>
         <value>0x923b</value>
         <object_component_ref idref="oc-190"/>
      </symbol>
      <symbol id="sm-52b">
         <name>_flux_estimate_init</name>
         <value>0x3212e2</value>
         <object_component_ref idref="oc-18f"/>
      </symbol>
      <symbol id="sm-52c">
         <name>_lpf_be_fe_i</name>
         <value>0xf470</value>
         <object_component_ref idref="oc-125"/>
      </symbol>
      <symbol id="sm-52d">
         <name>_fe_lpfi_calc</name>
         <value>0x925e</value>
         <object_component_ref idref="oc-190"/>
      </symbol>
      <symbol id="sm-52e">
         <name>_lpfpf_be_er</name>
         <value>0xf498</value>
         <object_component_ref idref="oc-125"/>
      </symbol>
      <symbol id="sm-52f">
         <name>_lpf_be_er</name>
         <value>0xf480</value>
         <object_component_ref idref="oc-125"/>
      </symbol>
      <symbol id="sm-530">
         <name>_lpfpfpf_be_er</name>
         <value>0xf44c</value>
         <object_component_ref idref="oc-125"/>
      </symbol>
      <symbol id="sm-531">
         <name>_flux_estimate_reset</name>
         <value>0x3212b5</value>
         <object_component_ref idref="oc-18f"/>
      </symbol>
      <symbol id="sm-532">
         <name>_lpfpfpf_al_er</name>
         <value>0xf4b0</value>
         <object_component_ref idref="oc-125"/>
      </symbol>
      <symbol id="sm-54f">
         <name>_c_int00</name>
         <value>0x32161a</value>
         <object_component_ref idref="oc-52"/>
      </symbol>
      <symbol id="sm-550">
         <name>__stack</name>
         <value>0x400</value>
         <object_component_ref idref="oc-12a"/>
      </symbol>
      <symbol id="sm-566">
         <name>_copy_in</name>
         <value>0x321702</value>
         <object_component_ref idref="oc-17f"/>
      </symbol>
      <symbol id="sm-575">
         <name>_ppcopy</name>
         <value>0x321837</value>
         <object_component_ref idref="oc-135"/>
      </symbol>
      <symbol id="sm-576">
         <name>_dpcopy</name>
         <value>0x321837</value>
         <object_component_ref idref="oc-135"/>
      </symbol>
      <symbol id="sm-577">
         <name>_pdcopy</name>
         <value>0x321837</value>
         <object_component_ref idref="oc-135"/>
      </symbol>
      <symbol id="sm-578">
         <name>_ddcopy</name>
         <value>0x321837</value>
         <object_component_ref idref="oc-135"/>
      </symbol>
      <symbol id="sm-5a8">
         <name>_atan2f</name>
         <value>0x320f83</value>
         <object_component_ref idref="oc-19a"/>
      </symbol>
      <symbol id="sm-5a9">
         <name>_atan2</name>
         <value>0x320f83</value>
         <object_component_ref idref="oc-19a"/>
      </symbol>
      <symbol id="sm-5ba">
         <name>_sqrtf</name>
         <value>0x3217b6</value>
         <object_component_ref idref="oc-199"/>
      </symbol>
      <symbol id="sm-5bb">
         <name>_sqrt</name>
         <value>0x3217b6</value>
         <object_component_ref idref="oc-199"/>
      </symbol>
      <symbol id="sm-5c6">
         <name>_errno</name>
         <value>0xf237</value>
         <object_component_ref idref="oc-147"/>
      </symbol>
      <symbol id="sm-5db">
         <name>C$$EXIT</name>
         <value>0x32178d</value>
         <object_component_ref idref="oc-182"/>
      </symbol>
      <symbol id="sm-5dc">
         <name>_exit</name>
         <value>0x32178f</value>
         <object_component_ref idref="oc-182"/>
      </symbol>
      <symbol id="sm-5dd">
         <name>___TI_cleanup_ptr</name>
         <value>0xf22a</value>
         <object_component_ref idref="oc-14b"/>
      </symbol>
      <symbol id="sm-5de">
         <name>___TI_enable_exit_profile_output</name>
         <value>0xf228</value>
         <object_component_ref idref="oc-14b"/>
      </symbol>
      <symbol id="sm-5df">
         <name>_abort</name>
         <value>0x32178d</value>
         <object_component_ref idref="oc-182"/>
      </symbol>
      <symbol id="sm-5e0">
         <name>___TI_dtors_ptr</name>
         <value>0xf22c</value>
         <object_component_ref idref="oc-14b"/>
      </symbol>
      <symbol id="sm-5f1">
         <name>FS$$DIV</name>
         <value>0x321469</value>
         <object_component_ref idref="oc-150"/>
      </symbol>
      <symbol id="sm-5fe">
         <name>__system_pre_init</name>
         <value>0x3218a4</value>
         <object_component_ref idref="oc-17e"/>
      </symbol>
      <symbol id="sm-624">
         <name>_atan</name>
         <value>0x32112a</value>
         <object_component_ref idref="oc-19f"/>
      </symbol>
      <symbol id="sm-625">
         <name>_atanf</name>
         <value>0x32112a</value>
         <object_component_ref idref="oc-19f"/>
      </symbol>
      <symbol id="sm-634">
         <name>_cos</name>
         <value>0x321561</value>
         <object_component_ref idref="oc-195"/>
      </symbol>
      <symbol id="sm-635">
         <name>_cosf</name>
         <value>0x321561</value>
         <object_component_ref idref="oc-195"/>
      </symbol>
      <symbol id="sm-643">
         <name>_sin</name>
         <value>0x3215c2</value>
         <object_component_ref idref="oc-194"/>
      </symbol>
      <symbol id="sm-644">
         <name>_sinf</name>
         <value>0x3215c2</value>
         <object_component_ref idref="oc-194"/>
      </symbol>
      <symbol id="sm-651">
         <name>__system_post_cinit</name>
         <value>0x3218a6</value>
         <object_component_ref idref="oc-180"/>
      </symbol>
      <symbol id="sm-65d">
         <name>U$$MOD</name>
         <value>0x32188d</value>
         <object_component_ref idref="oc-16f"/>
      </symbol>
      <symbol id="sm-65e">
         <name>U$$DIV</name>
         <value>0x321888</value>
         <object_component_ref idref="oc-16f"/>
      </symbol>
      <symbol id="sm-673">
         <name>__unlock</name>
         <value>0xf234</value>
         <object_component_ref idref="oc-1a7"/>
      </symbol>
      <symbol id="sm-674">
         <name>__lock</name>
         <value>0xf232</value>
         <object_component_ref idref="oc-192"/>
      </symbol>
      <symbol id="sm-675">
         <name>__register_lock</name>
         <value>0x321897</value>
         <object_component_ref idref="oc-19d"/>
      </symbol>
      <symbol id="sm-676">
         <name>__nop</name>
         <value>0x32189b</value>
         <object_component_ref idref="oc-19d"/>
      </symbol>
      <symbol id="sm-677">
         <name>__register_unlock</name>
         <value>0x321893</value>
         <object_component_ref idref="oc-19d"/>
      </symbol>
      <symbol id="sm-687">
         <name>__args_main</name>
         <value>0x321851</value>
         <object_component_ref idref="oc-181"/>
      </symbol>
   </symbol_table>
   <title>Link successful</title>
</link_info>
